[0.018s] Invoking command in '/opt/erc_ws/build/omni_base_bringup': AMENT_PREFIX_PATH=/opt/erc_ws/install/omni_base_description:/opt/erc_ws/install/pal_urdf_utils:/opt/erc_ws/install/omni_base_controller_configuration:/opt/erc_ws/install/launch_pal:${AMENT_PREFIX_PATH} CMAKE_PREFIX_PATH=/opt/erc_ws/install/omni_base_description:/opt/erc_ws/install/pal_urdf_utils:/opt/erc_ws/install/omni_base_controller_configuration:/opt/erc_ws/install/erc_solution:/opt/ros/humble PYTHONPATH=/opt/erc_ws/install/omni_base_description/local/lib/python3.10/dist-packages:/opt/erc_ws/install/launch_pal/lib/python3.10/site-packages:${PYTHONPATH} /usr/bin/cmake /opt/erc_ws/src/omni_base_robot/omni_base_bringup -DCMAKE_INSTALL_PREFIX=/opt/erc_ws/install/omni_base_bringup
[0.057s] -- The C compiler identification is GNU 11.4.0
[0.099s] -- The CXX compiler identification is GNU 11.4.0
[0.104s] -- Detecting C compiler ABI info
[0.158s] -- Detecting C compiler ABI info - done
[0.163s] -- Check for working C compiler: /usr/bin/cc - skipped
[0.163s] -- Detecting C compile features
[0.164s] -- Detecting C compile features - done
[0.166s] -- Detecting CXX compiler ABI info
[0.227s] -- Detecting CXX compiler ABI info - done
[0.233s] -- Check for working CXX compiler: /usr/bin/c++ - skipped
[0.233s] -- Detecting CXX compile features
[0.234s] -- Detecting CXX compile features - done
[0.236s] -- Found ament_cmake_auto: 1.3.14 (/opt/ros/humble/share/ament_cmake_auto/cmake)
[0.361s] -- Found Python3: /usr/bin/python3 (found version "3.10.12") found components: Interpreter 
[0.536s] -- Found ament_lint_auto: 0.12.15 (/opt/ros/humble/share/ament_lint_auto/cmake)
[0.562s] -- Added test 'copyright' to check source files copyright and LICENSE
[0.563s] -- Added test 'flake8' to check Python code syntax and style conventions
[0.564s] -- Added test 'lint_cmake' to check CMake code style
[0.565s] -- Added test 'pep257' to check Python code against some of the docstring style conventions in PEP 257
[0.567s] -- Added test 'xmllint' to check XML markup files
[0.572s] -- Configuring done
[0.574s] -- Generating done
[0.576s] -- Build files have been written to: /opt/erc_ws/build/omni_base_bringup
[0.582s] Invoked command in '/opt/erc_ws/build/omni_base_bringup' returned '0': AMENT_PREFIX_PATH=/opt/erc_ws/install/omni_base_description:/opt/erc_ws/install/pal_urdf_utils:/opt/erc_ws/install/omni_base_controller_configuration:/opt/erc_ws/install/launch_pal:${AMENT_PREFIX_PATH} CMAKE_PREFIX_PATH=/opt/erc_ws/install/omni_base_description:/opt/erc_ws/install/pal_urdf_utils:/opt/erc_ws/install/omni_base_controller_configuration:/opt/erc_ws/install/erc_solution:/opt/ros/humble PYTHONPATH=/opt/erc_ws/install/omni_base_description/local/lib/python3.10/dist-packages:/opt/erc_ws/install/launch_pal/lib/python3.10/site-packages:${PYTHONPATH} /usr/bin/cmake /opt/erc_ws/src/omni_base_robot/omni_base_bringup -DCMAKE_INSTALL_PREFIX=/opt/erc_ws/install/omni_base_bringup
[0.583s] Invoking command in '/opt/erc_ws/build/omni_base_bringup': AMENT_PREFIX_PATH=/opt/erc_ws/install/omni_base_description:/opt/erc_ws/install/pal_urdf_utils:/opt/erc_ws/install/omni_base_controller_configuration:/opt/erc_ws/install/launch_pal:${AMENT_PREFIX_PATH} CMAKE_PREFIX_PATH=/opt/erc_ws/install/omni_base_description:/opt/erc_ws/install/pal_urdf_utils:/opt/erc_ws/install/omni_base_controller_configuration:/opt/erc_ws/install/erc_solution:/opt/ros/humble PYTHONPATH=/opt/erc_ws/install/omni_base_description/local/lib/python3.10/dist-packages:/opt/erc_ws/install/launch_pal/lib/python3.10/site-packages:${PYTHONPATH} /usr/bin/cmake --build /opt/erc_ws/build/omni_base_bringup -- -j16 -l16
[0.640s] Invoked command in '/opt/erc_ws/build/omni_base_bringup' returned '0': AMENT_PREFIX_PATH=/opt/erc_ws/install/omni_base_description:/opt/erc_ws/install/pal_urdf_utils:/opt/erc_ws/install/omni_base_controller_configuration:/opt/erc_ws/install/launch_pal:${AMENT_PREFIX_PATH} CMAKE_PREFIX_PATH=/opt/erc_ws/install/omni_base_description:/opt/erc_ws/install/pal_urdf_utils:/opt/erc_ws/install/omni_base_controller_configuration:/opt/erc_ws/install/erc_solution:/opt/ros/humble PYTHONPATH=/opt/erc_ws/install/omni_base_description/local/lib/python3.10/dist-packages:/opt/erc_ws/install/launch_pal/lib/python3.10/site-packages:${PYTHONPATH} /usr/bin/cmake --build /opt/erc_ws/build/omni_base_bringup -- -j16 -l16
[0.646s] Invoking command in '/opt/erc_ws/build/omni_base_bringup': AMENT_PREFIX_PATH=/opt/erc_ws/install/omni_base_description:/opt/erc_ws/install/pal_urdf_utils:/opt/erc_ws/install/omni_base_controller_configuration:/opt/erc_ws/install/launch_pal:${AMENT_PREFIX_PATH} CMAKE_PREFIX_PATH=/opt/erc_ws/install/omni_base_description:/opt/erc_ws/install/pal_urdf_utils:/opt/erc_ws/install/omni_base_controller_configuration:/opt/erc_ws/install/erc_solution:/opt/ros/humble PYTHONPATH=/opt/erc_ws/install/omni_base_description/local/lib/python3.10/dist-packages:/opt/erc_ws/install/launch_pal/lib/python3.10/site-packages:${PYTHONPATH} /usr/bin/cmake --install /opt/erc_ws/build/omni_base_bringup
[0.651s] -- Install configuration: ""
[0.651s] -- Installing: /opt/erc_ws/install/omni_base_bringup/share/omni_base_bringup/config
[0.651s] -- Installing: /opt/erc_ws/install/omni_base_bringup/share/omni_base_bringup/config/joy_teleop
[0.651s] -- Installing: /opt/erc_ws/install/omni_base_bringup/share/omni_base_bringup/config/joy_teleop/joystick_analyzers.yaml
[0.652s] -- Installing: /opt/erc_ws/install/omni_base_bringup/share/omni_base_bringup/config/twist_mux
[0.652s] -- Installing: /opt/erc_ws/install/omni_base_bringup/share/omni_base_bringup/config/twist_mux/joystick.yaml
[0.652s] -- Installing: /opt/erc_ws/install/omni_base_bringup/share/omni_base_bringup/config/twist_mux/twist_mux_locks.yaml
[0.653s] -- Installing: /opt/erc_ws/install/omni_base_bringup/share/omni_base_bringup/config/twist_mux/twist_mux_topics.yaml
[0.653s] -- Installing: /opt/erc_ws/install/omni_base_bringup/share/omni_base_bringup/config/twist_mux/twist_mux_analyzers.yaml
[0.653s] -- Installing: /opt/erc_ws/install/omni_base_bringup/share/omni_base_bringup/launch
[0.654s] -- Installing: /opt/erc_ws/install/omni_base_bringup/share/omni_base_bringup/launch/twist_mux.launch.py
[0.654s] -- Installing: /opt/erc_ws/install/omni_base_bringup/share/omni_base_bringup/launch/omni_base_bringup.launch.py
[0.654s] -- Installing: /opt/erc_ws/install/omni_base_bringup/share/omni_base_bringup/launch/joystick_teleop.launch.py
[0.654s] -- Installing: /opt/erc_ws/install/omni_base_bringup/share/ament_index/resource_index/package_run_dependencies/omni_base_bringup
[0.654s] -- Installing: /opt/erc_ws/install/omni_base_bringup/share/ament_index/resource_index/parent_prefix_path/omni_base_bringup
[0.654s] -- Installing: /opt/erc_ws/install/omni_base_bringup/share/omni_base_bringup/environment/ament_prefix_path.sh
[0.655s] -- Installing: /opt/erc_ws/install/omni_base_bringup/share/omni_base_bringup/environment/ament_prefix_path.dsv
[0.655s] -- Installing: /opt/erc_ws/install/omni_base_bringup/share/omni_base_bringup/environment/path.sh
[0.655s] -- Installing: /opt/erc_ws/install/omni_base_bringup/share/omni_base_bringup/environment/path.dsv
[0.655s] -- Installing: /opt/erc_ws/install/omni_base_bringup/share/omni_base_bringup/local_setup.bash
[0.655s] -- Installing: /opt/erc_ws/install/omni_base_bringup/share/omni_base_bringup/local_setup.sh
[0.655s] -- Installing: /opt/erc_ws/install/omni_base_bringup/share/omni_base_bringup/local_setup.zsh
[0.655s] -- Installing: /opt/erc_ws/install/omni_base_bringup/share/omni_base_bringup/local_setup.dsv
[0.656s] -- Installing: /opt/erc_ws/install/omni_base_bringup/share/omni_base_bringup/package.dsv
[0.656s] -- Installing: /opt/erc_ws/install/omni_base_bringup/share/ament_index/resource_index/packages/omni_base_bringup
[0.656s] -- Installing: /opt/erc_ws/install/omni_base_bringup/share/omni_base_bringup/cmake/omni_base_bringupConfig.cmake
[0.656s] -- Installing: /opt/erc_ws/install/omni_base_bringup/share/omni_base_bringup/cmake/omni_base_bringupConfig-version.cmake
[0.656s] -- Installing: /opt/erc_ws/install/omni_base_bringup/share/omni_base_bringup/package.xml
[0.670s] Invoked command in '/opt/erc_ws/build/omni_base_bringup' returned '0': AMENT_PREFIX_PATH=/opt/erc_ws/install/omni_base_description:/opt/erc_ws/install/pal_urdf_utils:/opt/erc_ws/install/omni_base_controller_configuration:/opt/erc_ws/install/launch_pal:${AMENT_PREFIX_PATH} CMAKE_PREFIX_PATH=/opt/erc_ws/install/omni_base_description:/opt/erc_ws/install/pal_urdf_utils:/opt/erc_ws/install/omni_base_controller_configuration:/opt/erc_ws/install/erc_solution:/opt/ros/humble PYTHONPATH=/opt/erc_ws/install/omni_base_description/local/lib/python3.10/dist-packages:/opt/erc_ws/install/launch_pal/lib/python3.10/site-packages:${PYTHONPATH} /usr/bin/cmake --install /opt/erc_ws/build/omni_base_bringup
