[1.439s] Invoking command in '/opt/erc_ws/build/launch_pal': PYTHONPATH=/opt/erc_ws/build/launch_pal/prefix_override:/usr/lib/python3/dist-packages/colcon_core/task/python/colcon_distutils_commands:/opt/erc_ws/install/launch_pal/lib/python3.10/site-packages:${PYTHONPATH} /usr/bin/python3 -W ignore:setup.py install is deprecated -W ignore:easy_install command is deprecated setup.py develop --editable --build-directory /opt/erc_ws/build/launch_pal/build --no-deps symlink_data
[1.616s] running develop
[1.702s] running egg_info
[1.702s] creating launch_pal.egg-info
[1.703s] writing launch_pal.egg-info/PKG-INFO
[1.703s] writing dependency_links to launch_pal.egg-info/dependency_links.txt
[1.703s] writing entry points to launch_pal.egg-info/entry_points.txt
[1.703s] writing requirements to launch_pal.egg-info/requires.txt
[1.704s] writing top-level names to launch_pal.egg-info/top_level.txt
[1.704s] writing manifest file 'launch_pal.egg-info/SOURCES.txt'
[1.706s] reading manifest file 'launch_pal.egg-info/SOURCES.txt'
[1.706s] writing manifest file 'launch_pal.egg-info/SOURCES.txt'
[1.707s] running build_ext
[1.707s] Creating /opt/erc_ws/install/launch_pal/lib/python3.10/site-packages/launch-pal.egg-link (link to .)
[1.709s] 
[1.709s] Installed /opt/erc_ws/build/launch_pal
[1.709s] running symlink_data
[1.709s] creating /opt/erc_ws/install/launch_pal/share/ament_index
[1.709s] creating /opt/erc_ws/install/launch_pal/share/ament_index/resource_index
[1.709s] creating /opt/erc_ws/install/launch_pal/share/ament_index/resource_index/packages
[1.709s] symbolically linking /opt/erc_ws/build/launch_pal/resource/launch_pal -> /opt/erc_ws/install/launch_pal/share/ament_index/resource_index/packages
[1.709s] symbolically linking /opt/erc_ws/build/launch_pal/package.xml -> /opt/erc_ws/install/launch_pal/share/launch_pal
[1.709s] creating /opt/erc_ws/install/launch_pal/share/launch_pal/config
[1.709s] symbolically linking /opt/erc_ws/build/launch_pal/config/robot_configuration.yaml -> /opt/erc_ws/install/launch_pal/share/launch_pal/config
[1.746s] Invoked command in '/opt/erc_ws/build/launch_pal' returned '0': PYTHONPATH=/opt/erc_ws/build/launch_pal/prefix_override:/usr/lib/python3/dist-packages/colcon_core/task/python/colcon_distutils_commands:/opt/erc_ws/install/launch_pal/lib/python3.10/site-packages:${PYTHONPATH} /usr/bin/python3 -W ignore:setup.py install is deprecated -W ignore:easy_install command is deprecated setup.py develop --editable --build-directory /opt/erc_ws/build/launch_pal/build --no-deps symlink_data
