-- The C compiler identification is GNU 11.4.0
-- The CXX compiler identification is GNU 11.4.0
-- Detecting C compiler ABI info
-- Detecting C compiler ABI info - done
-- Check for working C compiler: /usr/bin/cc - skipped
-- Detecting C compile features
-- Detecting C compile features - done
-- Detecting CXX compiler ABI info
-- Detecting CXX compiler ABI info - done
-- Check for working CXX compiler: /usr/bin/c++ - skipped
-- Detecting CXX compile features
-- Detecting CXX compile features - done
-- Found ament_cmake_auto: 1.3.14 (/opt/ros/humble/share/ament_cmake_auto/cmake)
-- Found Python3: /usr/bin/python3 (found version "3.10.12") found components: Interpreter 
-- Override CMake install command with custom implementation using symlinks instead of copying resources
-- Configuring done
-- Generating done
-- Build files have been written to: /opt/erc_ws/build/omni_base_robot
-- Install configuration: ""
-- Execute custom install script
-- Symlinking: /opt/erc_ws/install/omni_base_robot/share/ament_index/resource_index/package_run_dependencies/omni_base_robot
-- Symlinking: /opt/erc_ws/install/omni_base_robot/share/ament_index/resource_index/parent_prefix_path/omni_base_robot
-- Symlinking: /opt/erc_ws/install/omni_base_robot/share/omni_base_robot/environment/ament_prefix_path.sh
-- Symlinking: /opt/erc_ws/install/omni_base_robot/share/omni_base_robot/environment/ament_prefix_path.dsv
-- Symlinking: /opt/erc_ws/install/omni_base_robot/share/omni_base_robot/environment/path.sh
-- Symlinking: /opt/erc_ws/install/omni_base_robot/share/omni_base_robot/environment/path.dsv
-- Symlinking: /opt/erc_ws/install/omni_base_robot/share/omni_base_robot/local_setup.bash
-- Symlinking: /opt/erc_ws/install/omni_base_robot/share/omni_base_robot/local_setup.sh
-- Symlinking: /opt/erc_ws/install/omni_base_robot/share/omni_base_robot/local_setup.zsh
-- Symlinking: /opt/erc_ws/install/omni_base_robot/share/omni_base_robot/local_setup.dsv
-- Symlinking: /opt/erc_ws/install/omni_base_robot/share/omni_base_robot/package.dsv
-- Symlinking: /opt/erc_ws/install/omni_base_robot/share/ament_index/resource_index/packages/omni_base_robot
-- Symlinking: /opt/erc_ws/install/omni_base_robot/share/omni_base_robot/cmake/omni_base_robotConfig.cmake
-- Symlinking: /opt/erc_ws/install/omni_base_robot/share/omni_base_robot/cmake/omni_base_robotConfig-version.cmake
-- Symlinking: /opt/erc_ws/install/omni_base_robot/share/omni_base_robot/package.xml
