[0.351s] Invoking command in '/opt/erc_ws/build/omni_base_controller_configuration': CMAKE_PREFIX_PATH=${CMAKE_PREFIX_PATH}:/opt/erc_ws/install/sensors:/opt/erc_ws/install/pal_pro_gripper_wrapper:/opt/erc_ws/install/launch_pal:/opt/erc_ws/install/erc_solution:/opt/ros/humble /usr/bin/cmake /opt/erc_ws/src/omni_base_robot/omni_base_controller_configuration -DAMENT_CMAKE_SYMLINK_INSTALL=1 -DCMAKE_INSTALL_PREFIX=/opt/erc_ws/install/omni_base_controller_configuration
[0.552s] -- The C compiler identification is GNU 11.4.0
[0.552s] -- The CXX compiler identification is GNU 11.4.0
[0.553s] -- Detecting C compiler ABI info
[0.553s] -- Detecting C compiler ABI info - done
[0.553s] -- Check for working C compiler: /usr/bin/cc - skipped
[0.553s] -- Detecting C compile features
[0.553s] -- Detecting C compile features - done
[0.553s] -- Detecting CXX compiler ABI info
[0.555s] -- Detecting CXX compiler ABI info - done
[0.558s] -- Check for working CXX compiler: /usr/bin/c++ - skipped
[0.559s] -- Detecting CXX compile features
[0.559s] -- Detecting CXX compile features - done
[0.561s] -- Found ament_cmake_auto: 1.3.14 (/opt/ros/humble/share/ament_cmake_auto/cmake)
[0.716s] -- Found Python3: /usr/bin/python3 (found version "3.10.12") found components: Interpreter 
[0.782s] -- Override CMake install command with custom implementation using symlinks instead of copying resources
[0.927s] -- Found ament_lint_auto: 0.12.15 (/opt/ros/humble/share/ament_lint_auto/cmake)
[0.958s] -- Added test 'copyright' to check source files copyright and LICENSE
[0.959s] -- Added test 'flake8' to check Python code syntax and style conventions
[0.961s] -- Added test 'lint_cmake' to check CMake code style
[0.961s] -- Added test 'pep257' to check Python code against some of the docstring style conventions in PEP 257
[0.963s] -- Added test 'xmllint' to check XML markup files
[0.966s] -- Configuring done
[0.974s] -- Generating done
[0.975s] -- Build files have been written to: /opt/erc_ws/build/omni_base_controller_configuration
[0.982s] Invoked command in '/opt/erc_ws/build/omni_base_controller_configuration' returned '0': CMAKE_PREFIX_PATH=${CMAKE_PREFIX_PATH}:/opt/erc_ws/install/sensors:/opt/erc_ws/install/pal_pro_gripper_wrapper:/opt/erc_ws/install/launch_pal:/opt/erc_ws/install/erc_solution:/opt/ros/humble /usr/bin/cmake /opt/erc_ws/src/omni_base_robot/omni_base_controller_configuration -DAMENT_CMAKE_SYMLINK_INSTALL=1 -DCMAKE_INSTALL_PREFIX=/opt/erc_ws/install/omni_base_controller_configuration
[0.990s] Invoking command in '/opt/erc_ws/build/omni_base_controller_configuration': CMAKE_PREFIX_PATH=${CMAKE_PREFIX_PATH}:/opt/erc_ws/install/sensors:/opt/erc_ws/install/pal_pro_gripper_wrapper:/opt/erc_ws/install/launch_pal:/opt/erc_ws/install/erc_solution:/opt/ros/humble /usr/bin/cmake --build /opt/erc_ws/build/omni_base_controller_configuration -- -j16 -l16
[1.021s] Invoked command in '/opt/erc_ws/build/omni_base_controller_configuration' returned '0': CMAKE_PREFIX_PATH=${CMAKE_PREFIX_PATH}:/opt/erc_ws/install/sensors:/opt/erc_ws/install/pal_pro_gripper_wrapper:/opt/erc_ws/install/launch_pal:/opt/erc_ws/install/erc_solution:/opt/ros/humble /usr/bin/cmake --build /opt/erc_ws/build/omni_base_controller_configuration -- -j16 -l16
[1.024s] Invoking command in '/opt/erc_ws/build/omni_base_controller_configuration': CMAKE_PREFIX_PATH=${CMAKE_PREFIX_PATH}:/opt/erc_ws/install/sensors:/opt/erc_ws/install/pal_pro_gripper_wrapper:/opt/erc_ws/install/launch_pal:/opt/erc_ws/install/erc_solution:/opt/ros/humble /usr/bin/cmake --install /opt/erc_ws/build/omni_base_controller_configuration
[1.033s] -- Install configuration: ""
[1.035s] -- Execute custom install script
[1.035s] -- Symlinking: /opt/erc_ws/install/omni_base_controller_configuration/share/omni_base_controller_configuration/config/joint_state_broadcaster.yaml
[1.042s] -- Symlinking: /opt/erc_ws/install/omni_base_controller_configuration/share/omni_base_controller_configuration/config/mobile_base_controller.yaml
[1.051s] -- Symlinking: /opt/erc_ws/install/omni_base_controller_configuration/share/omni_base_controller_configuration/launch/default_controllers.launch.py
[1.059s] -- Symlinking: /opt/erc_ws/install/omni_base_controller_configuration/share/omni_base_controller_configuration/launch/mobile_base_controller.launch.py
[1.069s] -- Symlinking: /opt/erc_ws/install/omni_base_controller_configuration/share/ament_index/resource_index/package_run_dependencies/omni_base_controller_configuration
[1.076s] -- Symlinking: /opt/erc_ws/install/omni_base_controller_configuration/share/ament_index/resource_index/parent_prefix_path/omni_base_controller_configuration
[1.086s] -- Symlinking: /opt/erc_ws/install/omni_base_controller_configuration/share/omni_base_controller_configuration/environment/ament_prefix_path.sh
[1.094s] -- Symlinking: /opt/erc_ws/install/omni_base_controller_configuration/share/omni_base_controller_configuration/environment/ament_prefix_path.dsv
[1.102s] -- Symlinking: /opt/erc_ws/install/omni_base_controller_configuration/share/omni_base_controller_configuration/environment/path.sh
[1.111s] -- Symlinking: /opt/erc_ws/install/omni_base_controller_configuration/share/omni_base_controller_configuration/environment/path.dsv
[1.119s] -- Symlinking: /opt/erc_ws/install/omni_base_controller_configuration/share/omni_base_controller_configuration/local_setup.bash
[1.129s] -- Symlinking: /opt/erc_ws/install/omni_base_controller_configuration/share/omni_base_controller_configuration/local_setup.sh
[1.136s] -- Symlinking: /opt/erc_ws/install/omni_base_controller_configuration/share/omni_base_controller_configuration/local_setup.zsh
[1.146s] -- Symlinking: /opt/erc_ws/install/omni_base_controller_configuration/share/omni_base_controller_configuration/local_setup.dsv
[1.150s] -- Symlinking: /opt/erc_ws/install/omni_base_controller_configuration/share/omni_base_controller_configuration/package.dsv
[1.159s] -- Symlinking: /opt/erc_ws/install/omni_base_controller_configuration/share/ament_index/resource_index/packages/omni_base_controller_configuration
[1.166s] -- Symlinking: /opt/erc_ws/install/omni_base_controller_configuration/share/omni_base_controller_configuration/cmake/omni_base_controller_configurationConfig.cmake
[1.173s] -- Symlinking: /opt/erc_ws/install/omni_base_controller_configuration/share/omni_base_controller_configuration/cmake/omni_base_controller_configurationConfig-version.cmake
[1.180s] -- Symlinking: /opt/erc_ws/install/omni_base_controller_configuration/share/omni_base_controller_configuration/package.xml
[1.193s] Invoked command in '/opt/erc_ws/build/omni_base_controller_configuration' returned '0': CMAKE_PREFIX_PATH=${CMAKE_PREFIX_PATH}:/opt/erc_ws/install/sensors:/opt/erc_ws/install/pal_pro_gripper_wrapper:/opt/erc_ws/install/launch_pal:/opt/erc_ws/install/erc_solution:/opt/ros/humble /usr/bin/cmake --install /opt/erc_ws/build/omni_base_controller_configuration
