[0.015s] Invoking command in '/opt/erc_ws/build/tiago_pro_head_bringup': AMENT_PREFIX_PATH=/opt/erc_ws/install/tiago_pro_head_description:/opt/erc_ws/install/tiago_pro_head_controller_configuration:/opt/erc_ws/install/pal_urdf_utils:/opt/erc_ws/install/launch_pal:${AMENT_PREFIX_PATH} CMAKE_PREFIX_PATH=/opt/erc_ws/install/tiago_pro_head_description:/opt/erc_ws/install/tiago_pro_head_controller_configuration:/opt/erc_ws/install/pal_urdf_utils:/opt/erc_ws/install/erc_solution:/opt/ros/humble PYTHONPATH=/opt/erc_ws/install/tiago_pro_head_description/local/lib/python3.10/dist-packages:/opt/erc_ws/install/launch_pal/lib/python3.10/site-packages:${PYTHONPATH} /usr/bin/cmake /opt/erc_ws/src/tiago_pro_head_robot/tiago_pro_head_bringup -DCMAKE_INSTALL_PREFIX=/opt/erc_ws/install/tiago_pro_head_bringup
[0.062s] -- The C compiler identification is GNU 11.4.0
[0.123s] -- The CXX compiler identification is GNU 11.4.0
[0.125s] -- Detecting C compiler ABI info
[0.179s] -- Detecting C compiler ABI info - done
[0.184s] -- Check for working C compiler: /usr/bin/cc - skipped
[0.184s] -- Detecting C compile features
[0.184s] -- Detecting C compile features - done
[0.186s] -- Detecting CXX compiler ABI info
[0.251s] -- Detecting CXX compiler ABI info - done
[0.256s] -- Check for working CXX compiler: /usr/bin/c++ - skipped
[0.256s] -- Detecting CXX compile features
[0.256s] -- Detecting CXX compile features - done
[0.259s] -- Found ament_cmake_auto: 1.3.14 (/opt/ros/humble/share/ament_cmake_auto/cmake)
[0.394s] -- Found Python3: /usr/bin/python3 (found version "3.10.12") found components: Interpreter 
[0.523s] -- Found ament_lint_auto: 0.12.15 (/opt/ros/humble/share/ament_lint_auto/cmake)
[0.547s] -- Added test 'copyright' to check source files copyright and LICENSE
[0.549s] -- Added test 'flake8' to check Python code syntax and style conventions
[0.550s] -- Added test 'lint_cmake' to check CMake code style
[0.551s] -- Added test 'pep257' to check Python code against some of the docstring style conventions in PEP 257
[0.553s] -- Added test 'xmllint' to check XML markup files
[0.554s] -- Configuring done
[0.560s] -- Generating done
[0.562s] -- Build files have been written to: /opt/erc_ws/build/tiago_pro_head_bringup
[0.567s] Invoked command in '/opt/erc_ws/build/tiago_pro_head_bringup' returned '0': AMENT_PREFIX_PATH=/opt/erc_ws/install/tiago_pro_head_description:/opt/erc_ws/install/tiago_pro_head_controller_configuration:/opt/erc_ws/install/pal_urdf_utils:/opt/erc_ws/install/launch_pal:${AMENT_PREFIX_PATH} CMAKE_PREFIX_PATH=/opt/erc_ws/install/tiago_pro_head_description:/opt/erc_ws/install/tiago_pro_head_controller_configuration:/opt/erc_ws/install/pal_urdf_utils:/opt/erc_ws/install/erc_solution:/opt/ros/humble PYTHONPATH=/opt/erc_ws/install/tiago_pro_head_description/local/lib/python3.10/dist-packages:/opt/erc_ws/install/launch_pal/lib/python3.10/site-packages:${PYTHONPATH} /usr/bin/cmake /opt/erc_ws/src/tiago_pro_head_robot/tiago_pro_head_bringup -DCMAKE_INSTALL_PREFIX=/opt/erc_ws/install/tiago_pro_head_bringup
[0.569s] Invoking command in '/opt/erc_ws/build/tiago_pro_head_bringup': AMENT_PREFIX_PATH=/opt/erc_ws/install/tiago_pro_head_description:/opt/erc_ws/install/tiago_pro_head_controller_configuration:/opt/erc_ws/install/pal_urdf_utils:/opt/erc_ws/install/launch_pal:${AMENT_PREFIX_PATH} CMAKE_PREFIX_PATH=/opt/erc_ws/install/tiago_pro_head_description:/opt/erc_ws/install/tiago_pro_head_controller_configuration:/opt/erc_ws/install/pal_urdf_utils:/opt/erc_ws/install/erc_solution:/opt/ros/humble PYTHONPATH=/opt/erc_ws/install/tiago_pro_head_description/local/lib/python3.10/dist-packages:/opt/erc_ws/install/launch_pal/lib/python3.10/site-packages:${PYTHONPATH} /usr/bin/cmake --build /opt/erc_ws/build/tiago_pro_head_bringup -- -j16 -l16
[0.595s] Invoked command in '/opt/erc_ws/build/tiago_pro_head_bringup' returned '0': AMENT_PREFIX_PATH=/opt/erc_ws/install/tiago_pro_head_description:/opt/erc_ws/install/tiago_pro_head_controller_configuration:/opt/erc_ws/install/pal_urdf_utils:/opt/erc_ws/install/launch_pal:${AMENT_PREFIX_PATH} CMAKE_PREFIX_PATH=/opt/erc_ws/install/tiago_pro_head_description:/opt/erc_ws/install/tiago_pro_head_controller_configuration:/opt/erc_ws/install/pal_urdf_utils:/opt/erc_ws/install/erc_solution:/opt/ros/humble PYTHONPATH=/opt/erc_ws/install/tiago_pro_head_description/local/lib/python3.10/dist-packages:/opt/erc_ws/install/launch_pal/lib/python3.10/site-packages:${PYTHONPATH} /usr/bin/cmake --build /opt/erc_ws/build/tiago_pro_head_bringup -- -j16 -l16
[0.597s] Invoking command in '/opt/erc_ws/build/tiago_pro_head_bringup': AMENT_PREFIX_PATH=/opt/erc_ws/install/tiago_pro_head_description:/opt/erc_ws/install/tiago_pro_head_controller_configuration:/opt/erc_ws/install/pal_urdf_utils:/opt/erc_ws/install/launch_pal:${AMENT_PREFIX_PATH} CMAKE_PREFIX_PATH=/opt/erc_ws/install/tiago_pro_head_description:/opt/erc_ws/install/tiago_pro_head_controller_configuration:/opt/erc_ws/install/pal_urdf_utils:/opt/erc_ws/install/erc_solution:/opt/ros/humble PYTHONPATH=/opt/erc_ws/install/tiago_pro_head_description/local/lib/python3.10/dist-packages:/opt/erc_ws/install/launch_pal/lib/python3.10/site-packages:${PYTHONPATH} /usr/bin/cmake --install /opt/erc_ws/build/tiago_pro_head_bringup
[0.602s] -- Install configuration: ""
[0.602s] -- Installing: /opt/erc_ws/install/tiago_pro_head_bringup/share/tiago_pro_head_bringup/launch
[0.603s] -- Installing: /opt/erc_ws/install/tiago_pro_head_bringup/share/tiago_pro_head_bringup/launch/tiago_pro_head_play_motion2.launch.py
[0.603s] -- Installing: /opt/erc_ws/install/tiago_pro_head_bringup/share/tiago_pro_head_bringup/launch/tiago_pro_head_bringup.launch.py
[0.604s] -- Installing: /opt/erc_ws/install/tiago_pro_head_bringup/share/tiago_pro_head_bringup/config
[0.604s] -- Installing: /opt/erc_ws/install/tiago_pro_head_bringup/share/tiago_pro_head_bringup/config/motions
[0.604s] -- Installing: /opt/erc_ws/install/tiago_pro_head_bringup/share/tiago_pro_head_bringup/config/motions/head_motions.yaml
[0.604s] -- Installing: /opt/erc_ws/install/tiago_pro_head_bringup/share/tiago_pro_head_bringup/config/motion_planner
[0.604s] -- Installing: /opt/erc_ws/install/tiago_pro_head_bringup/share/tiago_pro_head_bringup/config/motion_planner/motion_planner.yaml
[0.605s] -- Installing: /opt/erc_ws/install/tiago_pro_head_bringup/share/ament_index/resource_index/package_run_dependencies/tiago_pro_head_bringup
[0.605s] -- Installing: /opt/erc_ws/install/tiago_pro_head_bringup/share/ament_index/resource_index/parent_prefix_path/tiago_pro_head_bringup
[0.606s] -- Installing: /opt/erc_ws/install/tiago_pro_head_bringup/share/tiago_pro_head_bringup/environment/ament_prefix_path.sh
[0.606s] -- Installing: /opt/erc_ws/install/tiago_pro_head_bringup/share/tiago_pro_head_bringup/environment/ament_prefix_path.dsv
[0.606s] -- Installing: /opt/erc_ws/install/tiago_pro_head_bringup/share/tiago_pro_head_bringup/environment/path.sh
[0.606s] -- Installing: /opt/erc_ws/install/tiago_pro_head_bringup/share/tiago_pro_head_bringup/environment/path.dsv
[0.606s] -- Installing: /opt/erc_ws/install/tiago_pro_head_bringup/share/tiago_pro_head_bringup/local_setup.bash
[0.607s] -- Installing: /opt/erc_ws/install/tiago_pro_head_bringup/share/tiago_pro_head_bringup/local_setup.sh
[0.607s] -- Installing: /opt/erc_ws/install/tiago_pro_head_bringup/share/tiago_pro_head_bringup/local_setup.zsh
[0.607s] -- Installing: /opt/erc_ws/install/tiago_pro_head_bringup/share/tiago_pro_head_bringup/local_setup.dsv
[0.607s] -- Installing: /opt/erc_ws/install/tiago_pro_head_bringup/share/tiago_pro_head_bringup/package.dsv
[0.607s] -- Installing: /opt/erc_ws/install/tiago_pro_head_bringup/share/ament_index/resource_index/packages/tiago_pro_head_bringup
[0.608s] -- Installing: /opt/erc_ws/install/tiago_pro_head_bringup/share/tiago_pro_head_bringup/cmake/tiago_pro_head_bringupConfig.cmake
[0.608s] -- Installing: /opt/erc_ws/install/tiago_pro_head_bringup/share/tiago_pro_head_bringup/cmake/tiago_pro_head_bringupConfig-version.cmake
[0.608s] -- Installing: /opt/erc_ws/install/tiago_pro_head_bringup/share/tiago_pro_head_bringup/package.xml
[0.611s] Invoked command in '/opt/erc_ws/build/tiago_pro_head_bringup' returned '0': AMENT_PREFIX_PATH=/opt/erc_ws/install/tiago_pro_head_description:/opt/erc_ws/install/tiago_pro_head_controller_configuration:/opt/erc_ws/install/pal_urdf_utils:/opt/erc_ws/install/launch_pal:${AMENT_PREFIX_PATH} CMAKE_PREFIX_PATH=/opt/erc_ws/install/tiago_pro_head_description:/opt/erc_ws/install/tiago_pro_head_controller_configuration:/opt/erc_ws/install/pal_urdf_utils:/opt/erc_ws/install/erc_solution:/opt/ros/humble PYTHONPATH=/opt/erc_ws/install/tiago_pro_head_description/local/lib/python3.10/dist-packages:/opt/erc_ws/install/launch_pal/lib/python3.10/site-packages:${PYTHONPATH} /usr/bin/cmake --install /opt/erc_ws/build/tiago_pro_head_bringup
