[1.095s] Invoking command in '/opt/erc_ws/build/erc_solution': PYTHONPATH=/opt/erc_ws/build/erc_solution/prefix_override:/usr/lib/python3/dist-packages/colcon_core/task/python/colcon_distutils_commands:/opt/erc_ws/install/erc_solution/lib/python3.10/site-packages:${PYTHONPATH} /usr/bin/python3 -W ignore:setup.py install is deprecated -W ignore:easy_install command is deprecated setup.py develop --uninstall --editable --build-directory /opt/erc_ws/build/erc_solution/build
[1.307s] running develop
[1.407s] Removing /opt/erc_ws/install/erc_solution/lib/python3.10/site-packages/erc-solution.egg-link (link to .)
[1.463s] Invoked command in '/opt/erc_ws/build/erc_solution' returned '0': PYTHONPATH=/opt/erc_ws/build/erc_solution/prefix_override:/usr/lib/python3/dist-packages/colcon_core/task/python/colcon_distutils_commands:/opt/erc_ws/install/erc_solution/lib/python3.10/site-packages:${PYTHONPATH} /usr/bin/python3 -W ignore:setup.py install is deprecated -W ignore:easy_install command is deprecated setup.py develop --uninstall --editable --build-directory /opt/erc_ws/build/erc_solution/build
[1.467s] Invoking command in '/opt/erc_ws/src/erc_solution': PYTHONPATH=/opt/erc_ws/build/erc_solution/prefix_override:/usr/lib/python3/dist-packages/colcon_core/task/python/colcon_distutils_commands:/opt/erc_ws/install/erc_solution/lib/python3.10/site-packages:${PYTHONPATH} /usr/bin/python3 -W ignore:setup.py install is deprecated -W ignore:easy_install command is deprecated setup.py egg_info --egg-base ../../build/erc_solution build --build-base /opt/erc_ws/build/erc_solution/build install --record /opt/erc_ws/build/erc_solution/install.log --install-scripts $base/lib/erc_solution --single-version-externally-managed install_data --force
[1.642s] running egg_info
[1.642s] writing ../../build/erc_solution/erc_solution.egg-info/PKG-INFO
[1.643s] writing dependency_links to ../../build/erc_solution/erc_solution.egg-info/dependency_links.txt
[1.643s] writing entry points to ../../build/erc_solution/erc_solution.egg-info/entry_points.txt
[1.643s] writing requirements to ../../build/erc_solution/erc_solution.egg-info/requires.txt
[1.643s] writing top-level names to ../../build/erc_solution/erc_solution.egg-info/top_level.txt
[1.645s] reading manifest file '../../build/erc_solution/erc_solution.egg-info/SOURCES.txt'
[1.646s] writing manifest file '../../build/erc_solution/erc_solution.egg-info/SOURCES.txt'
[1.646s] running build
[1.646s] running build_py
[1.646s] creating /opt/erc_ws/build/erc_solution/build
[1.647s] creating /opt/erc_ws/build/erc_solution/build/lib
[1.647s] creating /opt/erc_ws/build/erc_solution/build/lib/erc_solution
[1.647s] copying erc_solution/book_colour_detector_backup.py -> /opt/erc_ws/build/erc_solution/build/lib/erc_solution
[1.647s] copying erc_solution/__init__.py -> /opt/erc_ws/build/erc_solution/build/lib/erc_solution
[1.647s] copying erc_solution/column_navigator_backup.py -> /opt/erc_ws/build/erc_solution/build/lib/erc_solution
[1.648s] copying erc_solution/column_navigator.py -> /opt/erc_ws/build/erc_solution/build/lib/erc_solution
[1.648s] copying erc_solution/shelf_column_detector.py -> /opt/erc_ws/build/erc_solution/build/lib/erc_solution
[1.648s] copying erc_solution/book_colour_detector.py -> /opt/erc_ws/build/erc_solution/build/lib/erc_solution
[1.648s] copying erc_solution/grasp_controller.py -> /opt/erc_ws/build/erc_solution/build/lib/erc_solution
[1.648s] creating /opt/erc_ws/build/erc_solution/build/lib/erc_solution/manipulation
[1.648s] copying erc_solution/manipulation/__init__.py -> /opt/erc_ws/build/erc_solution/build/lib/erc_solution/manipulation
[1.649s] copying erc_solution/manipulation/grasp_controller.py -> /opt/erc_ws/build/erc_solution/build/lib/erc_solution/manipulation
[1.649s] running install
[1.650s] running install_lib
[1.650s] creating /opt/erc_ws/install/erc_solution/lib/python3.10/site-packages/erc_solution
[1.651s] copying /opt/erc_ws/build/erc_solution/build/lib/erc_solution/book_colour_detector_backup.py -> /opt/erc_ws/install/erc_solution/lib/python3.10/site-packages/erc_solution
[1.651s] copying /opt/erc_ws/build/erc_solution/build/lib/erc_solution/shelf_column_detector.py -> /opt/erc_ws/install/erc_solution/lib/python3.10/site-packages/erc_solution
[1.651s] copying /opt/erc_ws/build/erc_solution/build/lib/erc_solution/__init__.py -> /opt/erc_ws/install/erc_solution/lib/python3.10/site-packages/erc_solution
[1.651s] copying /opt/erc_ws/build/erc_solution/build/lib/erc_solution/column_navigator.py -> /opt/erc_ws/install/erc_solution/lib/python3.10/site-packages/erc_solution
[1.651s] copying /opt/erc_ws/build/erc_solution/build/lib/erc_solution/column_navigator_backup.py -> /opt/erc_ws/install/erc_solution/lib/python3.10/site-packages/erc_solution
[1.651s] creating /opt/erc_ws/install/erc_solution/lib/python3.10/site-packages/erc_solution/manipulation
[1.652s] copying /opt/erc_ws/build/erc_solution/build/lib/erc_solution/manipulation/__init__.py -> /opt/erc_ws/install/erc_solution/lib/python3.10/site-packages/erc_solution/manipulation
[1.652s] copying /opt/erc_ws/build/erc_solution/build/lib/erc_solution/manipulation/grasp_controller.py -> /opt/erc_ws/install/erc_solution/lib/python3.10/site-packages/erc_solution/manipulation
[1.652s] copying /opt/erc_ws/build/erc_solution/build/lib/erc_solution/book_colour_detector.py -> /opt/erc_ws/install/erc_solution/lib/python3.10/site-packages/erc_solution
[1.652s] copying /opt/erc_ws/build/erc_solution/build/lib/erc_solution/grasp_controller.py -> /opt/erc_ws/install/erc_solution/lib/python3.10/site-packages/erc_solution
[1.652s] byte-compiling /opt/erc_ws/install/erc_solution/lib/python3.10/site-packages/erc_solution/book_colour_detector_backup.py to book_colour_detector_backup.cpython-310.pyc
[1.656s] byte-compiling /opt/erc_ws/install/erc_solution/lib/python3.10/site-packages/erc_solution/shelf_column_detector.py to shelf_column_detector.cpython-310.pyc
[1.658s] byte-compiling /opt/erc_ws/install/erc_solution/lib/python3.10/site-packages/erc_solution/__init__.py to __init__.cpython-310.pyc
[1.658s] byte-compiling /opt/erc_ws/install/erc_solution/lib/python3.10/site-packages/erc_solution/column_navigator.py to column_navigator.cpython-310.pyc
[1.660s] byte-compiling /opt/erc_ws/install/erc_solution/lib/python3.10/site-packages/erc_solution/column_navigator_backup.py to column_navigator_backup.cpython-310.pyc
[1.662s] byte-compiling /opt/erc_ws/install/erc_solution/lib/python3.10/site-packages/erc_solution/manipulation/__init__.py to __init__.cpython-310.pyc
[1.663s] byte-compiling /opt/erc_ws/install/erc_solution/lib/python3.10/site-packages/erc_solution/manipulation/grasp_controller.py to grasp_controller.cpython-310.pyc
[1.664s] byte-compiling /opt/erc_ws/install/erc_solution/lib/python3.10/site-packages/erc_solution/book_colour_detector.py to book_colour_detector.cpython-310.pyc
[1.668s] byte-compiling /opt/erc_ws/install/erc_solution/lib/python3.10/site-packages/erc_solution/grasp_controller.py to grasp_controller.cpython-310.pyc
[1.669s] running install_data
[1.669s] copying resource/erc_solution -> /opt/erc_ws/install/erc_solution/share/ament_index/resource_index/packages
[1.669s] copying package.xml -> /opt/erc_ws/install/erc_solution/share/erc_solution
[1.669s] copying launch/solution.launch.py -> /opt/erc_ws/install/erc_solution/share/erc_solution/launch
[1.669s] running install_egg_info
[1.671s] Copying ../../build/erc_solution/erc_solution.egg-info to /opt/erc_ws/install/erc_solution/lib/python3.10/site-packages/erc_solution-0.0.0-py3.10.egg-info
[1.672s] running install_scripts
[1.689s] Installing book_colour_detector script to /opt/erc_ws/install/erc_solution/lib/erc_solution
[1.689s] Installing column_navigator script to /opt/erc_ws/install/erc_solution/lib/erc_solution
[1.689s] Installing grasp_controller script to /opt/erc_ws/install/erc_solution/lib/erc_solution
[1.689s] Installing shelf_column_detector script to /opt/erc_ws/install/erc_solution/lib/erc_solution
[1.690s] writing list of installed files to '/opt/erc_ws/build/erc_solution/install.log'
[1.716s] Invoked command in '/opt/erc_ws/src/erc_solution' returned '0': PYTHONPATH=/opt/erc_ws/build/erc_solution/prefix_override:/usr/lib/python3/dist-packages/colcon_core/task/python/colcon_distutils_commands:/opt/erc_ws/install/erc_solution/lib/python3.10/site-packages:${PYTHONPATH} /usr/bin/python3 -W ignore:setup.py install is deprecated -W ignore:easy_install command is deprecated setup.py egg_info --egg-base ../../build/erc_solution build --build-base /opt/erc_ws/build/erc_solution/build install --record /opt/erc_ws/build/erc_solution/install.log --install-scripts $base/lib/erc_solution --single-version-externally-managed install_data --force
