[0.053s] Invoking command in '/opt/erc_ws/build/omni_base_description': AMENT_PREFIX_PATH=/opt/erc_ws/install/launch_pal:/opt/erc_ws/install/tiago_pro_robot:/opt/erc_ws/install/tiago_pro_head_robot:/opt/erc_ws/install/tiago_pro_bringup:/opt/erc_ws/install/tiago_pro_head_bringup:/opt/erc_ws/install/erc_bringup:/opt/erc_ws/install/tiago_pro_description:/opt/erc_ws/install/tiago_pro_head_description:/opt/erc_ws/install/tiago_pro_controller_configuration:/opt/erc_ws/install/tiago_pro_head_controller_configuration:/opt/erc_ws/install/sensors:/opt/erc_ws/install/pal_sea_arm:/opt/erc_ws/install/pal_sea_arm_bringup:/opt/erc_ws/install/pal_sea_arm_description:/opt/erc_ws/install/pal_pro_gripper_simulation:/opt/erc_ws/install/pal_pro_gripper_bringup:/opt/erc_ws/install/pal_pro_gripper:/opt/erc_ws/install/pal_pro_gripper_description:/opt/erc_ws/install/pal_gripper_simulation:/opt/erc_ws/install/pal_gripper:/opt/erc_ws/install/pal_gripper_description:/opt/erc_ws/install/omni_base_robot:/opt/erc_ws/install/omni_base_bringup:/opt/erc_ws/install/omni_base_description:/opt/erc_ws/install/pal_urdf_utils:/opt/erc_ws/install/pal_sea_arm_controller_configuration:/opt/erc_ws/install/pal_pro_gripper_controller_configuration:/opt/erc_ws/install/pal_pro_gripper_wrapper:/opt/erc_ws/install/pal_gripper_controller_configuration:/opt/erc_ws/install/omni_base_controller_configuration:/opt/erc_ws/install/gz_ros2_control:/opt/erc_ws/install/erc_description:/opt/erc_ws/install/erc_solution:/opt/ros/humble CMAKE_PREFIX_PATH=/opt/erc_ws/install/pal_urdf_utils:/opt/erc_ws/install/tiago_pro_robot:/opt/erc_ws/install/tiago_pro_head_robot:/opt/erc_ws/install/tiago_pro_bringup:/opt/erc_ws/install/tiago_pro_head_bringup:/opt/erc_ws/install/erc_bringup:/opt/erc_ws/install/tiago_pro_description:/opt/erc_ws/install/tiago_pro_head_description:/opt/erc_ws/install/tiago_pro_controller_configuration:/opt/erc_ws/install/tiago_pro_head_controller_configuration:/opt/erc_ws/install/pal_sea_arm:/opt/erc_ws/install/pal_sea_arm_bringup:/opt/erc_ws/install/pal_sea_arm_description:/opt/erc_ws/install/pal_pro_gripper_simulation:/opt/erc_ws/install/pal_pro_gripper_bringup:/opt/erc_ws/install/pal_pro_gripper:/opt/erc_ws/install/pal_pro_gripper_description:/opt/erc_ws/install/pal_gripper_simulation:/opt/erc_ws/install/pal_gripper:/opt/erc_ws/install/pal_gripper_description:/opt/erc_ws/install/omni_base_robot:/opt/erc_ws/install/omni_base_bringup:/opt/erc_ws/install/omni_base_description:/opt/erc_ws/install/pal_sea_arm_controller_configuration:/opt/erc_ws/install/pal_pro_gripper_controller_configuration:/opt/erc_ws/install/pal_gripper_controller_configuration:/opt/erc_ws/install/omni_base_controller_configuration:/opt/erc_ws/install/gz_ros2_control:/opt/erc_ws/install/erc_description:/opt/erc_ws/install/sensors:/opt/erc_ws/install/pal_pro_gripper_wrapper:/opt/erc_ws/install/launch_pal:/opt/erc_ws/install/erc_solution:/opt/ros/humble PYTHONPATH=/opt/erc_ws/build/launch_pal:/opt/erc_ws/install/launch_pal/lib/python3.10/site-packages:/opt/erc_ws/install/tiago_pro_description/local/lib/python3.10/dist-packages:/opt/erc_ws/install/tiago_pro_head_description/local/lib/python3.10/dist-packages:/opt/erc_ws/install/sensors/lib/python3.10/site-packages:/opt/erc_ws/install/pal_sea_arm_description/local/lib/python3.10/dist-packages:/opt/erc_ws/install/pal_pro_gripper_description/local/lib/python3.10/dist-packages:/opt/erc_ws/install/omni_base_description/local/lib/python3.10/dist-packages:/opt/erc_ws/install/pal_pro_gripper_wrapper/lib/python3.10/site-packages:/opt/erc_ws/build/erc_solution:/opt/erc_ws/install/erc_solution/lib/python3.10/site-packages:/opt/ros/humble/lib/python3.10/site-packages:/opt/ros/humble/local/lib/python3.10/dist-packages /usr/bin/cmake /opt/erc_ws/src/omni_base_robot/omni_base_description -DAMENT_CMAKE_SYMLINK_INSTALL=1 -DCMAKE_INSTALL_PREFIX=/opt/erc_ws/install/omni_base_description
[0.094s] -- The C compiler identification is GNU 11.4.0
[0.134s] -- The CXX compiler identification is GNU 11.4.0
[0.139s] -- Detecting C compiler ABI info
[0.192s] -- Detecting C compiler ABI info - done
[0.197s] -- Check for working C compiler: /usr/bin/cc - skipped
[0.198s] -- Detecting C compile features
[0.198s] -- Detecting C compile features - done
[0.200s] -- Detecting CXX compiler ABI info
[0.277s] -- Detecting CXX compiler ABI info - done
[0.283s] -- Check for working CXX compiler: /usr/bin/c++ - skipped
[0.283s] -- Detecting CXX compile features
[0.283s] -- Detecting CXX compile features - done
[0.287s] -- Found ament_cmake_auto: 1.3.14 (/opt/ros/humble/share/ament_cmake_auto/cmake)
[0.425s] -- Found Python3: /usr/bin/python3 (found version "3.10.12") found components: Interpreter 
[0.482s] -- Override CMake install command with custom implementation using symlinks instead of copying resources
[0.596s] -- Found ament_lint_auto: 0.12.15 (/opt/ros/humble/share/ament_lint_auto/cmake)
[0.629s] -- Found python_cmake_module: 0.10.0 (/opt/ros/humble/share/python_cmake_module/cmake)
[0.649s] -- Found PythonInterp: /usr/bin/python3 (found suitable version "3.10.12", minimum required is "3.6") 
[0.660s] -- Found PythonLibs: /usr/lib/x86_64-linux-gnu/libpython3.10.so (found suitable version "3.10.12", minimum required is "3.5") 
[0.660s] -- Using PYTHON_EXECUTABLE: /usr/bin/python3
[0.660s] -- Using PYTHON_INCLUDE_DIRS: /usr/include/python3.10
[0.660s] -- Using PYTHON_LIBRARIES: /usr/lib/x86_64-linux-gnu/libpython3.10.so
[0.680s] -- Found PythonExtra: .so  
[1.010s] -- Added test 'copyright' to check source files copyright and LICENSE
[1.015s] -- Added test 'flake8' to check Python code syntax and style conventions
[1.016s] -- Added test 'lint_cmake' to check CMake code style
[1.017s] -- Added test 'pep257' to check Python code against some of the docstring style conventions in PEP 257
[1.020s] -- Added test 'xmllint' to check XML markup files
[1.022s] -- Configuring done
[1.026s] -- Generating done
[1.027s] -- Build files have been written to: /opt/erc_ws/build/omni_base_description
[1.034s] Invoked command in '/opt/erc_ws/build/omni_base_description' returned '0': AMENT_PREFIX_PATH=/opt/erc_ws/install/launch_pal:/opt/erc_ws/install/tiago_pro_robot:/opt/erc_ws/install/tiago_pro_head_robot:/opt/erc_ws/install/tiago_pro_bringup:/opt/erc_ws/install/tiago_pro_head_bringup:/opt/erc_ws/install/erc_bringup:/opt/erc_ws/install/tiago_pro_description:/opt/erc_ws/install/tiago_pro_head_description:/opt/erc_ws/install/tiago_pro_controller_configuration:/opt/erc_ws/install/tiago_pro_head_controller_configuration:/opt/erc_ws/install/sensors:/opt/erc_ws/install/pal_sea_arm:/opt/erc_ws/install/pal_sea_arm_bringup:/opt/erc_ws/install/pal_sea_arm_description:/opt/erc_ws/install/pal_pro_gripper_simulation:/opt/erc_ws/install/pal_pro_gripper_bringup:/opt/erc_ws/install/pal_pro_gripper:/opt/erc_ws/install/pal_pro_gripper_description:/opt/erc_ws/install/pal_gripper_simulation:/opt/erc_ws/install/pal_gripper:/opt/erc_ws/install/pal_gripper_description:/opt/erc_ws/install/omni_base_robot:/opt/erc_ws/install/omni_base_bringup:/opt/erc_ws/install/omni_base_description:/opt/erc_ws/install/pal_urdf_utils:/opt/erc_ws/install/pal_sea_arm_controller_configuration:/opt/erc_ws/install/pal_pro_gripper_controller_configuration:/opt/erc_ws/install/pal_pro_gripper_wrapper:/opt/erc_ws/install/pal_gripper_controller_configuration:/opt/erc_ws/install/omni_base_controller_configuration:/opt/erc_ws/install/gz_ros2_control:/opt/erc_ws/install/erc_description:/opt/erc_ws/install/erc_solution:/opt/ros/humble CMAKE_PREFIX_PATH=/opt/erc_ws/install/pal_urdf_utils:/opt/erc_ws/install/tiago_pro_robot:/opt/erc_ws/install/tiago_pro_head_robot:/opt/erc_ws/install/tiago_pro_bringup:/opt/erc_ws/install/tiago_pro_head_bringup:/opt/erc_ws/install/erc_bringup:/opt/erc_ws/install/tiago_pro_description:/opt/erc_ws/install/tiago_pro_head_description:/opt/erc_ws/install/tiago_pro_controller_configuration:/opt/erc_ws/install/tiago_pro_head_controller_configuration:/opt/erc_ws/install/pal_sea_arm:/opt/erc_ws/install/pal_sea_arm_bringup:/opt/erc_ws/install/pal_sea_arm_description:/opt/erc_ws/install/pal_pro_gripper_simulation:/opt/erc_ws/install/pal_pro_gripper_bringup:/opt/erc_ws/install/pal_pro_gripper:/opt/erc_ws/install/pal_pro_gripper_description:/opt/erc_ws/install/pal_gripper_simulation:/opt/erc_ws/install/pal_gripper:/opt/erc_ws/install/pal_gripper_description:/opt/erc_ws/install/omni_base_robot:/opt/erc_ws/install/omni_base_bringup:/opt/erc_ws/install/omni_base_description:/opt/erc_ws/install/pal_sea_arm_controller_configuration:/opt/erc_ws/install/pal_pro_gripper_controller_configuration:/opt/erc_ws/install/pal_gripper_controller_configuration:/opt/erc_ws/install/omni_base_controller_configuration:/opt/erc_ws/install/gz_ros2_control:/opt/erc_ws/install/erc_description:/opt/erc_ws/install/sensors:/opt/erc_ws/install/pal_pro_gripper_wrapper:/opt/erc_ws/install/launch_pal:/opt/erc_ws/install/erc_solution:/opt/ros/humble PYTHONPATH=/opt/erc_ws/build/launch_pal:/opt/erc_ws/install/launch_pal/lib/python3.10/site-packages:/opt/erc_ws/install/tiago_pro_description/local/lib/python3.10/dist-packages:/opt/erc_ws/install/tiago_pro_head_description/local/lib/python3.10/dist-packages:/opt/erc_ws/install/sensors/lib/python3.10/site-packages:/opt/erc_ws/install/pal_sea_arm_description/local/lib/python3.10/dist-packages:/opt/erc_ws/install/pal_pro_gripper_description/local/lib/python3.10/dist-packages:/opt/erc_ws/install/omni_base_description/local/lib/python3.10/dist-packages:/opt/erc_ws/install/pal_pro_gripper_wrapper/lib/python3.10/site-packages:/opt/erc_ws/build/erc_solution:/opt/erc_ws/install/erc_solution/lib/python3.10/site-packages:/opt/ros/humble/lib/python3.10/site-packages:/opt/ros/humble/local/lib/python3.10/dist-packages /usr/bin/cmake /opt/erc_ws/src/omni_base_robot/omni_base_description -DAMENT_CMAKE_SYMLINK_INSTALL=1 -DCMAKE_INSTALL_PREFIX=/opt/erc_ws/install/omni_base_description
[1.035s] Invoking command in '/opt/erc_ws/build/omni_base_description': AMENT_PREFIX_PATH=/opt/erc_ws/install/launch_pal:/opt/erc_ws/install/tiago_pro_robot:/opt/erc_ws/install/tiago_pro_head_robot:/opt/erc_ws/install/tiago_pro_bringup:/opt/erc_ws/install/tiago_pro_head_bringup:/opt/erc_ws/install/erc_bringup:/opt/erc_ws/install/tiago_pro_description:/opt/erc_ws/install/tiago_pro_head_description:/opt/erc_ws/install/tiago_pro_controller_configuration:/opt/erc_ws/install/tiago_pro_head_controller_configuration:/opt/erc_ws/install/sensors:/opt/erc_ws/install/pal_sea_arm:/opt/erc_ws/install/pal_sea_arm_bringup:/opt/erc_ws/install/pal_sea_arm_description:/opt/erc_ws/install/pal_pro_gripper_simulation:/opt/erc_ws/install/pal_pro_gripper_bringup:/opt/erc_ws/install/pal_pro_gripper:/opt/erc_ws/install/pal_pro_gripper_description:/opt/erc_ws/install/pal_gripper_simulation:/opt/erc_ws/install/pal_gripper:/opt/erc_ws/install/pal_gripper_description:/opt/erc_ws/install/omni_base_robot:/opt/erc_ws/install/omni_base_bringup:/opt/erc_ws/install/omni_base_description:/opt/erc_ws/install/pal_urdf_utils:/opt/erc_ws/install/pal_sea_arm_controller_configuration:/opt/erc_ws/install/pal_pro_gripper_controller_configuration:/opt/erc_ws/install/pal_pro_gripper_wrapper:/opt/erc_ws/install/pal_gripper_controller_configuration:/opt/erc_ws/install/omni_base_controller_configuration:/opt/erc_ws/install/gz_ros2_control:/opt/erc_ws/install/erc_description:/opt/erc_ws/install/erc_solution:/opt/ros/humble CMAKE_PREFIX_PATH=/opt/erc_ws/install/pal_urdf_utils:/opt/erc_ws/install/tiago_pro_robot:/opt/erc_ws/install/tiago_pro_head_robot:/opt/erc_ws/install/tiago_pro_bringup:/opt/erc_ws/install/tiago_pro_head_bringup:/opt/erc_ws/install/erc_bringup:/opt/erc_ws/install/tiago_pro_description:/opt/erc_ws/install/tiago_pro_head_description:/opt/erc_ws/install/tiago_pro_controller_configuration:/opt/erc_ws/install/tiago_pro_head_controller_configuration:/opt/erc_ws/install/pal_sea_arm:/opt/erc_ws/install/pal_sea_arm_bringup:/opt/erc_ws/install/pal_sea_arm_description:/opt/erc_ws/install/pal_pro_gripper_simulation:/opt/erc_ws/install/pal_pro_gripper_bringup:/opt/erc_ws/install/pal_pro_gripper:/opt/erc_ws/install/pal_pro_gripper_description:/opt/erc_ws/install/pal_gripper_simulation:/opt/erc_ws/install/pal_gripper:/opt/erc_ws/install/pal_gripper_description:/opt/erc_ws/install/omni_base_robot:/opt/erc_ws/install/omni_base_bringup:/opt/erc_ws/install/omni_base_description:/opt/erc_ws/install/pal_sea_arm_controller_configuration:/opt/erc_ws/install/pal_pro_gripper_controller_configuration:/opt/erc_ws/install/pal_gripper_controller_configuration:/opt/erc_ws/install/omni_base_controller_configuration:/opt/erc_ws/install/gz_ros2_control:/opt/erc_ws/install/erc_description:/opt/erc_ws/install/sensors:/opt/erc_ws/install/pal_pro_gripper_wrapper:/opt/erc_ws/install/launch_pal:/opt/erc_ws/install/erc_solution:/opt/ros/humble PYTHONPATH=/opt/erc_ws/build/launch_pal:/opt/erc_ws/install/launch_pal/lib/python3.10/site-packages:/opt/erc_ws/install/tiago_pro_description/local/lib/python3.10/dist-packages:/opt/erc_ws/install/tiago_pro_head_description/local/lib/python3.10/dist-packages:/opt/erc_ws/install/sensors/lib/python3.10/site-packages:/opt/erc_ws/install/pal_sea_arm_description/local/lib/python3.10/dist-packages:/opt/erc_ws/install/pal_pro_gripper_description/local/lib/python3.10/dist-packages:/opt/erc_ws/install/omni_base_description/local/lib/python3.10/dist-packages:/opt/erc_ws/install/pal_pro_gripper_wrapper/lib/python3.10/site-packages:/opt/erc_ws/build/erc_solution:/opt/erc_ws/install/erc_solution/lib/python3.10/site-packages:/opt/ros/humble/lib/python3.10/site-packages:/opt/ros/humble/local/lib/python3.10/dist-packages /usr/bin/cmake --build /opt/erc_ws/build/omni_base_description -- -j16 -l16
[1.076s] Built target ament_cmake_python_symlink_omni_base_description
[1.294s] running egg_info
[1.295s] creating omni_base_description.egg-info
[1.295s] writing omni_base_description.egg-info/PKG-INFO
[1.296s] writing dependency_links to omni_base_description.egg-info/dependency_links.txt
[1.296s] writing top-level names to omni_base_description.egg-info/top_level.txt
[1.296s] writing manifest file 'omni_base_description.egg-info/SOURCES.txt'
[1.298s] reading manifest file 'omni_base_description.egg-info/SOURCES.txt'
[1.299s] writing manifest file 'omni_base_description.egg-info/SOURCES.txt'
[1.346s] Built target ament_cmake_python_build_omni_base_description_egg
[1.362s] Invoked command in '/opt/erc_ws/build/omni_base_description' returned '0': AMENT_PREFIX_PATH=/opt/erc_ws/install/launch_pal:/opt/erc_ws/install/tiago_pro_robot:/opt/erc_ws/install/tiago_pro_head_robot:/opt/erc_ws/install/tiago_pro_bringup:/opt/erc_ws/install/tiago_pro_head_bringup:/opt/erc_ws/install/erc_bringup:/opt/erc_ws/install/tiago_pro_description:/opt/erc_ws/install/tiago_pro_head_description:/opt/erc_ws/install/tiago_pro_controller_configuration:/opt/erc_ws/install/tiago_pro_head_controller_configuration:/opt/erc_ws/install/sensors:/opt/erc_ws/install/pal_sea_arm:/opt/erc_ws/install/pal_sea_arm_bringup:/opt/erc_ws/install/pal_sea_arm_description:/opt/erc_ws/install/pal_pro_gripper_simulation:/opt/erc_ws/install/pal_pro_gripper_bringup:/opt/erc_ws/install/pal_pro_gripper:/opt/erc_ws/install/pal_pro_gripper_description:/opt/erc_ws/install/pal_gripper_simulation:/opt/erc_ws/install/pal_gripper:/opt/erc_ws/install/pal_gripper_description:/opt/erc_ws/install/omni_base_robot:/opt/erc_ws/install/omni_base_bringup:/opt/erc_ws/install/omni_base_description:/opt/erc_ws/install/pal_urdf_utils:/opt/erc_ws/install/pal_sea_arm_controller_configuration:/opt/erc_ws/install/pal_pro_gripper_controller_configuration:/opt/erc_ws/install/pal_pro_gripper_wrapper:/opt/erc_ws/install/pal_gripper_controller_configuration:/opt/erc_ws/install/omni_base_controller_configuration:/opt/erc_ws/install/gz_ros2_control:/opt/erc_ws/install/erc_description:/opt/erc_ws/install/erc_solution:/opt/ros/humble CMAKE_PREFIX_PATH=/opt/erc_ws/install/pal_urdf_utils:/opt/erc_ws/install/tiago_pro_robot:/opt/erc_ws/install/tiago_pro_head_robot:/opt/erc_ws/install/tiago_pro_bringup:/opt/erc_ws/install/tiago_pro_head_bringup:/opt/erc_ws/install/erc_bringup:/opt/erc_ws/install/tiago_pro_description:/opt/erc_ws/install/tiago_pro_head_description:/opt/erc_ws/install/tiago_pro_controller_configuration:/opt/erc_ws/install/tiago_pro_head_controller_configuration:/opt/erc_ws/install/pal_sea_arm:/opt/erc_ws/install/pal_sea_arm_bringup:/opt/erc_ws/install/pal_sea_arm_description:/opt/erc_ws/install/pal_pro_gripper_simulation:/opt/erc_ws/install/pal_pro_gripper_bringup:/opt/erc_ws/install/pal_pro_gripper:/opt/erc_ws/install/pal_pro_gripper_description:/opt/erc_ws/install/pal_gripper_simulation:/opt/erc_ws/install/pal_gripper:/opt/erc_ws/install/pal_gripper_description:/opt/erc_ws/install/omni_base_robot:/opt/erc_ws/install/omni_base_bringup:/opt/erc_ws/install/omni_base_description:/opt/erc_ws/install/pal_sea_arm_controller_configuration:/opt/erc_ws/install/pal_pro_gripper_controller_configuration:/opt/erc_ws/install/pal_gripper_controller_configuration:/opt/erc_ws/install/omni_base_controller_configuration:/opt/erc_ws/install/gz_ros2_control:/opt/erc_ws/install/erc_description:/opt/erc_ws/install/sensors:/opt/erc_ws/install/pal_pro_gripper_wrapper:/opt/erc_ws/install/launch_pal:/opt/erc_ws/install/erc_solution:/opt/ros/humble PYTHONPATH=/opt/erc_ws/build/launch_pal:/opt/erc_ws/install/launch_pal/lib/python3.10/site-packages:/opt/erc_ws/install/tiago_pro_description/local/lib/python3.10/dist-packages:/opt/erc_ws/install/tiago_pro_head_description/local/lib/python3.10/dist-packages:/opt/erc_ws/install/sensors/lib/python3.10/site-packages:/opt/erc_ws/install/pal_sea_arm_description/local/lib/python3.10/dist-packages:/opt/erc_ws/install/pal_pro_gripper_description/local/lib/python3.10/dist-packages:/opt/erc_ws/install/omni_base_description/local/lib/python3.10/dist-packages:/opt/erc_ws/install/pal_pro_gripper_wrapper/lib/python3.10/site-packages:/opt/erc_ws/build/erc_solution:/opt/erc_ws/install/erc_solution/lib/python3.10/site-packages:/opt/ros/humble/lib/python3.10/site-packages:/opt/ros/humble/local/lib/python3.10/dist-packages /usr/bin/cmake --build /opt/erc_ws/build/omni_base_description -- -j16 -l16
[1.366s] Invoking command in '/opt/erc_ws/build/omni_base_description': AMENT_PREFIX_PATH=/opt/erc_ws/install/launch_pal:/opt/erc_ws/install/tiago_pro_robot:/opt/erc_ws/install/tiago_pro_head_robot:/opt/erc_ws/install/tiago_pro_bringup:/opt/erc_ws/install/tiago_pro_head_bringup:/opt/erc_ws/install/erc_bringup:/opt/erc_ws/install/tiago_pro_description:/opt/erc_ws/install/tiago_pro_head_description:/opt/erc_ws/install/tiago_pro_controller_configuration:/opt/erc_ws/install/tiago_pro_head_controller_configuration:/opt/erc_ws/install/sensors:/opt/erc_ws/install/pal_sea_arm:/opt/erc_ws/install/pal_sea_arm_bringup:/opt/erc_ws/install/pal_sea_arm_description:/opt/erc_ws/install/pal_pro_gripper_simulation:/opt/erc_ws/install/pal_pro_gripper_bringup:/opt/erc_ws/install/pal_pro_gripper:/opt/erc_ws/install/pal_pro_gripper_description:/opt/erc_ws/install/pal_gripper_simulation:/opt/erc_ws/install/pal_gripper:/opt/erc_ws/install/pal_gripper_description:/opt/erc_ws/install/omni_base_robot:/opt/erc_ws/install/omni_base_bringup:/opt/erc_ws/install/omni_base_description:/opt/erc_ws/install/pal_urdf_utils:/opt/erc_ws/install/pal_sea_arm_controller_configuration:/opt/erc_ws/install/pal_pro_gripper_controller_configuration:/opt/erc_ws/install/pal_pro_gripper_wrapper:/opt/erc_ws/install/pal_gripper_controller_configuration:/opt/erc_ws/install/omni_base_controller_configuration:/opt/erc_ws/install/gz_ros2_control:/opt/erc_ws/install/erc_description:/opt/erc_ws/install/erc_solution:/opt/ros/humble CMAKE_PREFIX_PATH=/opt/erc_ws/install/pal_urdf_utils:/opt/erc_ws/install/tiago_pro_robot:/opt/erc_ws/install/tiago_pro_head_robot:/opt/erc_ws/install/tiago_pro_bringup:/opt/erc_ws/install/tiago_pro_head_bringup:/opt/erc_ws/install/erc_bringup:/opt/erc_ws/install/tiago_pro_description:/opt/erc_ws/install/tiago_pro_head_description:/opt/erc_ws/install/tiago_pro_controller_configuration:/opt/erc_ws/install/tiago_pro_head_controller_configuration:/opt/erc_ws/install/pal_sea_arm:/opt/erc_ws/install/pal_sea_arm_bringup:/opt/erc_ws/install/pal_sea_arm_description:/opt/erc_ws/install/pal_pro_gripper_simulation:/opt/erc_ws/install/pal_pro_gripper_bringup:/opt/erc_ws/install/pal_pro_gripper:/opt/erc_ws/install/pal_pro_gripper_description:/opt/erc_ws/install/pal_gripper_simulation:/opt/erc_ws/install/pal_gripper:/opt/erc_ws/install/pal_gripper_description:/opt/erc_ws/install/omni_base_robot:/opt/erc_ws/install/omni_base_bringup:/opt/erc_ws/install/omni_base_description:/opt/erc_ws/install/pal_sea_arm_controller_configuration:/opt/erc_ws/install/pal_pro_gripper_controller_configuration:/opt/erc_ws/install/pal_gripper_controller_configuration:/opt/erc_ws/install/omni_base_controller_configuration:/opt/erc_ws/install/gz_ros2_control:/opt/erc_ws/install/erc_description:/opt/erc_ws/install/sensors:/opt/erc_ws/install/pal_pro_gripper_wrapper:/opt/erc_ws/install/launch_pal:/opt/erc_ws/install/erc_solution:/opt/ros/humble PYTHONPATH=/opt/erc_ws/build/launch_pal:/opt/erc_ws/install/launch_pal/lib/python3.10/site-packages:/opt/erc_ws/install/tiago_pro_description/local/lib/python3.10/dist-packages:/opt/erc_ws/install/tiago_pro_head_description/local/lib/python3.10/dist-packages:/opt/erc_ws/install/sensors/lib/python3.10/site-packages:/opt/erc_ws/install/pal_sea_arm_description/local/lib/python3.10/dist-packages:/opt/erc_ws/install/pal_pro_gripper_description/local/lib/python3.10/dist-packages:/opt/erc_ws/install/omni_base_description/local/lib/python3.10/dist-packages:/opt/erc_ws/install/pal_pro_gripper_wrapper/lib/python3.10/site-packages:/opt/erc_ws/build/erc_solution:/opt/erc_ws/install/erc_solution/lib/python3.10/site-packages:/opt/ros/humble/lib/python3.10/site-packages:/opt/ros/humble/local/lib/python3.10/dist-packages /usr/bin/cmake --install /opt/erc_ws/build/omni_base_description
[1.371s] -- Install configuration: ""
[1.372s] -- Execute custom install script
[1.374s] -- Symlinking: /opt/erc_ws/install/omni_base_description/share/omni_base_description/environment/pythonpath.sh
[1.382s] -- Symlinking: /opt/erc_ws/install/omni_base_description/share/omni_base_description/environment/pythonpath.dsv
[1.392s] -- Symlinking: /opt/erc_ws/install/omni_base_description/local/lib/python3.10/dist-packages/omni_base_description-2.18.0-py3.10.egg-info/PKG-INFO
[1.399s] -- Symlinking: /opt/erc_ws/install/omni_base_description/local/lib/python3.10/dist-packages/omni_base_description-2.18.0-py3.10.egg-info/SOURCES.txt
[1.408s] -- Symlinking: /opt/erc_ws/install/omni_base_description/local/lib/python3.10/dist-packages/omni_base_description-2.18.0-py3.10.egg-info/dependency_links.txt
[1.417s] -- Symlinking: /opt/erc_ws/install/omni_base_description/local/lib/python3.10/dist-packages/omni_base_description-2.18.0-py3.10.egg-info/top_level.txt
[1.426s] -- Symlinking: /opt/erc_ws/install/omni_base_description/local/lib/python3.10/dist-packages/omni_base_description/__init__.py
[1.436s] -- Symlinking: /opt/erc_ws/install/omni_base_description/local/lib/python3.10/dist-packages/omni_base_description/launch_arguments.py
[1.445s] -- Symlinking: /opt/erc_ws/install/omni_base_description/share/omni_base_description/rviz/omni_base.rviz
[1.456s] -- Symlinking: /opt/erc_ws/install/omni_base_description/share/omni_base_description/launch/robot_state_publisher.launch.py
[1.463s] -- Symlinking: /opt/erc_ws/install/omni_base_description/share/omni_base_description/launch/show.launch.py
[1.473s] -- Symlinking: /opt/erc_ws/install/omni_base_description/share/omni_base_description/meshes/base/base_antenna_link.stl
[1.483s] -- Symlinking: /opt/erc_ws/install/omni_base_description/share/omni_base_description/meshes/base/base_antenna_link_reflected.stl
[1.494s] -- Symlinking: /opt/erc_ws/install/omni_base_description/share/omni_base_description/meshes/base/base_dock_link.stl
[1.503s] -- Symlinking: /opt/erc_ws/install/omni_base_description/share/omni_base_description/meshes/base/base_link.stl
[1.512s] -- Symlinking: /opt/erc_ws/install/omni_base_description/share/omni_base_description/meshes/cameras_add_on/camera_horizon.stl
[1.523s] -- Symlinking: /opt/erc_ws/install/omni_base_description/share/omni_base_description/meshes/cameras_add_on/cameras_add_on.stl
[1.531s] -- Symlinking: /opt/erc_ws/install/omni_base_description/share/omni_base_description/meshes/wheels/suspension_front_link.stl
[1.544s] -- Symlinking: /opt/erc_ws/install/omni_base_description/share/omni_base_description/meshes/wheels/suspension_front_link_reflected.stl
[1.552s] -- Symlinking: /opt/erc_ws/install/omni_base_description/share/omni_base_description/meshes/wheels/suspension_rear_link.stl
[1.561s] -- Symlinking: /opt/erc_ws/install/omni_base_description/share/omni_base_description/meshes/wheels/suspension_rear_link_reflected.stl
[1.572s] -- Symlinking: /opt/erc_ws/install/omni_base_description/share/omni_base_description/meshes/wheels/wheel_link.stl
[1.581s] -- Symlinking: /opt/erc_ws/install/omni_base_description/share/omni_base_description/meshes/wheels/wheel_link_reflected.stl
[1.590s] -- Symlinking: /opt/erc_ws/install/omni_base_description/share/omni_base_description/config/omni_base_configuration.yaml
[1.599s] -- Symlinking: /opt/erc_ws/install/omni_base_description/share/omni_base_description/robots/omni_base.urdf.xacro
[1.609s] -- Symlinking: /opt/erc_ws/install/omni_base_description/share/omni_base_description/mujoco/assets/decomposed/metadata.json
[1.617s] -- Symlinking: /opt/erc_ws/install/omni_base_description/share/omni_base_description/mujoco/assets/decomposed/wheel_link/mtl_m6_wheel_link
[1.629s] -- Symlinking: /opt/erc_ws/install/omni_base_description/share/omni_base_description/mujoco/assets/decomposed/wheel_link/wheel_link.obj
[1.638s] -- Symlinking: /opt/erc_ws/install/omni_base_description/share/omni_base_description/mujoco/assets/decomposed/wheel_link/wheel_link/material.mtl
[1.647s] -- Symlinking: /opt/erc_ws/install/omni_base_description/share/omni_base_description/mujoco/assets/decomposed/wheel_link/wheel_link/wheel_link.obj
[1.657s] -- Symlinking: /opt/erc_ws/install/omni_base_description/share/omni_base_description/mujoco/assets/decomposed/wheel_link/wheel_link/wheel_link.xml
[1.664s] -- Symlinking: /opt/erc_ws/install/omni_base_description/share/omni_base_description/mujoco/assets/decomposed/wheel_link/wheel_link/wheel_link_collision_0.obj
[1.672s] -- Symlinking: /opt/erc_ws/install/omni_base_description/share/omni_base_description/mujoco/assets/decomposed/wheel_link/wheel_link/wheel_link_collision_1.obj
[1.682s] -- Symlinking: /opt/erc_ws/install/omni_base_description/share/omni_base_description/mujoco/assets/decomposed/wheel_link_reflected/mtl_m8_wheel_link_reflected
[1.689s] -- Symlinking: /opt/erc_ws/install/omni_base_description/share/omni_base_description/mujoco/assets/decomposed/wheel_link_reflected/wheel_link_reflected.obj
[1.700s] -- Symlinking: /opt/erc_ws/install/omni_base_description/share/omni_base_description/mujoco/assets/decomposed/wheel_link_reflected/wheel_link_reflected/material.mtl
[1.713s] -- Symlinking: /opt/erc_ws/install/omni_base_description/share/omni_base_description/mujoco/assets/decomposed/wheel_link_reflected/wheel_link_reflected/wheel_link_reflected.obj
[1.722s] -- Symlinking: /opt/erc_ws/install/omni_base_description/share/omni_base_description/mujoco/assets/decomposed/wheel_link_reflected/wheel_link_reflected/wheel_link_reflected.xml
[1.731s] -- Symlinking: /opt/erc_ws/install/omni_base_description/share/omni_base_description/mujoco/assets/decomposed/wheel_link_reflected/wheel_link_reflected/wheel_link_reflected_collision_0.obj
[1.740s] -- Symlinking: /opt/erc_ws/install/omni_base_description/share/omni_base_description/mujoco/assets/decomposed/wheel_link_reflected/wheel_link_reflected/wheel_link_reflected_collision_1.obj
[1.750s] -- Symlinking: /opt/erc_ws/install/omni_base_description/share/omni_base_description/mujoco/mj_tags.xacro
[1.758s] -- Symlinking: /opt/erc_ws/install/omni_base_description/share/omni_base_description/ros2_control/gazebo_controller_manager_cfg.yaml
[1.771s] -- Symlinking: /opt/erc_ws/install/omni_base_description/share/omni_base_description/ros2_control/ros2_control.urdf.xacro
[1.779s] -- Symlinking: /opt/erc_ws/install/omni_base_description/share/omni_base_description/urdf/base/base.gazebo.xacro
[1.789s] -- Symlinking: /opt/erc_ws/install/omni_base_description/share/omni_base_description/urdf/base/base.urdf.xacro
[1.797s] -- Symlinking: /opt/erc_ws/install/omni_base_description/share/omni_base_description/urdf/base/base_sensors.urdf.xacro
[1.805s] -- Symlinking: /opt/erc_ws/install/omni_base_description/share/omni_base_description/urdf/cameras_add_on/camera_horizon_add_on.urdf.xacro
[1.813s] -- Symlinking: /opt/erc_ws/install/omni_base_description/share/omni_base_description/urdf/cameras_add_on/cameras.urdf.xacro
[1.821s] -- Symlinking: /opt/erc_ws/install/omni_base_description/share/omni_base_description/urdf/cameras_add_on/cameras_add_on.urdf.xacro
[1.830s] -- Symlinking: /opt/erc_ws/install/omni_base_description/share/omni_base_description/urdf/objects/antenna.urdf.xacro
[1.839s] -- Symlinking: /opt/erc_ws/install/omni_base_description/share/omni_base_description/urdf/wheels/wheel.gazebo.xacro
[1.848s] -- Symlinking: /opt/erc_ws/install/omni_base_description/share/omni_base_description/urdf/wheels/wheel.ros2_control.xacro
[1.858s] -- Symlinking: /opt/erc_ws/install/omni_base_description/share/omni_base_description/urdf/wheels/wheel.urdf.xacro
[1.868s] -- Symlinking: /opt/erc_ws/install/omni_base_description/share/ament_index/resource_index/package_run_dependencies/omni_base_description
[1.880s] -- Symlinking: /opt/erc_ws/install/omni_base_description/share/ament_index/resource_index/parent_prefix_path/omni_base_description
[1.888s] -- Symlinking: /opt/erc_ws/install/omni_base_description/share/omni_base_description/environment/ament_prefix_path.sh
[1.897s] -- Symlinking: /opt/erc_ws/install/omni_base_description/share/omni_base_description/environment/ament_prefix_path.dsv
[1.906s] -- Symlinking: /opt/erc_ws/install/omni_base_description/share/omni_base_description/environment/path.sh
[1.916s] -- Symlinking: /opt/erc_ws/install/omni_base_description/share/omni_base_description/environment/path.dsv
[1.928s] -- Symlinking: /opt/erc_ws/install/omni_base_description/share/omni_base_description/local_setup.bash
[1.935s] -- Symlinking: /opt/erc_ws/install/omni_base_description/share/omni_base_description/local_setup.sh
[1.942s] -- Symlinking: /opt/erc_ws/install/omni_base_description/share/omni_base_description/local_setup.zsh
[1.952s] -- Symlinking: /opt/erc_ws/install/omni_base_description/share/omni_base_description/local_setup.dsv
[1.964s] -- Symlinking: /opt/erc_ws/install/omni_base_description/share/omni_base_description/package.dsv
[1.969s] -- Symlinking: /opt/erc_ws/install/omni_base_description/share/ament_index/resource_index/packages/omni_base_description
[1.980s] -- Symlinking: /opt/erc_ws/install/omni_base_description/share/omni_base_description/cmake/omni_base_descriptionConfig.cmake
[1.991s] -- Symlinking: /opt/erc_ws/install/omni_base_description/share/omni_base_description/cmake/omni_base_descriptionConfig-version.cmake
[2.000s] -- Symlinking: /opt/erc_ws/install/omni_base_description/share/omni_base_description/package.xml
[2.052s] Listing '/opt/erc_ws/install/omni_base_description/local/lib/python3.10/dist-packages/omni_base_description'...
[2.052s] Compiling '/opt/erc_ws/install/omni_base_description/local/lib/python3.10/dist-packages/omni_base_description/__init__.py'...
[2.053s] Compiling '/opt/erc_ws/install/omni_base_description/local/lib/python3.10/dist-packages/omni_base_description/launch_arguments.py'...
[2.087s] Invoked command in '/opt/erc_ws/build/omni_base_description' returned '0': AMENT_PREFIX_PATH=/opt/erc_ws/install/launch_pal:/opt/erc_ws/install/tiago_pro_robot:/opt/erc_ws/install/tiago_pro_head_robot:/opt/erc_ws/install/tiago_pro_bringup:/opt/erc_ws/install/tiago_pro_head_bringup:/opt/erc_ws/install/erc_bringup:/opt/erc_ws/install/tiago_pro_description:/opt/erc_ws/install/tiago_pro_head_description:/opt/erc_ws/install/tiago_pro_controller_configuration:/opt/erc_ws/install/tiago_pro_head_controller_configuration:/opt/erc_ws/install/sensors:/opt/erc_ws/install/pal_sea_arm:/opt/erc_ws/install/pal_sea_arm_bringup:/opt/erc_ws/install/pal_sea_arm_description:/opt/erc_ws/install/pal_pro_gripper_simulation:/opt/erc_ws/install/pal_pro_gripper_bringup:/opt/erc_ws/install/pal_pro_gripper:/opt/erc_ws/install/pal_pro_gripper_description:/opt/erc_ws/install/pal_gripper_simulation:/opt/erc_ws/install/pal_gripper:/opt/erc_ws/install/pal_gripper_description:/opt/erc_ws/install/omni_base_robot:/opt/erc_ws/install/omni_base_bringup:/opt/erc_ws/install/omni_base_description:/opt/erc_ws/install/pal_urdf_utils:/opt/erc_ws/install/pal_sea_arm_controller_configuration:/opt/erc_ws/install/pal_pro_gripper_controller_configuration:/opt/erc_ws/install/pal_pro_gripper_wrapper:/opt/erc_ws/install/pal_gripper_controller_configuration:/opt/erc_ws/install/omni_base_controller_configuration:/opt/erc_ws/install/gz_ros2_control:/opt/erc_ws/install/erc_description:/opt/erc_ws/install/erc_solution:/opt/ros/humble CMAKE_PREFIX_PATH=/opt/erc_ws/install/pal_urdf_utils:/opt/erc_ws/install/tiago_pro_robot:/opt/erc_ws/install/tiago_pro_head_robot:/opt/erc_ws/install/tiago_pro_bringup:/opt/erc_ws/install/tiago_pro_head_bringup:/opt/erc_ws/install/erc_bringup:/opt/erc_ws/install/tiago_pro_description:/opt/erc_ws/install/tiago_pro_head_description:/opt/erc_ws/install/tiago_pro_controller_configuration:/opt/erc_ws/install/tiago_pro_head_controller_configuration:/opt/erc_ws/install/pal_sea_arm:/opt/erc_ws/install/pal_sea_arm_bringup:/opt/erc_ws/install/pal_sea_arm_description:/opt/erc_ws/install/pal_pro_gripper_simulation:/opt/erc_ws/install/pal_pro_gripper_bringup:/opt/erc_ws/install/pal_pro_gripper:/opt/erc_ws/install/pal_pro_gripper_description:/opt/erc_ws/install/pal_gripper_simulation:/opt/erc_ws/install/pal_gripper:/opt/erc_ws/install/pal_gripper_description:/opt/erc_ws/install/omni_base_robot:/opt/erc_ws/install/omni_base_bringup:/opt/erc_ws/install/omni_base_description:/opt/erc_ws/install/pal_sea_arm_controller_configuration:/opt/erc_ws/install/pal_pro_gripper_controller_configuration:/opt/erc_ws/install/pal_gripper_controller_configuration:/opt/erc_ws/install/omni_base_controller_configuration:/opt/erc_ws/install/gz_ros2_control:/opt/erc_ws/install/erc_description:/opt/erc_ws/install/sensors:/opt/erc_ws/install/pal_pro_gripper_wrapper:/opt/erc_ws/install/launch_pal:/opt/erc_ws/install/erc_solution:/opt/ros/humble PYTHONPATH=/opt/erc_ws/build/launch_pal:/opt/erc_ws/install/launch_pal/lib/python3.10/site-packages:/opt/erc_ws/install/tiago_pro_description/local/lib/python3.10/dist-packages:/opt/erc_ws/install/tiago_pro_head_description/local/lib/python3.10/dist-packages:/opt/erc_ws/install/sensors/lib/python3.10/site-packages:/opt/erc_ws/install/pal_sea_arm_description/local/lib/python3.10/dist-packages:/opt/erc_ws/install/pal_pro_gripper_description/local/lib/python3.10/dist-packages:/opt/erc_ws/install/omni_base_description/local/lib/python3.10/dist-packages:/opt/erc_ws/install/pal_pro_gripper_wrapper/lib/python3.10/site-packages:/opt/erc_ws/build/erc_solution:/opt/erc_ws/install/erc_solution/lib/python3.10/site-packages:/opt/ros/humble/lib/python3.10/site-packages:/opt/ros/humble/local/lib/python3.10/dist-packages /usr/bin/cmake --install /opt/erc_ws/build/omni_base_description
