[0.374s] Invoking command in '/opt/erc_ws/build/erc_description': CMAKE_PREFIX_PATH=${CMAKE_PREFIX_PATH}:/opt/erc_ws/install/sensors:/opt/erc_ws/install/pal_pro_gripper_wrapper:/opt/erc_ws/install/launch_pal:/opt/erc_ws/install/erc_solution:/opt/ros/humble /usr/bin/cmake /opt/erc_ws/src/erc_description -DAMENT_CMAKE_SYMLINK_INSTALL=1 -DCMAKE_INSTALL_PREFIX=/opt/erc_ws/install/erc_description
[0.571s] -- Found ament_cmake: 1.3.14 (/opt/ros/humble/share/ament_cmake/cmake)
[0.571s] -- Override CMake install command with custom implementation using symlinks instead of copying resources
[0.572s] -- Configuring done
[0.572s] -- Generating done
[0.572s] -- Build files have been written to: /opt/erc_ws/build/erc_description
[0.737s] Invoked command in '/opt/erc_ws/build/erc_description' returned '0': CMAKE_PREFIX_PATH=${CMAKE_PREFIX_PATH}:/opt/erc_ws/install/sensors:/opt/erc_ws/install/pal_pro_gripper_wrapper:/opt/erc_ws/install/launch_pal:/opt/erc_ws/install/erc_solution:/opt/ros/humble /usr/bin/cmake /opt/erc_ws/src/erc_description -DAMENT_CMAKE_SYMLINK_INSTALL=1 -DCMAKE_INSTALL_PREFIX=/opt/erc_ws/install/erc_description
[0.738s] Invoking command in '/opt/erc_ws/build/erc_description': CMAKE_PREFIX_PATH=${CMAKE_PREFIX_PATH}:/opt/erc_ws/install/sensors:/opt/erc_ws/install/pal_pro_gripper_wrapper:/opt/erc_ws/install/launch_pal:/opt/erc_ws/install/erc_solution:/opt/ros/humble /usr/bin/cmake --build /opt/erc_ws/build/erc_description -- -j16 -l16
[0.769s] Invoked command in '/opt/erc_ws/build/erc_description' returned '0': CMAKE_PREFIX_PATH=${CMAKE_PREFIX_PATH}:/opt/erc_ws/install/sensors:/opt/erc_ws/install/pal_pro_gripper_wrapper:/opt/erc_ws/install/launch_pal:/opt/erc_ws/install/erc_solution:/opt/ros/humble /usr/bin/cmake --build /opt/erc_ws/build/erc_description -- -j16 -l16
[0.776s] Invoking command in '/opt/erc_ws/build/erc_description': CMAKE_PREFIX_PATH=${CMAKE_PREFIX_PATH}:/opt/erc_ws/install/sensors:/opt/erc_ws/install/pal_pro_gripper_wrapper:/opt/erc_ws/install/launch_pal:/opt/erc_ws/install/erc_solution:/opt/ros/humble /usr/bin/cmake --install /opt/erc_ws/build/erc_description
[0.785s] -- Install configuration: ""
[0.785s] -- Execute custom install script
[0.786s] -- Symlinking: /opt/erc_ws/install/erc_description/share/erc_description/models/book/meshes/erc_base_book.STL
[0.793s] -- Symlinking: /opt/erc_ws/install/erc_description/share/erc_description/models/book/sdf/erc_book.sdf
[0.799s] -- Symlinking: /opt/erc_ws/install/erc_description/share/erc_description/models/collection_bin/.gitkeep
[0.807s] -- Symlinking: /opt/erc_ws/install/erc_description/share/erc_description/models/collection_bin/meshes/erc_base_collection_bin.STL
[0.817s] -- Symlinking: /opt/erc_ws/install/erc_description/share/erc_description/models/collection_bin/sdf/erc_collection_bin.sdf
[0.825s] -- Symlinking: /opt/erc_ws/install/erc_description/share/erc_description/models/number_marker/.gitkeep
[0.836s] -- Symlinking: /opt/erc_ws/install/erc_description/share/erc_description/models/number_marker/sdf/erc_number_marker.sdf
[0.845s] -- Symlinking: /opt/erc_ws/install/erc_description/share/erc_description/models/number_marker/textures/0.png
[0.855s] -- Symlinking: /opt/erc_ws/install/erc_description/share/erc_description/models/number_marker/textures/1.png
[0.866s] -- Symlinking: /opt/erc_ws/install/erc_description/share/erc_description/models/number_marker/textures/2.png
[0.875s] -- Symlinking: /opt/erc_ws/install/erc_description/share/erc_description/models/number_marker/textures/3.png
[0.887s] -- Symlinking: /opt/erc_ws/install/erc_description/share/erc_description/models/number_marker/textures/4.png
[0.898s] -- Symlinking: /opt/erc_ws/install/erc_description/share/erc_description/models/number_marker/textures/5.png
[0.906s] -- Symlinking: /opt/erc_ws/install/erc_description/share/erc_description/models/number_marker/textures/6.png
[0.915s] -- Symlinking: /opt/erc_ws/install/erc_description/share/erc_description/models/number_marker/textures/7.png
[0.922s] -- Symlinking: /opt/erc_ws/install/erc_description/share/erc_description/models/number_marker/textures/8.png
[0.928s] -- Symlinking: /opt/erc_ws/install/erc_description/share/erc_description/models/number_marker/textures/9.png
[0.937s] -- Symlinking: /opt/erc_ws/install/erc_description/share/erc_description/models/number_marker/textures/combined.jpg
[0.948s] -- Symlinking: /opt/erc_ws/install/erc_description/share/erc_description/models/shelf/.gitkeep
[0.957s] -- Symlinking: /opt/erc_ws/install/erc_description/share/erc_description/models/shelf/meshes/erc_base_shelf.STL
[0.966s] -- Symlinking: /opt/erc_ws/install/erc_description/share/erc_description/models/shelf/sdf/erc_shelf.sdf
[0.974s] -- Symlinking: /opt/erc_ws/install/erc_description/share/erc_description/models/table/meshes/erc_base_table.STL
[0.981s] -- Symlinking: /opt/erc_ws/install/erc_description/share/erc_description/models/table/sdf/erc_table.sdf
[0.989s] -- Symlinking: /opt/erc_ws/install/erc_description/share/erc_description/worlds/.gitkeep
[0.997s] -- Symlinking: /opt/erc_ws/install/erc_description/share/erc_description/worlds/erc_world.sdf
[1.009s] -- Symlinking: /opt/erc_ws/install/erc_description/share/erc_description/materials/textures/arena_floor.png
[1.016s] -- Symlinking: /opt/erc_ws/install/erc_description/share/erc_description/urdf/tiago_pro.urdf
[1.023s] -- Symlinking: /opt/erc_ws/install/erc_description/share/ament_index/resource_index/package_run_dependencies/erc_description
[1.031s] -- Symlinking: /opt/erc_ws/install/erc_description/share/ament_index/resource_index/parent_prefix_path/erc_description
[1.039s] -- Symlinking: /opt/erc_ws/install/erc_description/share/erc_description/environment/ament_prefix_path.sh
[1.050s] -- Symlinking: /opt/erc_ws/install/erc_description/share/erc_description/environment/ament_prefix_path.dsv
[1.060s] -- Symlinking: /opt/erc_ws/install/erc_description/share/erc_description/environment/path.sh
[1.072s] -- Symlinking: /opt/erc_ws/install/erc_description/share/erc_description/environment/path.dsv
[1.083s] -- Symlinking: /opt/erc_ws/install/erc_description/share/erc_description/local_setup.bash
[1.093s] -- Symlinking: /opt/erc_ws/install/erc_description/share/erc_description/local_setup.sh
[1.101s] -- Symlinking: /opt/erc_ws/install/erc_description/share/erc_description/local_setup.zsh
[1.109s] -- Symlinking: /opt/erc_ws/install/erc_description/share/erc_description/local_setup.dsv
[1.117s] -- Symlinking: /opt/erc_ws/install/erc_description/share/erc_description/package.dsv
[1.125s] -- Symlinking: /opt/erc_ws/install/erc_description/share/ament_index/resource_index/packages/erc_description
[1.133s] -- Symlinking: /opt/erc_ws/install/erc_description/share/erc_description/cmake/erc_descriptionConfig.cmake
[1.140s] -- Symlinking: /opt/erc_ws/install/erc_description/share/erc_description/cmake/erc_descriptionConfig-version.cmake
[1.148s] -- Symlinking: /opt/erc_ws/install/erc_description/share/erc_description/package.xml
[1.156s] Invoked command in '/opt/erc_ws/build/erc_description' returned '0': CMAKE_PREFIX_PATH=${CMAKE_PREFIX_PATH}:/opt/erc_ws/install/sensors:/opt/erc_ws/install/pal_pro_gripper_wrapper:/opt/erc_ws/install/launch_pal:/opt/erc_ws/install/erc_solution:/opt/ros/humble /usr/bin/cmake --install /opt/erc_ws/build/erc_description
