[2.232s] Invoking command in '/opt/erc_ws/build/erc_solution': PYTHONPATH=/opt/erc_ws/build/erc_solution/prefix_override:/usr/lib/python3/dist-packages/colcon_core/task/python/colcon_distutils_commands:/opt/erc_ws/install/erc_solution/lib/python3.10/site-packages:${PYTHONPATH} /usr/bin/python3 -W ignore:setup.py install is deprecated -W ignore:easy_install command is deprecated setup.py develop --editable --build-directory /opt/erc_ws/build/erc_solution/build --no-deps symlink_data
[2.525s] running develop
[2.678s] running egg_info
[2.679s] writing erc_solution.egg-info/PKG-INFO
[2.679s] writing dependency_links to erc_solution.egg-info/dependency_links.txt
[2.679s] writing entry points to erc_solution.egg-info/entry_points.txt
[2.679s] writing requirements to erc_solution.egg-info/requires.txt
[2.679s] writing top-level names to erc_solution.egg-info/top_level.txt
[2.682s] reading manifest file 'erc_solution.egg-info/SOURCES.txt'
[2.684s] writing manifest file 'erc_solution.egg-info/SOURCES.txt'
[2.685s] running build_ext
[2.686s] Creating /opt/erc_ws/install/erc_solution/lib/python3.10/site-packages/erc-solution.egg-link (link to .)
[2.686s] Installing book_colour_detector script to /opt/erc_ws/install/erc_solution/lib/erc_solution
[2.687s] Installing column_navigator script to /opt/erc_ws/install/erc_solution/lib/erc_solution
[2.687s] Installing grasp_controller script to /opt/erc_ws/install/erc_solution/lib/erc_solution
[2.688s] Installing shelf_column_detector script to /opt/erc_ws/install/erc_solution/lib/erc_solution
[2.689s] 
[2.689s] Installed /opt/erc_ws/build/erc_solution
[2.689s] running symlink_data
[2.726s] Invoked command in '/opt/erc_ws/build/erc_solution' returned '0': PYTHONPATH=/opt/erc_ws/build/erc_solution/prefix_override:/usr/lib/python3/dist-packages/colcon_core/task/python/colcon_distutils_commands:/opt/erc_ws/install/erc_solution/lib/python3.10/site-packages:${PYTHONPATH} /usr/bin/python3 -W ignore:setup.py install is deprecated -W ignore:easy_install command is deprecated setup.py develop --editable --build-directory /opt/erc_ws/build/erc_solution/build --no-deps symlink_data
