[0.016s] Invoking command in '/opt/erc_ws/build/pal_gripper': AMENT_PREFIX_PATH=/opt/erc_ws/install/pal_gripper_description:/opt/erc_ws/install/pal_urdf_utils:/opt/erc_ws/install/pal_gripper_controller_configuration:${AMENT_PREFIX_PATH} CMAKE_PREFIX_PATH=/opt/erc_ws/install/pal_gripper_description:/opt/erc_ws/install/pal_urdf_utils:/opt/erc_ws/install/pal_gripper_controller_configuration:/opt/erc_ws/install/erc_solution:/opt/ros/humble /usr/bin/cmake /opt/erc_ws/src/pal_gripper/pal_gripper -DCMAKE_INSTALL_PREFIX=/opt/erc_ws/install/pal_gripper
[0.058s] -- The C compiler identification is GNU 11.4.0
[0.103s] -- The CXX compiler identification is GNU 11.4.0
[0.108s] -- Detecting C compiler ABI info
[0.173s] -- Detecting C compiler ABI info - done
[0.180s] -- Check for working C compiler: /usr/bin/cc - skipped
[0.182s] -- Detecting C compile features
[0.182s] -- Detecting C compile features - done
[0.182s] -- Detecting CXX compiler ABI info
[0.258s] -- Detecting CXX compiler ABI info - done
[0.262s] -- Check for working CXX compiler: /usr/bin/c++ - skipped
[0.265s] -- Detecting CXX compile features
[0.265s] -- Detecting CXX compile features - done
[0.265s] -- Found ament_cmake: 1.3.14 (/opt/ros/humble/share/ament_cmake/cmake)
[0.393s] -- Found Python3: /usr/bin/python3 (found version "3.10.12") found components: Interpreter 
[0.612s] -- Configuring done
[0.616s] -- Generating done
[0.619s] -- Build files have been written to: /opt/erc_ws/build/pal_gripper
[0.624s] Invoked command in '/opt/erc_ws/build/pal_gripper' returned '0': AMENT_PREFIX_PATH=/opt/erc_ws/install/pal_gripper_description:/opt/erc_ws/install/pal_urdf_utils:/opt/erc_ws/install/pal_gripper_controller_configuration:${AMENT_PREFIX_PATH} CMAKE_PREFIX_PATH=/opt/erc_ws/install/pal_gripper_description:/opt/erc_ws/install/pal_urdf_utils:/opt/erc_ws/install/pal_gripper_controller_configuration:/opt/erc_ws/install/erc_solution:/opt/ros/humble /usr/bin/cmake /opt/erc_ws/src/pal_gripper/pal_gripper -DCMAKE_INSTALL_PREFIX=/opt/erc_ws/install/pal_gripper
[0.627s] Invoking command in '/opt/erc_ws/build/pal_gripper': AMENT_PREFIX_PATH=/opt/erc_ws/install/pal_gripper_description:/opt/erc_ws/install/pal_urdf_utils:/opt/erc_ws/install/pal_gripper_controller_configuration:${AMENT_PREFIX_PATH} CMAKE_PREFIX_PATH=/opt/erc_ws/install/pal_gripper_description:/opt/erc_ws/install/pal_urdf_utils:/opt/erc_ws/install/pal_gripper_controller_configuration:/opt/erc_ws/install/erc_solution:/opt/ros/humble /usr/bin/cmake --build /opt/erc_ws/build/pal_gripper -- -j16 -l16
[0.662s] Invoked command in '/opt/erc_ws/build/pal_gripper' returned '0': AMENT_PREFIX_PATH=/opt/erc_ws/install/pal_gripper_description:/opt/erc_ws/install/pal_urdf_utils:/opt/erc_ws/install/pal_gripper_controller_configuration:${AMENT_PREFIX_PATH} CMAKE_PREFIX_PATH=/opt/erc_ws/install/pal_gripper_description:/opt/erc_ws/install/pal_urdf_utils:/opt/erc_ws/install/pal_gripper_controller_configuration:/opt/erc_ws/install/erc_solution:/opt/ros/humble /usr/bin/cmake --build /opt/erc_ws/build/pal_gripper -- -j16 -l16
[0.665s] Invoking command in '/opt/erc_ws/build/pal_gripper': AMENT_PREFIX_PATH=/opt/erc_ws/install/pal_gripper_description:/opt/erc_ws/install/pal_urdf_utils:/opt/erc_ws/install/pal_gripper_controller_configuration:${AMENT_PREFIX_PATH} CMAKE_PREFIX_PATH=/opt/erc_ws/install/pal_gripper_description:/opt/erc_ws/install/pal_urdf_utils:/opt/erc_ws/install/pal_gripper_controller_configuration:/opt/erc_ws/install/erc_solution:/opt/ros/humble /usr/bin/cmake --install /opt/erc_ws/build/pal_gripper
[0.670s] -- Install configuration: ""
[0.671s] -- Installing: /opt/erc_ws/install/pal_gripper/share/ament_index/resource_index/package_run_dependencies/pal_gripper
[0.671s] -- Installing: /opt/erc_ws/install/pal_gripper/share/ament_index/resource_index/parent_prefix_path/pal_gripper
[0.671s] -- Installing: /opt/erc_ws/install/pal_gripper/share/pal_gripper/environment/ament_prefix_path.sh
[0.672s] -- Installing: /opt/erc_ws/install/pal_gripper/share/pal_gripper/environment/ament_prefix_path.dsv
[0.672s] -- Installing: /opt/erc_ws/install/pal_gripper/share/pal_gripper/environment/path.sh
[0.672s] -- Installing: /opt/erc_ws/install/pal_gripper/share/pal_gripper/environment/path.dsv
[0.672s] -- Installing: /opt/erc_ws/install/pal_gripper/share/pal_gripper/local_setup.bash
[0.673s] -- Installing: /opt/erc_ws/install/pal_gripper/share/pal_gripper/local_setup.sh
[0.673s] -- Installing: /opt/erc_ws/install/pal_gripper/share/pal_gripper/local_setup.zsh
[0.673s] -- Installing: /opt/erc_ws/install/pal_gripper/share/pal_gripper/local_setup.dsv
[0.673s] -- Installing: /opt/erc_ws/install/pal_gripper/share/pal_gripper/package.dsv
[0.674s] -- Installing: /opt/erc_ws/install/pal_gripper/share/ament_index/resource_index/packages/pal_gripper
[0.674s] -- Installing: /opt/erc_ws/install/pal_gripper/share/pal_gripper/cmake/pal_gripperConfig.cmake
[0.674s] -- Installing: /opt/erc_ws/install/pal_gripper/share/pal_gripper/cmake/pal_gripperConfig-version.cmake
[0.674s] -- Installing: /opt/erc_ws/install/pal_gripper/share/pal_gripper/package.xml
[0.677s] Invoked command in '/opt/erc_ws/build/pal_gripper' returned '0': AMENT_PREFIX_PATH=/opt/erc_ws/install/pal_gripper_description:/opt/erc_ws/install/pal_urdf_utils:/opt/erc_ws/install/pal_gripper_controller_configuration:${AMENT_PREFIX_PATH} CMAKE_PREFIX_PATH=/opt/erc_ws/install/pal_gripper_description:/opt/erc_ws/install/pal_urdf_utils:/opt/erc_ws/install/pal_gripper_controller_configuration:/opt/erc_ws/install/erc_solution:/opt/ros/humble /usr/bin/cmake --install /opt/erc_ws/build/pal_gripper
