[0.018s] Invoking command in '/opt/erc_ws/build/pal_pro_gripper_description': CMAKE_PREFIX_PATH=/opt/erc_ws/install/pal_urdf_utils:/opt/erc_ws/install/tiago_pro_robot:/opt/erc_ws/install/tiago_pro_head_robot:/opt/erc_ws/install/tiago_pro_bringup:/opt/erc_ws/install/tiago_pro_head_bringup:/opt/erc_ws/install/erc_bringup:/opt/erc_ws/install/tiago_pro_description:/opt/erc_ws/install/tiago_pro_head_description:/opt/erc_ws/install/tiago_pro_controller_configuration:/opt/erc_ws/install/tiago_pro_head_controller_configuration:/opt/erc_ws/install/pal_sea_arm:/opt/erc_ws/install/pal_sea_arm_bringup:/opt/erc_ws/install/pal_sea_arm_description:/opt/erc_ws/install/pal_pro_gripper_simulation:/opt/erc_ws/install/pal_pro_gripper_bringup:/opt/erc_ws/install/pal_pro_gripper:/opt/erc_ws/install/pal_pro_gripper_description:/opt/erc_ws/install/pal_gripper_simulation:/opt/erc_ws/install/pal_gripper:/opt/erc_ws/install/pal_gripper_description:/opt/erc_ws/install/omni_base_robot:/opt/erc_ws/install/omni_base_bringup:/opt/erc_ws/install/omni_base_description:/opt/erc_ws/install/pal_sea_arm_controller_configuration:/opt/erc_ws/install/pal_pro_gripper_controller_configuration:/opt/erc_ws/install/pal_gripper_controller_configuration:/opt/erc_ws/install/omni_base_controller_configuration:/opt/erc_ws/install/gz_ros2_control:/opt/erc_ws/install/erc_description:/opt/erc_ws/install/sensors:/opt/erc_ws/install/pal_pro_gripper_wrapper:/opt/erc_ws/install/launch_pal:/opt/erc_ws/install/erc_solution:/opt/ros/humble /usr/bin/cmake /opt/erc_ws/src/pal_pro_gripper/pal_pro_gripper_description -DAMENT_CMAKE_SYMLINK_INSTALL=1 -DCMAKE_INSTALL_PREFIX=/opt/erc_ws/install/pal_pro_gripper_description
[0.064s] -- The C compiler identification is GNU 11.4.0
[0.121s] -- The CXX compiler identification is GNU 11.4.0
[0.130s] -- Detecting C compiler ABI info
[0.188s] -- Detecting C compiler ABI info - done
[0.193s] -- Check for working C compiler: /usr/bin/cc - skipped
[0.193s] -- Detecting C compile features
[0.194s] -- Detecting C compile features - done
[0.196s] -- Detecting CXX compiler ABI info
[0.259s] -- Detecting CXX compiler ABI info - done
[0.267s] -- Check for working CXX compiler: /usr/bin/c++ - skipped
[0.267s] -- Detecting CXX compile features
[0.267s] -- Detecting CXX compile features - done
[0.270s] -- Found ament_cmake_auto: 1.3.14 (/opt/ros/humble/share/ament_cmake_auto/cmake)
[0.405s] -- Found Python3: /usr/bin/python3 (found version "3.10.12") found components: Interpreter 
[0.467s] -- Override CMake install command with custom implementation using symlinks instead of copying resources
[0.505s] -- Found xacro: 2.1.1 (/opt/ros/humble/share/xacro/cmake)
[0.563s] -- Found ament_lint_auto: 0.12.15 (/opt/ros/humble/share/ament_lint_auto/cmake)
[0.611s] -- Added test 'copyright' to check source files copyright and LICENSE
[0.613s] -- Added test 'flake8' to check Python code syntax and style conventions
[0.614s] -- Added test 'lint_cmake' to check CMake code style
[0.615s] -- Added test 'pep257' to check Python code against some of the docstring style conventions in PEP 257
[0.616s] -- Added test 'xmllint' to check XML markup files
[0.618s] -- Configuring done
[0.624s] -- Generating done
[0.626s] -- Build files have been written to: /opt/erc_ws/build/pal_pro_gripper_description
[0.630s] Invoked command in '/opt/erc_ws/build/pal_pro_gripper_description' returned '0': CMAKE_PREFIX_PATH=/opt/erc_ws/install/pal_urdf_utils:/opt/erc_ws/install/tiago_pro_robot:/opt/erc_ws/install/tiago_pro_head_robot:/opt/erc_ws/install/tiago_pro_bringup:/opt/erc_ws/install/tiago_pro_head_bringup:/opt/erc_ws/install/erc_bringup:/opt/erc_ws/install/tiago_pro_description:/opt/erc_ws/install/tiago_pro_head_description:/opt/erc_ws/install/tiago_pro_controller_configuration:/opt/erc_ws/install/tiago_pro_head_controller_configuration:/opt/erc_ws/install/pal_sea_arm:/opt/erc_ws/install/pal_sea_arm_bringup:/opt/erc_ws/install/pal_sea_arm_description:/opt/erc_ws/install/pal_pro_gripper_simulation:/opt/erc_ws/install/pal_pro_gripper_bringup:/opt/erc_ws/install/pal_pro_gripper:/opt/erc_ws/install/pal_pro_gripper_description:/opt/erc_ws/install/pal_gripper_simulation:/opt/erc_ws/install/pal_gripper:/opt/erc_ws/install/pal_gripper_description:/opt/erc_ws/install/omni_base_robot:/opt/erc_ws/install/omni_base_bringup:/opt/erc_ws/install/omni_base_description:/opt/erc_ws/install/pal_sea_arm_controller_configuration:/opt/erc_ws/install/pal_pro_gripper_controller_configuration:/opt/erc_ws/install/pal_gripper_controller_configuration:/opt/erc_ws/install/omni_base_controller_configuration:/opt/erc_ws/install/gz_ros2_control:/opt/erc_ws/install/erc_description:/opt/erc_ws/install/sensors:/opt/erc_ws/install/pal_pro_gripper_wrapper:/opt/erc_ws/install/launch_pal:/opt/erc_ws/install/erc_solution:/opt/ros/humble /usr/bin/cmake /opt/erc_ws/src/pal_pro_gripper/pal_pro_gripper_description -DAMENT_CMAKE_SYMLINK_INSTALL=1 -DCMAKE_INSTALL_PREFIX=/opt/erc_ws/install/pal_pro_gripper_description
[0.633s] Invoking command in '/opt/erc_ws/build/pal_pro_gripper_description': CMAKE_PREFIX_PATH=/opt/erc_ws/install/pal_urdf_utils:/opt/erc_ws/install/tiago_pro_robot:/opt/erc_ws/install/tiago_pro_head_robot:/opt/erc_ws/install/tiago_pro_bringup:/opt/erc_ws/install/tiago_pro_head_bringup:/opt/erc_ws/install/erc_bringup:/opt/erc_ws/install/tiago_pro_description:/opt/erc_ws/install/tiago_pro_head_description:/opt/erc_ws/install/tiago_pro_controller_configuration:/opt/erc_ws/install/tiago_pro_head_controller_configuration:/opt/erc_ws/install/pal_sea_arm:/opt/erc_ws/install/pal_sea_arm_bringup:/opt/erc_ws/install/pal_sea_arm_description:/opt/erc_ws/install/pal_pro_gripper_simulation:/opt/erc_ws/install/pal_pro_gripper_bringup:/opt/erc_ws/install/pal_pro_gripper:/opt/erc_ws/install/pal_pro_gripper_description:/opt/erc_ws/install/pal_gripper_simulation:/opt/erc_ws/install/pal_gripper:/opt/erc_ws/install/pal_gripper_description:/opt/erc_ws/install/omni_base_robot:/opt/erc_ws/install/omni_base_bringup:/opt/erc_ws/install/omni_base_description:/opt/erc_ws/install/pal_sea_arm_controller_configuration:/opt/erc_ws/install/pal_pro_gripper_controller_configuration:/opt/erc_ws/install/pal_gripper_controller_configuration:/opt/erc_ws/install/omni_base_controller_configuration:/opt/erc_ws/install/gz_ros2_control:/opt/erc_ws/install/erc_description:/opt/erc_ws/install/sensors:/opt/erc_ws/install/pal_pro_gripper_wrapper:/opt/erc_ws/install/launch_pal:/opt/erc_ws/install/erc_solution:/opt/ros/humble /usr/bin/cmake --build /opt/erc_ws/build/pal_pro_gripper_description -- -j16 -l16
[0.672s] Built target ament_cmake_python_symlink_pal_pro_gripper_description
[0.842s] running egg_info
[0.842s] creating pal_pro_gripper_description.egg-info
[0.843s] writing pal_pro_gripper_description.egg-info/PKG-INFO
[0.843s] writing dependency_links to pal_pro_gripper_description.egg-info/dependency_links.txt
[0.843s] writing top-level names to pal_pro_gripper_description.egg-info/top_level.txt
[0.844s] writing manifest file 'pal_pro_gripper_description.egg-info/SOURCES.txt'
[0.846s] reading manifest file 'pal_pro_gripper_description.egg-info/SOURCES.txt'
[0.846s] writing manifest file 'pal_pro_gripper_description.egg-info/SOURCES.txt'
[0.879s] Built target ament_cmake_python_build_pal_pro_gripper_description_egg
[0.917s] Invoked command in '/opt/erc_ws/build/pal_pro_gripper_description' returned '0': CMAKE_PREFIX_PATH=/opt/erc_ws/install/pal_urdf_utils:/opt/erc_ws/install/tiago_pro_robot:/opt/erc_ws/install/tiago_pro_head_robot:/opt/erc_ws/install/tiago_pro_bringup:/opt/erc_ws/install/tiago_pro_head_bringup:/opt/erc_ws/install/erc_bringup:/opt/erc_ws/install/tiago_pro_description:/opt/erc_ws/install/tiago_pro_head_description:/opt/erc_ws/install/tiago_pro_controller_configuration:/opt/erc_ws/install/tiago_pro_head_controller_configuration:/opt/erc_ws/install/pal_sea_arm:/opt/erc_ws/install/pal_sea_arm_bringup:/opt/erc_ws/install/pal_sea_arm_description:/opt/erc_ws/install/pal_pro_gripper_simulation:/opt/erc_ws/install/pal_pro_gripper_bringup:/opt/erc_ws/install/pal_pro_gripper:/opt/erc_ws/install/pal_pro_gripper_description:/opt/erc_ws/install/pal_gripper_simulation:/opt/erc_ws/install/pal_gripper:/opt/erc_ws/install/pal_gripper_description:/opt/erc_ws/install/omni_base_robot:/opt/erc_ws/install/omni_base_bringup:/opt/erc_ws/install/omni_base_description:/opt/erc_ws/install/pal_sea_arm_controller_configuration:/opt/erc_ws/install/pal_pro_gripper_controller_configuration:/opt/erc_ws/install/pal_gripper_controller_configuration:/opt/erc_ws/install/omni_base_controller_configuration:/opt/erc_ws/install/gz_ros2_control:/opt/erc_ws/install/erc_description:/opt/erc_ws/install/sensors:/opt/erc_ws/install/pal_pro_gripper_wrapper:/opt/erc_ws/install/launch_pal:/opt/erc_ws/install/erc_solution:/opt/ros/humble /usr/bin/cmake --build /opt/erc_ws/build/pal_pro_gripper_description -- -j16 -l16
[0.920s] Invoking command in '/opt/erc_ws/build/pal_pro_gripper_description': CMAKE_PREFIX_PATH=/opt/erc_ws/install/pal_urdf_utils:/opt/erc_ws/install/tiago_pro_robot:/opt/erc_ws/install/tiago_pro_head_robot:/opt/erc_ws/install/tiago_pro_bringup:/opt/erc_ws/install/tiago_pro_head_bringup:/opt/erc_ws/install/erc_bringup:/opt/erc_ws/install/tiago_pro_description:/opt/erc_ws/install/tiago_pro_head_description:/opt/erc_ws/install/tiago_pro_controller_configuration:/opt/erc_ws/install/tiago_pro_head_controller_configuration:/opt/erc_ws/install/pal_sea_arm:/opt/erc_ws/install/pal_sea_arm_bringup:/opt/erc_ws/install/pal_sea_arm_description:/opt/erc_ws/install/pal_pro_gripper_simulation:/opt/erc_ws/install/pal_pro_gripper_bringup:/opt/erc_ws/install/pal_pro_gripper:/opt/erc_ws/install/pal_pro_gripper_description:/opt/erc_ws/install/pal_gripper_simulation:/opt/erc_ws/install/pal_gripper:/opt/erc_ws/install/pal_gripper_description:/opt/erc_ws/install/omni_base_robot:/opt/erc_ws/install/omni_base_bringup:/opt/erc_ws/install/omni_base_description:/opt/erc_ws/install/pal_sea_arm_controller_configuration:/opt/erc_ws/install/pal_pro_gripper_controller_configuration:/opt/erc_ws/install/pal_gripper_controller_configuration:/opt/erc_ws/install/omni_base_controller_configuration:/opt/erc_ws/install/gz_ros2_control:/opt/erc_ws/install/erc_description:/opt/erc_ws/install/sensors:/opt/erc_ws/install/pal_pro_gripper_wrapper:/opt/erc_ws/install/launch_pal:/opt/erc_ws/install/erc_solution:/opt/ros/humble /usr/bin/cmake --install /opt/erc_ws/build/pal_pro_gripper_description
[0.928s] -- Install configuration: ""
[0.929s] -- Execute custom install script
[0.930s] -- Symlinking: /opt/erc_ws/install/pal_pro_gripper_description/share/pal_pro_gripper_description/environment/pythonpath.sh
[0.937s] -- Symlinking: /opt/erc_ws/install/pal_pro_gripper_description/share/pal_pro_gripper_description/environment/pythonpath.dsv
[0.950s] -- Symlinking: /opt/erc_ws/install/pal_pro_gripper_description/local/lib/python3.10/dist-packages/pal_pro_gripper_description-1.12.5-py3.10.egg-info/PKG-INFO
[0.956s] -- Symlinking: /opt/erc_ws/install/pal_pro_gripper_description/local/lib/python3.10/dist-packages/pal_pro_gripper_description-1.12.5-py3.10.egg-info/SOURCES.txt
[0.963s] -- Symlinking: /opt/erc_ws/install/pal_pro_gripper_description/local/lib/python3.10/dist-packages/pal_pro_gripper_description-1.12.5-py3.10.egg-info/dependency_links.txt
[0.971s] -- Symlinking: /opt/erc_ws/install/pal_pro_gripper_description/local/lib/python3.10/dist-packages/pal_pro_gripper_description-1.12.5-py3.10.egg-info/top_level.txt
[0.978s] -- Symlinking: /opt/erc_ws/install/pal_pro_gripper_description/local/lib/python3.10/dist-packages/pal_pro_gripper_description/__init__.py
[0.986s] -- Symlinking: /opt/erc_ws/install/pal_pro_gripper_description/local/lib/python3.10/dist-packages/pal_pro_gripper_description/launch_arguments.py
[0.992s] -- Symlinking: /opt/erc_ws/install/pal_pro_gripper_description/share/pal_pro_gripper_description/config/pal_pro_gripper_configuration.yaml
[1.000s] -- Symlinking: /opt/erc_ws/install/pal_pro_gripper_description/share/pal_pro_gripper_description/config/show.rviz
[1.008s] -- Symlinking: /opt/erc_ws/install/pal_pro_gripper_description/share/pal_pro_gripper_description/robots/pal_pro_gripper.urdf.xacro
[1.014s] -- Symlinking: /opt/erc_ws/install/pal_pro_gripper_description/share/pal_pro_gripper_description/launch/robot_state_publisher.launch.py
[1.021s] -- Symlinking: /opt/erc_ws/install/pal_pro_gripper_description/share/pal_pro_gripper_description/launch/show.launch.py
[1.029s] -- Symlinking: /opt/erc_ws/install/pal_pro_gripper_description/share/pal_pro_gripper_description/mujoco/mj_tags.xacro
[1.036s] -- Symlinking: /opt/erc_ws/install/pal_pro_gripper_description/share/pal_pro_gripper_description/meshes/base_link_ntc.stl
[1.042s] -- Symlinking: /opt/erc_ws/install/pal_pro_gripper_description/share/pal_pro_gripper_description/meshes/base_link_tc.stl
[1.052s] -- Symlinking: /opt/erc_ws/install/pal_pro_gripper_description/share/pal_pro_gripper_description/meshes/fingertip.stl
[1.057s] -- Symlinking: /opt/erc_ws/install/pal_pro_gripper_description/share/pal_pro_gripper_description/meshes/inner_finger.stl
[1.063s] -- Symlinking: /opt/erc_ws/install/pal_pro_gripper_description/share/pal_pro_gripper_description/meshes/outer_finger.stl
[1.072s] -- Symlinking: /opt/erc_ws/install/pal_pro_gripper_description/share/pal_pro_gripper_description/meshes/screw.stl
[1.081s] -- Symlinking: /opt/erc_ws/install/pal_pro_gripper_description/share/pal_pro_gripper_description/urdf/gripper.properties.xacro
[1.088s] -- Symlinking: /opt/erc_ws/install/pal_pro_gripper_description/share/pal_pro_gripper_description/urdf/gripper.ros2_control.xacro
[1.096s] -- Symlinking: /opt/erc_ws/install/pal_pro_gripper_description/share/pal_pro_gripper_description/urdf/gripper.transmission.xacro
[1.102s] -- Symlinking: /opt/erc_ws/install/pal_pro_gripper_description/share/pal_pro_gripper_description/urdf/gripper.urdf.xacro
[1.109s] -- Symlinking: /opt/erc_ws/install/pal_pro_gripper_description/share/pal_pro_gripper_description/ros2_control/gazebo_controller_manager_cfg.yaml
[1.116s] -- Symlinking: /opt/erc_ws/install/pal_pro_gripper_description/share/pal_pro_gripper_description/ros2_control/ros2_control.urdf.xacro
[1.126s] -- Symlinking: /opt/erc_ws/install/pal_pro_gripper_description/share/ament_index/resource_index/package_run_dependencies/pal_pro_gripper_description
[1.134s] -- Symlinking: /opt/erc_ws/install/pal_pro_gripper_description/share/ament_index/resource_index/parent_prefix_path/pal_pro_gripper_description
[1.142s] -- Symlinking: /opt/erc_ws/install/pal_pro_gripper_description/share/pal_pro_gripper_description/environment/ament_prefix_path.sh
[1.150s] -- Symlinking: /opt/erc_ws/install/pal_pro_gripper_description/share/pal_pro_gripper_description/environment/ament_prefix_path.dsv
[1.157s] -- Symlinking: /opt/erc_ws/install/pal_pro_gripper_description/share/pal_pro_gripper_description/environment/path.sh
[1.163s] -- Symlinking: /opt/erc_ws/install/pal_pro_gripper_description/share/pal_pro_gripper_description/environment/path.dsv
[1.170s] -- Symlinking: /opt/erc_ws/install/pal_pro_gripper_description/share/pal_pro_gripper_description/local_setup.bash
[1.177s] -- Symlinking: /opt/erc_ws/install/pal_pro_gripper_description/share/pal_pro_gripper_description/local_setup.sh
[1.182s] -- Symlinking: /opt/erc_ws/install/pal_pro_gripper_description/share/pal_pro_gripper_description/local_setup.zsh
[1.189s] -- Symlinking: /opt/erc_ws/install/pal_pro_gripper_description/share/pal_pro_gripper_description/local_setup.dsv
[1.195s] -- Symlinking: /opt/erc_ws/install/pal_pro_gripper_description/share/pal_pro_gripper_description/package.dsv
[1.201s] -- Symlinking: /opt/erc_ws/install/pal_pro_gripper_description/share/ament_index/resource_index/packages/pal_pro_gripper_description
[1.207s] -- Symlinking: /opt/erc_ws/install/pal_pro_gripper_description/share/pal_pro_gripper_description/cmake/ament_cmake_export_dependencies-extras.cmake
[1.215s] -- Symlinking: /opt/erc_ws/install/pal_pro_gripper_description/share/pal_pro_gripper_description/cmake/pal_pro_gripper_descriptionConfig.cmake
[1.222s] -- Symlinking: /opt/erc_ws/install/pal_pro_gripper_description/share/pal_pro_gripper_description/cmake/pal_pro_gripper_descriptionConfig-version.cmake
[1.228s] -- Symlinking: /opt/erc_ws/install/pal_pro_gripper_description/share/pal_pro_gripper_description/package.xml
[1.263s] Listing '/opt/erc_ws/install/pal_pro_gripper_description/local/lib/python3.10/dist-packages/pal_pro_gripper_description'...
[1.263s] Compiling '/opt/erc_ws/install/pal_pro_gripper_description/local/lib/python3.10/dist-packages/pal_pro_gripper_description/__init__.py'...
[1.263s] Compiling '/opt/erc_ws/install/pal_pro_gripper_description/local/lib/python3.10/dist-packages/pal_pro_gripper_description/launch_arguments.py'...
[1.270s] Invoked command in '/opt/erc_ws/build/pal_pro_gripper_description' returned '0': CMAKE_PREFIX_PATH=/opt/erc_ws/install/pal_urdf_utils:/opt/erc_ws/install/tiago_pro_robot:/opt/erc_ws/install/tiago_pro_head_robot:/opt/erc_ws/install/tiago_pro_bringup:/opt/erc_ws/install/tiago_pro_head_bringup:/opt/erc_ws/install/erc_bringup:/opt/erc_ws/install/tiago_pro_description:/opt/erc_ws/install/tiago_pro_head_description:/opt/erc_ws/install/tiago_pro_controller_configuration:/opt/erc_ws/install/tiago_pro_head_controller_configuration:/opt/erc_ws/install/pal_sea_arm:/opt/erc_ws/install/pal_sea_arm_bringup:/opt/erc_ws/install/pal_sea_arm_description:/opt/erc_ws/install/pal_pro_gripper_simulation:/opt/erc_ws/install/pal_pro_gripper_bringup:/opt/erc_ws/install/pal_pro_gripper:/opt/erc_ws/install/pal_pro_gripper_description:/opt/erc_ws/install/pal_gripper_simulation:/opt/erc_ws/install/pal_gripper:/opt/erc_ws/install/pal_gripper_description:/opt/erc_ws/install/omni_base_robot:/opt/erc_ws/install/omni_base_bringup:/opt/erc_ws/install/omni_base_description:/opt/erc_ws/install/pal_sea_arm_controller_configuration:/opt/erc_ws/install/pal_pro_gripper_controller_configuration:/opt/erc_ws/install/pal_gripper_controller_configuration:/opt/erc_ws/install/omni_base_controller_configuration:/opt/erc_ws/install/gz_ros2_control:/opt/erc_ws/install/erc_description:/opt/erc_ws/install/sensors:/opt/erc_ws/install/pal_pro_gripper_wrapper:/opt/erc_ws/install/launch_pal:/opt/erc_ws/install/erc_solution:/opt/ros/humble /usr/bin/cmake --install /opt/erc_ws/build/pal_pro_gripper_description
