[0.364s] Invoking command in '/opt/erc_ws/build/omni_base_controller_configuration': CMAKE_PREFIX_PATH=${CMAKE_PREFIX_PATH}:/opt/erc_ws/install/sensors:/opt/erc_ws/install/pal_pro_gripper_wrapper:/opt/erc_ws/install/launch_pal:/opt/erc_ws/install/erc_solution:/opt/ros/humble /usr/bin/cmake --build /opt/erc_ws/build/omni_base_controller_configuration -- -j16 -l16
[0.741s] Invoked command in '/opt/erc_ws/build/omni_base_controller_configuration' returned '0': CMAKE_PREFIX_PATH=${CMAKE_PREFIX_PATH}:/opt/erc_ws/install/sensors:/opt/erc_ws/install/pal_pro_gripper_wrapper:/opt/erc_ws/install/launch_pal:/opt/erc_ws/install/erc_solution:/opt/ros/humble /usr/bin/cmake --build /opt/erc_ws/build/omni_base_controller_configuration -- -j16 -l16
[0.742s] Invoking command in '/opt/erc_ws/build/omni_base_controller_configuration': CMAKE_PREFIX_PATH=${CMAKE_PREFIX_PATH}:/opt/erc_ws/install/sensors:/opt/erc_ws/install/pal_pro_gripper_wrapper:/opt/erc_ws/install/launch_pal:/opt/erc_ws/install/erc_solution:/opt/ros/humble /usr/bin/cmake --install /opt/erc_ws/build/omni_base_controller_configuration
[0.757s] -- Install configuration: ""
[0.758s] -- Execute custom install script
[0.764s] -- Up-to-date symlink: /opt/erc_ws/install/omni_base_controller_configuration/share/omni_base_controller_configuration/config/joint_state_broadcaster.yaml
[0.780s] -- Up-to-date symlink: /opt/erc_ws/install/omni_base_controller_configuration/share/omni_base_controller_configuration/config/mobile_base_controller.yaml
[0.780s] -- Up-to-date symlink: /opt/erc_ws/install/omni_base_controller_configuration/share/omni_base_controller_configuration/launch/default_controllers.launch.py
[0.780s] -- Up-to-date symlink: /opt/erc_ws/install/omni_base_controller_configuration/share/omni_base_controller_configuration/launch/mobile_base_controller.launch.py
[0.780s] -- Up-to-date symlink: /opt/erc_ws/install/omni_base_controller_configuration/share/ament_index/resource_index/package_run_dependencies/omni_base_controller_configuration
[0.780s] -- Up-to-date symlink: /opt/erc_ws/install/omni_base_controller_configuration/share/ament_index/resource_index/parent_prefix_path/omni_base_controller_configuration
[0.780s] -- Up-to-date symlink: /opt/erc_ws/install/omni_base_controller_configuration/share/omni_base_controller_configuration/environment/ament_prefix_path.sh
[0.780s] -- Up-to-date symlink: /opt/erc_ws/install/omni_base_controller_configuration/share/omni_base_controller_configuration/environment/ament_prefix_path.dsv
[0.781s] -- Up-to-date symlink: /opt/erc_ws/install/omni_base_controller_configuration/share/omni_base_controller_configuration/environment/path.sh
[0.781s] -- Up-to-date symlink: /opt/erc_ws/install/omni_base_controller_configuration/share/omni_base_controller_configuration/environment/path.dsv
[0.781s] -- Up-to-date symlink: /opt/erc_ws/install/omni_base_controller_configuration/share/omni_base_controller_configuration/local_setup.bash
[0.781s] -- Up-to-date symlink: /opt/erc_ws/install/omni_base_controller_configuration/share/omni_base_controller_configuration/local_setup.sh
[0.781s] -- Up-to-date symlink: /opt/erc_ws/install/omni_base_controller_configuration/share/omni_base_controller_configuration/local_setup.zsh
[0.781s] -- Up-to-date symlink: /opt/erc_ws/install/omni_base_controller_configuration/share/omni_base_controller_configuration/local_setup.dsv
[0.782s] -- Symlinking: /opt/erc_ws/install/omni_base_controller_configuration/share/omni_base_controller_configuration/package.dsv
[0.809s] -- Up-to-date symlink: /opt/erc_ws/install/omni_base_controller_configuration/share/ament_index/resource_index/packages/omni_base_controller_configuration
[0.810s] -- Up-to-date symlink: /opt/erc_ws/install/omni_base_controller_configuration/share/omni_base_controller_configuration/cmake/omni_base_controller_configurationConfig.cmake
[0.811s] -- Up-to-date symlink: /opt/erc_ws/install/omni_base_controller_configuration/share/omni_base_controller_configuration/cmake/omni_base_controller_configurationConfig-version.cmake
[0.811s] -- Up-to-date symlink: /opt/erc_ws/install/omni_base_controller_configuration/share/omni_base_controller_configuration/package.xml
[0.841s] Invoked command in '/opt/erc_ws/build/omni_base_controller_configuration' returned '0': CMAKE_PREFIX_PATH=${CMAKE_PREFIX_PATH}:/opt/erc_ws/install/sensors:/opt/erc_ws/install/pal_pro_gripper_wrapper:/opt/erc_ws/install/launch_pal:/opt/erc_ws/install/erc_solution:/opt/ros/humble /usr/bin/cmake --install /opt/erc_ws/build/omni_base_controller_configuration
