running egg_info
creating ../../build/sensors/sensors.egg-info
writing ../../build/sensors/sensors.egg-info/PKG-INFO
writing dependency_links to ../../build/sensors/sensors.egg-info/dependency_links.txt
writing entry points to ../../build/sensors/sensors.egg-info/entry_points.txt
writing requirements to ../../build/sensors/sensors.egg-info/requires.txt
writing top-level names to ../../build/sensors/sensors.egg-info/top_level.txt
writing manifest file '../../build/sensors/sensors.egg-info/SOURCES.txt'
reading manifest file '../../build/sensors/sensors.egg-info/SOURCES.txt'
writing manifest file '../../build/sensors/sensors.egg-info/SOURCES.txt'
running build
running build_py
creating /opt/erc_ws/build/sensors/build
creating /opt/erc_ws/build/sensors/build/lib
creating /opt/erc_ws/build/sensors/build/lib/sensors
copying sensors/__init__.py -> /opt/erc_ws/build/sensors/build/lib/sensors
copying sensors/depth_to_cloud_node.py -> /opt/erc_ws/build/sensors/build/lib/sensors
running install
running install_lib
creating /opt/erc_ws/install/sensors/lib/python3.10/site-packages/sensors
copying /opt/erc_ws/build/sensors/build/lib/sensors/__init__.py -> /opt/erc_ws/install/sensors/lib/python3.10/site-packages/sensors
copying /opt/erc_ws/build/sensors/build/lib/sensors/depth_to_cloud_node.py -> /opt/erc_ws/install/sensors/lib/python3.10/site-packages/sensors
byte-compiling /opt/erc_ws/install/sensors/lib/python3.10/site-packages/sensors/__init__.py to __init__.cpython-310.pyc
byte-compiling /opt/erc_ws/install/sensors/lib/python3.10/site-packages/sensors/depth_to_cloud_node.py to depth_to_cloud_node.cpython-310.pyc
running install_data
creating /opt/erc_ws/install/sensors/share/ament_index
creating /opt/erc_ws/install/sensors/share/ament_index/resource_index
creating /opt/erc_ws/install/sensors/share/ament_index/resource_index/packages
copying resource/sensors -> /opt/erc_ws/install/sensors/share/ament_index/resource_index/packages
copying package.xml -> /opt/erc_ws/install/sensors/share/sensors
creating /opt/erc_ws/install/sensors/share/sensors/launch
copying launch/depth_to_cloud.launch.py -> /opt/erc_ws/install/sensors/share/sensors/launch
running install_egg_info
Copying ../../build/sensors/sensors.egg-info to /opt/erc_ws/install/sensors/lib/python3.10/site-packages/sensors-0.1.0-py3.10.egg-info
running install_scripts
Installing depth_to_cloud script to /opt/erc_ws/install/sensors/lib/sensors
writing list of installed files to '/opt/erc_ws/build/sensors/install.log'
