[1.089s] Invoking command in '/opt/erc_ws/src/sensors': PYTHONPATH=/opt/erc_ws/build/sensors/prefix_override:/usr/lib/python3/dist-packages/colcon_core/task/python/colcon_distutils_commands:/opt/erc_ws/install/sensors/lib/python3.10/site-packages:${PYTHONPATH} /usr/bin/python3 -W ignore:setup.py install is deprecated -W ignore:easy_install command is deprecated setup.py egg_info --egg-base ../../build/sensors build --build-base /opt/erc_ws/build/sensors/build install --record /opt/erc_ws/build/sensors/install.log --install-scripts $base/lib/sensors --single-version-externally-managed install_data
[1.277s] running egg_info
[1.278s] creating ../../build/sensors/sensors.egg-info
[1.278s] writing ../../build/sensors/sensors.egg-info/PKG-INFO
[1.278s] writing dependency_links to ../../build/sensors/sensors.egg-info/dependency_links.txt
[1.278s] writing entry points to ../../build/sensors/sensors.egg-info/entry_points.txt
[1.278s] writing requirements to ../../build/sensors/sensors.egg-info/requires.txt
[1.278s] writing top-level names to ../../build/sensors/sensors.egg-info/top_level.txt
[1.278s] writing manifest file '../../build/sensors/sensors.egg-info/SOURCES.txt'
[1.280s] reading manifest file '../../build/sensors/sensors.egg-info/SOURCES.txt'
[1.280s] writing manifest file '../../build/sensors/sensors.egg-info/SOURCES.txt'
[1.281s] running build
[1.281s] running build_py
[1.281s] creating /opt/erc_ws/build/sensors/build
[1.282s] creating /opt/erc_ws/build/sensors/build/lib
[1.282s] creating /opt/erc_ws/build/sensors/build/lib/sensors
[1.282s] copying sensors/__init__.py -> /opt/erc_ws/build/sensors/build/lib/sensors
[1.283s] copying sensors/depth_to_cloud_node.py -> /opt/erc_ws/build/sensors/build/lib/sensors
[1.283s] running install
[1.283s] running install_lib
[1.284s] creating /opt/erc_ws/install/sensors/lib/python3.10/site-packages/sensors
[1.285s] copying /opt/erc_ws/build/sensors/build/lib/sensors/__init__.py -> /opt/erc_ws/install/sensors/lib/python3.10/site-packages/sensors
[1.285s] copying /opt/erc_ws/build/sensors/build/lib/sensors/depth_to_cloud_node.py -> /opt/erc_ws/install/sensors/lib/python3.10/site-packages/sensors
[1.286s] byte-compiling /opt/erc_ws/install/sensors/lib/python3.10/site-packages/sensors/__init__.py to __init__.cpython-310.pyc
[1.287s] byte-compiling /opt/erc_ws/install/sensors/lib/python3.10/site-packages/sensors/depth_to_cloud_node.py to depth_to_cloud_node.cpython-310.pyc
[1.290s] running install_data
[1.290s] creating /opt/erc_ws/install/sensors/share/ament_index
[1.290s] creating /opt/erc_ws/install/sensors/share/ament_index/resource_index
[1.291s] creating /opt/erc_ws/install/sensors/share/ament_index/resource_index/packages
[1.291s] copying resource/sensors -> /opt/erc_ws/install/sensors/share/ament_index/resource_index/packages
[1.292s] copying package.xml -> /opt/erc_ws/install/sensors/share/sensors
[1.292s] creating /opt/erc_ws/install/sensors/share/sensors/launch
[1.292s] copying launch/depth_to_cloud.launch.py -> /opt/erc_ws/install/sensors/share/sensors/launch
[1.293s] running install_egg_info
[1.295s] Copying ../../build/sensors/sensors.egg-info to /opt/erc_ws/install/sensors/lib/python3.10/site-packages/sensors-0.1.0-py3.10.egg-info
[1.298s] running install_scripts
[1.322s] Installing depth_to_cloud script to /opt/erc_ws/install/sensors/lib/sensors
[1.323s] writing list of installed files to '/opt/erc_ws/build/sensors/install.log'
[1.372s] Invoked command in '/opt/erc_ws/src/sensors' returned '0': PYTHONPATH=/opt/erc_ws/build/sensors/prefix_override:/usr/lib/python3/dist-packages/colcon_core/task/python/colcon_distutils_commands:/opt/erc_ws/install/sensors/lib/python3.10/site-packages:${PYTHONPATH} /usr/bin/python3 -W ignore:setup.py install is deprecated -W ignore:easy_install command is deprecated setup.py egg_info --egg-base ../../build/sensors build --build-base /opt/erc_ws/build/sensors/build install --record /opt/erc_ws/build/sensors/install.log --install-scripts $base/lib/sensors --single-version-externally-managed install_data
