[0.023s] Invoking command in '/opt/erc_ws/build/omni_base_description': AMENT_PREFIX_PATH=/opt/erc_ws/install/pal_urdf_utils:/opt/erc_ws/install/launch_pal:${AMENT_PREFIX_PATH} CMAKE_PREFIX_PATH=/opt/erc_ws/install/pal_urdf_utils:/opt/erc_ws/install/erc_solution:/opt/ros/humble PYTHONPATH=/opt/erc_ws/install/launch_pal/lib/python3.10/site-packages:${PYTHONPATH} /usr/bin/cmake /opt/erc_ws/src/omni_base_robot/omni_base_description -DCMAKE_INSTALL_PREFIX=/opt/erc_ws/install/omni_base_description
[0.081s] -- The C compiler identification is GNU 11.4.0
[0.124s] -- The CXX compiler identification is GNU 11.4.0
[0.131s] -- Detecting C compiler ABI info
[0.191s] -- Detecting C compiler ABI info - done
[0.200s] -- Check for working C compiler: /usr/bin/cc - skipped
[0.201s] -- Detecting C compile features
[0.201s] -- Detecting C compile features - done
[0.205s] -- Detecting CXX compiler ABI info
[0.270s] -- Detecting CXX compiler ABI info - done
[0.276s] -- Check for working CXX compiler: /usr/bin/c++ - skipped
[0.277s] -- Detecting CXX compile features
[0.277s] -- Detecting CXX compile features - done
[0.279s] -- Found ament_cmake_auto: 1.3.14 (/opt/ros/humble/share/ament_cmake_auto/cmake)
[0.406s] -- Found Python3: /usr/bin/python3 (found version "3.10.12") found components: Interpreter 
[0.571s] -- Found ament_lint_auto: 0.12.15 (/opt/ros/humble/share/ament_lint_auto/cmake)
[0.602s] -- Found python_cmake_module: 0.10.0 (/opt/ros/humble/share/python_cmake_module/cmake)
[0.623s] -- Found PythonInterp: /usr/bin/python3 (found suitable version "3.10.12", minimum required is "3.6") 
[0.635s] -- Found PythonLibs: /usr/lib/x86_64-linux-gnu/libpython3.10.so (found suitable version "3.10.12", minimum required is "3.5") 
[0.636s] -- Using PYTHON_EXECUTABLE: /usr/bin/python3
[0.636s] -- Using PYTHON_INCLUDE_DIRS: /usr/include/python3.10
[0.637s] -- Using PYTHON_LIBRARIES: /usr/lib/x86_64-linux-gnu/libpython3.10.so
[0.652s] -- Found PythonExtra: .so  
[1.097s] -- Added test 'copyright' to check source files copyright and LICENSE
[1.101s] -- Added test 'flake8' to check Python code syntax and style conventions
[1.102s] -- Added test 'lint_cmake' to check CMake code style
[1.103s] -- Added test 'pep257' to check Python code against some of the docstring style conventions in PEP 257
[1.105s] -- Added test 'xmllint' to check XML markup files
[1.107s] -- Configuring done
[1.116s] -- Generating done
[1.118s] -- Build files have been written to: /opt/erc_ws/build/omni_base_description
[1.122s] Invoked command in '/opt/erc_ws/build/omni_base_description' returned '0': AMENT_PREFIX_PATH=/opt/erc_ws/install/pal_urdf_utils:/opt/erc_ws/install/launch_pal:${AMENT_PREFIX_PATH} CMAKE_PREFIX_PATH=/opt/erc_ws/install/pal_urdf_utils:/opt/erc_ws/install/erc_solution:/opt/ros/humble PYTHONPATH=/opt/erc_ws/install/launch_pal/lib/python3.10/site-packages:${PYTHONPATH} /usr/bin/cmake /opt/erc_ws/src/omni_base_robot/omni_base_description -DCMAKE_INSTALL_PREFIX=/opt/erc_ws/install/omni_base_description
[1.124s] Invoking command in '/opt/erc_ws/build/omni_base_description': AMENT_PREFIX_PATH=/opt/erc_ws/install/pal_urdf_utils:/opt/erc_ws/install/launch_pal:${AMENT_PREFIX_PATH} CMAKE_PREFIX_PATH=/opt/erc_ws/install/pal_urdf_utils:/opt/erc_ws/install/erc_solution:/opt/ros/humble PYTHONPATH=/opt/erc_ws/install/launch_pal/lib/python3.10/site-packages:${PYTHONPATH} /usr/bin/cmake --build /opt/erc_ws/build/omni_base_description -- -j16 -l16
[1.165s] Built target ament_cmake_python_copy_omni_base_description
[1.326s] running egg_info
[1.327s] creating omni_base_description.egg-info
[1.327s] writing omni_base_description.egg-info/PKG-INFO
[1.327s] writing dependency_links to omni_base_description.egg-info/dependency_links.txt
[1.328s] writing top-level names to omni_base_description.egg-info/top_level.txt
[1.328s] writing manifest file 'omni_base_description.egg-info/SOURCES.txt'
[1.330s] reading manifest file 'omni_base_description.egg-info/SOURCES.txt'
[1.331s] writing manifest file 'omni_base_description.egg-info/SOURCES.txt'
[1.359s] Built target ament_cmake_python_build_omni_base_description_egg
[1.365s] Invoked command in '/opt/erc_ws/build/omni_base_description' returned '0': AMENT_PREFIX_PATH=/opt/erc_ws/install/pal_urdf_utils:/opt/erc_ws/install/launch_pal:${AMENT_PREFIX_PATH} CMAKE_PREFIX_PATH=/opt/erc_ws/install/pal_urdf_utils:/opt/erc_ws/install/erc_solution:/opt/ros/humble PYTHONPATH=/opt/erc_ws/install/launch_pal/lib/python3.10/site-packages:${PYTHONPATH} /usr/bin/cmake --build /opt/erc_ws/build/omni_base_description -- -j16 -l16
[1.367s] Invoking command in '/opt/erc_ws/build/omni_base_description': AMENT_PREFIX_PATH=/opt/erc_ws/install/pal_urdf_utils:/opt/erc_ws/install/launch_pal:${AMENT_PREFIX_PATH} CMAKE_PREFIX_PATH=/opt/erc_ws/install/pal_urdf_utils:/opt/erc_ws/install/erc_solution:/opt/ros/humble PYTHONPATH=/opt/erc_ws/install/launch_pal/lib/python3.10/site-packages:${PYTHONPATH} /usr/bin/cmake --install /opt/erc_ws/build/omni_base_description
[1.372s] -- Install configuration: ""
[1.375s] -- Installing: /opt/erc_ws/install/omni_base_description/share/omni_base_description/environment/pythonpath.sh
[1.375s] -- Installing: /opt/erc_ws/install/omni_base_description/share/omni_base_description/environment/pythonpath.dsv
[1.375s] -- Installing: /opt/erc_ws/install/omni_base_description/local/lib/python3.10/dist-packages/omni_base_description-2.18.0-py3.10.egg-info
[1.375s] -- Installing: /opt/erc_ws/install/omni_base_description/local/lib/python3.10/dist-packages/omni_base_description-2.18.0-py3.10.egg-info/top_level.txt
[1.375s] -- Installing: /opt/erc_ws/install/omni_base_description/local/lib/python3.10/dist-packages/omni_base_description-2.18.0-py3.10.egg-info/dependency_links.txt
[1.376s] -- Installing: /opt/erc_ws/install/omni_base_description/local/lib/python3.10/dist-packages/omni_base_description-2.18.0-py3.10.egg-info/PKG-INFO
[1.376s] -- Installing: /opt/erc_ws/install/omni_base_description/local/lib/python3.10/dist-packages/omni_base_description-2.18.0-py3.10.egg-info/SOURCES.txt
[1.376s] -- Installing: /opt/erc_ws/install/omni_base_description/local/lib/python3.10/dist-packages/omni_base_description
[1.376s] -- Installing: /opt/erc_ws/install/omni_base_description/local/lib/python3.10/dist-packages/omni_base_description/launch_arguments.py
[1.376s] -- Installing: /opt/erc_ws/install/omni_base_description/local/lib/python3.10/dist-packages/omni_base_description/__init__.py
[1.403s] Listing '/opt/erc_ws/install/omni_base_description/local/lib/python3.10/dist-packages/omni_base_description'...
[1.403s] Compiling '/opt/erc_ws/install/omni_base_description/local/lib/python3.10/dist-packages/omni_base_description/__init__.py'...
[1.404s] Compiling '/opt/erc_ws/install/omni_base_description/local/lib/python3.10/dist-packages/omni_base_description/launch_arguments.py'...
[1.407s] -- Installing: /opt/erc_ws/install/omni_base_description/share/omni_base_description/rviz
[1.408s] -- Installing: /opt/erc_ws/install/omni_base_description/share/omni_base_description/rviz/omni_base.rviz
[1.409s] -- Installing: /opt/erc_ws/install/omni_base_description/share/omni_base_description/launch
[1.409s] -- Installing: /opt/erc_ws/install/omni_base_description/share/omni_base_description/launch/show.launch.py
[1.410s] -- Installing: /opt/erc_ws/install/omni_base_description/share/omni_base_description/launch/robot_state_publisher.launch.py
[1.410s] -- Installing: /opt/erc_ws/install/omni_base_description/share/omni_base_description/meshes
[1.410s] -- Installing: /opt/erc_ws/install/omni_base_description/share/omni_base_description/meshes/cameras_add_on
[1.410s] -- Installing: /opt/erc_ws/install/omni_base_description/share/omni_base_description/meshes/cameras_add_on/cameras_add_on.stl
[1.415s] -- Installing: /opt/erc_ws/install/omni_base_description/share/omni_base_description/meshes/cameras_add_on/camera_horizon.stl
[1.418s] -- Installing: /opt/erc_ws/install/omni_base_description/share/omni_base_description/meshes/base
[1.418s] -- Installing: /opt/erc_ws/install/omni_base_description/share/omni_base_description/meshes/base/base_dock_link.stl
[1.420s] -- Installing: /opt/erc_ws/install/omni_base_description/share/omni_base_description/meshes/base/base_antenna_link.stl
[1.420s] -- Installing: /opt/erc_ws/install/omni_base_description/share/omni_base_description/meshes/base/base_link.stl
[1.427s] -- Installing: /opt/erc_ws/install/omni_base_description/share/omni_base_description/meshes/base/base_antenna_link_reflected.stl
[1.428s] -- Installing: /opt/erc_ws/install/omni_base_description/share/omni_base_description/meshes/wheels
[1.428s] -- Installing: /opt/erc_ws/install/omni_base_description/share/omni_base_description/meshes/wheels/suspension_front_link_reflected.stl
[1.428s] -- Installing: /opt/erc_ws/install/omni_base_description/share/omni_base_description/meshes/wheels/wheel_link_reflected.stl
[1.429s] -- Installing: /opt/erc_ws/install/omni_base_description/share/omni_base_description/meshes/wheels/suspension_rear_link_reflected.stl
[1.430s] -- Installing: /opt/erc_ws/install/omni_base_description/share/omni_base_description/meshes/wheels/suspension_rear_link.stl
[1.431s] -- Installing: /opt/erc_ws/install/omni_base_description/share/omni_base_description/meshes/wheels/suspension_front_link.stl
[1.433s] -- Installing: /opt/erc_ws/install/omni_base_description/share/omni_base_description/meshes/wheels/wheel_link.stl
[1.437s] -- Installing: /opt/erc_ws/install/omni_base_description/share/omni_base_description/config
[1.438s] -- Installing: /opt/erc_ws/install/omni_base_description/share/omni_base_description/config/omni_base_configuration.yaml
[1.438s] -- Installing: /opt/erc_ws/install/omni_base_description/share/omni_base_description/robots
[1.439s] -- Installing: /opt/erc_ws/install/omni_base_description/share/omni_base_description/robots/omni_base.urdf.xacro
[1.439s] -- Installing: /opt/erc_ws/install/omni_base_description/share/omni_base_description/mujoco
[1.439s] -- Installing: /opt/erc_ws/install/omni_base_description/share/omni_base_description/mujoco/mj_tags.xacro
[1.440s] -- Installing: /opt/erc_ws/install/omni_base_description/share/omni_base_description/mujoco/assets
[1.440s] -- Installing: /opt/erc_ws/install/omni_base_description/share/omni_base_description/mujoco/assets/decomposed
[1.440s] -- Installing: /opt/erc_ws/install/omni_base_description/share/omni_base_description/mujoco/assets/decomposed/wheel_link
[1.440s] -- Installing: /opt/erc_ws/install/omni_base_description/share/omni_base_description/mujoco/assets/decomposed/wheel_link/wheel_link
[1.440s] -- Installing: /opt/erc_ws/install/omni_base_description/share/omni_base_description/mujoco/assets/decomposed/wheel_link/wheel_link/wheel_link.obj
[1.441s] -- Installing: /opt/erc_ws/install/omni_base_description/share/omni_base_description/mujoco/assets/decomposed/wheel_link/wheel_link/wheel_link_collision_0.obj
[1.441s] -- Installing: /opt/erc_ws/install/omni_base_description/share/omni_base_description/mujoco/assets/decomposed/wheel_link/wheel_link/wheel_link_collision_1.obj
[1.442s] -- Installing: /opt/erc_ws/install/omni_base_description/share/omni_base_description/mujoco/assets/decomposed/wheel_link/wheel_link/wheel_link.xml
[1.443s] -- Installing: /opt/erc_ws/install/omni_base_description/share/omni_base_description/mujoco/assets/decomposed/wheel_link/wheel_link/material.mtl
[1.443s] -- Installing: /opt/erc_ws/install/omni_base_description/share/omni_base_description/mujoco/assets/decomposed/wheel_link/wheel_link.obj
[1.444s] -- Installing: /opt/erc_ws/install/omni_base_description/share/omni_base_description/mujoco/assets/decomposed/wheel_link/mtl_m6_wheel_link
[1.444s] -- Installing: /opt/erc_ws/install/omni_base_description/share/omni_base_description/mujoco/assets/decomposed/metadata.json
[1.445s] -- Installing: /opt/erc_ws/install/omni_base_description/share/omni_base_description/mujoco/assets/decomposed/wheel_link_reflected
[1.445s] -- Installing: /opt/erc_ws/install/omni_base_description/share/omni_base_description/mujoco/assets/decomposed/wheel_link_reflected/mtl_m8_wheel_link_reflected
[1.445s] -- Installing: /opt/erc_ws/install/omni_base_description/share/omni_base_description/mujoco/assets/decomposed/wheel_link_reflected/wheel_link_reflected
[1.447s] -- Installing: /opt/erc_ws/install/omni_base_description/share/omni_base_description/mujoco/assets/decomposed/wheel_link_reflected/wheel_link_reflected/wheel_link_reflected.xml
[1.447s] -- Installing: /opt/erc_ws/install/omni_base_description/share/omni_base_description/mujoco/assets/decomposed/wheel_link_reflected/wheel_link_reflected/wheel_link_reflected_collision_1.obj
[1.448s] -- Installing: /opt/erc_ws/install/omni_base_description/share/omni_base_description/mujoco/assets/decomposed/wheel_link_reflected/wheel_link_reflected/wheel_link_reflected_collision_0.obj
[1.448s] -- Installing: /opt/erc_ws/install/omni_base_description/share/omni_base_description/mujoco/assets/decomposed/wheel_link_reflected/wheel_link_reflected/wheel_link_reflected.obj
[1.448s] -- Installing: /opt/erc_ws/install/omni_base_description/share/omni_base_description/mujoco/assets/decomposed/wheel_link_reflected/wheel_link_reflected/material.mtl
[1.448s] -- Installing: /opt/erc_ws/install/omni_base_description/share/omni_base_description/mujoco/assets/decomposed/wheel_link_reflected/wheel_link_reflected.obj
[1.449s] -- Installing: /opt/erc_ws/install/omni_base_description/share/omni_base_description/ros2_control
[1.449s] -- Installing: /opt/erc_ws/install/omni_base_description/share/omni_base_description/ros2_control/gazebo_controller_manager_cfg.yaml
[1.449s] -- Installing: /opt/erc_ws/install/omni_base_description/share/omni_base_description/ros2_control/ros2_control.urdf.xacro
[1.449s] -- Installing: /opt/erc_ws/install/omni_base_description/share/omni_base_description/urdf
[1.449s] -- Installing: /opt/erc_ws/install/omni_base_description/share/omni_base_description/urdf/cameras_add_on
[1.449s] -- Installing: /opt/erc_ws/install/omni_base_description/share/omni_base_description/urdf/cameras_add_on/cameras_add_on.urdf.xacro
[1.449s] -- Installing: /opt/erc_ws/install/omni_base_description/share/omni_base_description/urdf/cameras_add_on/cameras.urdf.xacro
[1.450s] -- Installing: /opt/erc_ws/install/omni_base_description/share/omni_base_description/urdf/cameras_add_on/camera_horizon_add_on.urdf.xacro
[1.450s] -- Installing: /opt/erc_ws/install/omni_base_description/share/omni_base_description/urdf/base
[1.450s] -- Installing: /opt/erc_ws/install/omni_base_description/share/omni_base_description/urdf/base/base.gazebo.xacro
[1.450s] -- Installing: /opt/erc_ws/install/omni_base_description/share/omni_base_description/urdf/base/base_sensors.urdf.xacro
[1.450s] -- Installing: /opt/erc_ws/install/omni_base_description/share/omni_base_description/urdf/base/base.urdf.xacro
[1.450s] -- Installing: /opt/erc_ws/install/omni_base_description/share/omni_base_description/urdf/objects
[1.450s] -- Installing: /opt/erc_ws/install/omni_base_description/share/omni_base_description/urdf/objects/antenna.urdf.xacro
[1.451s] -- Installing: /opt/erc_ws/install/omni_base_description/share/omni_base_description/urdf/wheels
[1.451s] -- Installing: /opt/erc_ws/install/omni_base_description/share/omni_base_description/urdf/wheels/wheel.gazebo.xacro
[1.451s] -- Installing: /opt/erc_ws/install/omni_base_description/share/omni_base_description/urdf/wheels/wheel.urdf.xacro
[1.451s] -- Installing: /opt/erc_ws/install/omni_base_description/share/omni_base_description/urdf/wheels/wheel.ros2_control.xacro
[1.451s] -- Installing: /opt/erc_ws/install/omni_base_description/share/ament_index/resource_index/package_run_dependencies/omni_base_description
[1.451s] -- Installing: /opt/erc_ws/install/omni_base_description/share/ament_index/resource_index/parent_prefix_path/omni_base_description
[1.452s] -- Installing: /opt/erc_ws/install/omni_base_description/share/omni_base_description/environment/ament_prefix_path.sh
[1.452s] -- Installing: /opt/erc_ws/install/omni_base_description/share/omni_base_description/environment/ament_prefix_path.dsv
[1.452s] -- Installing: /opt/erc_ws/install/omni_base_description/share/omni_base_description/environment/path.sh
[1.452s] -- Installing: /opt/erc_ws/install/omni_base_description/share/omni_base_description/environment/path.dsv
[1.452s] -- Installing: /opt/erc_ws/install/omni_base_description/share/omni_base_description/local_setup.bash
[1.453s] -- Installing: /opt/erc_ws/install/omni_base_description/share/omni_base_description/local_setup.sh
[1.453s] -- Installing: /opt/erc_ws/install/omni_base_description/share/omni_base_description/local_setup.zsh
[1.453s] -- Installing: /opt/erc_ws/install/omni_base_description/share/omni_base_description/local_setup.dsv
[1.453s] -- Installing: /opt/erc_ws/install/omni_base_description/share/omni_base_description/package.dsv
[1.453s] -- Installing: /opt/erc_ws/install/omni_base_description/share/ament_index/resource_index/packages/omni_base_description
[1.453s] -- Installing: /opt/erc_ws/install/omni_base_description/share/omni_base_description/cmake/omni_base_descriptionConfig.cmake
[1.453s] -- Installing: /opt/erc_ws/install/omni_base_description/share/omni_base_description/cmake/omni_base_descriptionConfig-version.cmake
[1.453s] -- Installing: /opt/erc_ws/install/omni_base_description/share/omni_base_description/package.xml
[1.475s] Invoked command in '/opt/erc_ws/build/omni_base_description' returned '0': AMENT_PREFIX_PATH=/opt/erc_ws/install/pal_urdf_utils:/opt/erc_ws/install/launch_pal:${AMENT_PREFIX_PATH} CMAKE_PREFIX_PATH=/opt/erc_ws/install/pal_urdf_utils:/opt/erc_ws/install/erc_solution:/opt/ros/humble PYTHONPATH=/opt/erc_ws/install/launch_pal/lib/python3.10/site-packages:${PYTHONPATH} /usr/bin/cmake --install /opt/erc_ws/build/omni_base_description
