[0.720s] Invoking command in '/opt/erc_ws/build/erc_solution': PYTHONPATH=/opt/erc_ws/build/erc_solution/prefix_override:/usr/lib/python3/dist-packages/colcon_core/task/python/colcon_distutils_commands:/opt/erc_ws/install/erc_solution/lib/python3.10/site-packages:${PYTHONPATH} /usr/bin/python3 -W ignore:setup.py install is deprecated -W ignore:easy_install command is deprecated setup.py develop --editable --build-directory /opt/erc_ws/build/erc_solution/build --no-deps symlink_data
[0.908s] running develop
[1.005s] running egg_info
[1.005s] writing erc_solution.egg-info/PKG-INFO
[1.005s] writing dependency_links to erc_solution.egg-info/dependency_links.txt
[1.005s] writing entry points to erc_solution.egg-info/entry_points.txt
[1.005s] writing requirements to erc_solution.egg-info/requires.txt
[1.005s] writing top-level names to erc_solution.egg-info/top_level.txt
[1.006s] reading manifest file 'erc_solution.egg-info/SOURCES.txt'
[1.006s] writing manifest file 'erc_solution.egg-info/SOURCES.txt'
[1.008s] running build_ext
[1.008s] Creating /opt/erc_ws/install/erc_solution/lib/python3.10/site-packages/erc-solution.egg-link (link to .)
[1.009s] Installing book_colour_detector script to /opt/erc_ws/install/erc_solution/lib/erc_solution
[1.009s] Installing column_navigator script to /opt/erc_ws/install/erc_solution/lib/erc_solution
[1.009s] Installing grasp_controller script to /opt/erc_ws/install/erc_solution/lib/erc_solution
[1.009s] Installing shelf_column_detector script to /opt/erc_ws/install/erc_solution/lib/erc_solution
[1.010s] 
[1.010s] Installed /opt/erc_ws/build/erc_solution
[1.010s] running symlink_data
[1.040s] Invoked command in '/opt/erc_ws/build/erc_solution' returned '0': PYTHONPATH=/opt/erc_ws/build/erc_solution/prefix_override:/usr/lib/python3/dist-packages/colcon_core/task/python/colcon_distutils_commands:/opt/erc_ws/install/erc_solution/lib/python3.10/site-packages:${PYTHONPATH} /usr/bin/python3 -W ignore:setup.py install is deprecated -W ignore:easy_install command is deprecated setup.py develop --editable --build-directory /opt/erc_ws/build/erc_solution/build --no-deps symlink_data
