[0.068s] Invoking command in '/opt/erc_ws/build/pal_sea_arm_description': AMENT_PREFIX_PATH=/opt/erc_ws/install/pal_pro_gripper_wrapper:/opt/erc_ws/install/launch_pal:/opt/erc_ws/install/tiago_pro_robot:/opt/erc_ws/install/tiago_pro_head_robot:/opt/erc_ws/install/tiago_pro_bringup:/opt/erc_ws/install/tiago_pro_head_bringup:/opt/erc_ws/install/erc_bringup:/opt/erc_ws/install/tiago_pro_description:/opt/erc_ws/install/tiago_pro_head_description:/opt/erc_ws/install/tiago_pro_controller_configuration:/opt/erc_ws/install/tiago_pro_head_controller_configuration:/opt/erc_ws/install/sensors:/opt/erc_ws/install/pal_sea_arm:/opt/erc_ws/install/pal_sea_arm_bringup:/opt/erc_ws/install/pal_sea_arm_description:/opt/erc_ws/install/pal_pro_gripper_simulation:/opt/erc_ws/install/pal_pro_gripper_bringup:/opt/erc_ws/install/pal_pro_gripper:/opt/erc_ws/install/pal_pro_gripper_description:/opt/erc_ws/install/pal_gripper_simulation:/opt/erc_ws/install/pal_gripper:/opt/erc_ws/install/pal_gripper_description:/opt/erc_ws/install/omni_base_robot:/opt/erc_ws/install/omni_base_bringup:/opt/erc_ws/install/omni_base_description:/opt/erc_ws/install/pal_urdf_utils:/opt/erc_ws/install/pal_sea_arm_controller_configuration:/opt/erc_ws/install/pal_pro_gripper_controller_configuration:/opt/erc_ws/install/pal_gripper_controller_configuration:/opt/erc_ws/install/omni_base_controller_configuration:/opt/erc_ws/install/gz_ros2_control:/opt/erc_ws/install/erc_description:/opt/erc_ws/install/erc_solution:/opt/ros/humble CMAKE_PREFIX_PATH=/opt/erc_ws/install/pal_sea_arm_controller_configuration:/opt/erc_ws/install/pal_pro_gripper_description:/opt/erc_ws/install/pal_pro_gripper_controller_configuration:/opt/erc_ws/install/pal_urdf_utils:/opt/erc_ws/install/tiago_pro_robot:/opt/erc_ws/install/tiago_pro_head_robot:/opt/erc_ws/install/tiago_pro_bringup:/opt/erc_ws/install/tiago_pro_head_bringup:/opt/erc_ws/install/erc_bringup:/opt/erc_ws/install/tiago_pro_description:/opt/erc_ws/install/tiago_pro_head_description:/opt/erc_ws/install/tiago_pro_controller_configuration:/opt/erc_ws/install/tiago_pro_head_controller_configuration:/opt/erc_ws/install/pal_sea_arm:/opt/erc_ws/install/pal_sea_arm_bringup:/opt/erc_ws/install/pal_sea_arm_description:/opt/erc_ws/install/pal_pro_gripper_simulation:/opt/erc_ws/install/pal_pro_gripper_bringup:/opt/erc_ws/install/pal_pro_gripper:/opt/erc_ws/install/pal_gripper_simulation:/opt/erc_ws/install/pal_gripper:/opt/erc_ws/install/pal_gripper_description:/opt/erc_ws/install/omni_base_robot:/opt/erc_ws/install/omni_base_bringup:/opt/erc_ws/install/omni_base_description:/opt/erc_ws/install/pal_gripper_controller_configuration:/opt/erc_ws/install/omni_base_controller_configuration:/opt/erc_ws/install/gz_ros2_control:/opt/erc_ws/install/erc_description:/opt/erc_ws/install/sensors:/opt/erc_ws/install/pal_pro_gripper_wrapper:/opt/erc_ws/install/launch_pal:/opt/erc_ws/install/erc_solution:/opt/ros/humble PYTHONPATH=/opt/erc_ws/build/pal_pro_gripper_wrapper:/opt/erc_ws/install/pal_pro_gripper_wrapper/lib/python3.10/site-packages:/opt/erc_ws/build/launch_pal:/opt/erc_ws/install/launch_pal/lib/python3.10/site-packages:/opt/erc_ws/install/tiago_pro_description/local/lib/python3.10/dist-packages:/opt/erc_ws/install/tiago_pro_head_description/local/lib/python3.10/dist-packages:/opt/erc_ws/install/sensors/lib/python3.10/site-packages:/opt/erc_ws/install/pal_sea_arm_description/local/lib/python3.10/dist-packages:/opt/erc_ws/install/pal_pro_gripper_description/local/lib/python3.10/dist-packages:/opt/erc_ws/install/omni_base_description/local/lib/python3.10/dist-packages:/opt/erc_ws/build/erc_solution:/opt/erc_ws/install/erc_solution/lib/python3.10/site-packages:/opt/ros/humble/lib/python3.10/site-packages:/opt/ros/humble/local/lib/python3.10/dist-packages /usr/bin/cmake /opt/erc_ws/src/pal_sea_arm/pal_sea_arm_description -DAMENT_CMAKE_SYMLINK_INSTALL=1 -DCMAKE_INSTALL_PREFIX=/opt/erc_ws/install/pal_sea_arm_description
[0.118s] -- The C compiler identification is GNU 11.4.0
[0.166s] -- The CXX compiler identification is GNU 11.4.0
[0.173s] -- Detecting C compiler ABI info
[0.231s] -- Detecting C compiler ABI info - done
[0.237s] -- Check for working C compiler: /usr/bin/cc - skipped
[0.237s] -- Detecting C compile features
[0.237s] -- Detecting C compile features - done
[0.239s] -- Detecting CXX compiler ABI info
[0.310s] -- Detecting CXX compiler ABI info - done
[0.315s] -- Check for working CXX compiler: /usr/bin/c++ - skipped
[0.315s] -- Detecting CXX compile features
[0.315s] -- Detecting CXX compile features - done
[0.319s] -- Found ament_cmake_auto: 1.3.14 (/opt/ros/humble/share/ament_cmake_auto/cmake)
[0.495s] -- Found Python3: /usr/bin/python3 (found version "3.10.12") found components: Interpreter 
[0.561s] -- Override CMake install command with custom implementation using symlinks instead of copying resources
[0.681s] -- Found ament_lint_auto: 0.12.15 (/opt/ros/humble/share/ament_lint_auto/cmake)
[0.727s] -- Found python_cmake_module: 0.10.0 (/opt/ros/humble/share/python_cmake_module/cmake)
[0.752s] -- Found PythonInterp: /usr/bin/python3 (found suitable version "3.10.12", minimum required is "3.6") 
[0.762s] -- Found PythonLibs: /usr/lib/x86_64-linux-gnu/libpython3.10.so (found suitable version "3.10.12", minimum required is "3.5") 
[0.762s] -- Using PYTHON_EXECUTABLE: /usr/bin/python3
[0.762s] -- Using PYTHON_INCLUDE_DIRS: /usr/include/python3.10
[0.762s] -- Using PYTHON_LIBRARIES: /usr/lib/x86_64-linux-gnu/libpython3.10.so
[0.782s] -- Found PythonExtra: .so  
[1.251s] -- Added test 'copyright' to check source files copyright and LICENSE
[1.260s] -- Added test 'flake8' to check Python code syntax and style conventions
[1.262s] -- Added test 'lint_cmake' to check CMake code style
[1.264s] -- Added test 'pep257' to check Python code against some of the docstring style conventions in PEP 257
[1.269s] -- Added test 'xmllint' to check XML markup files
[1.272s] -- Configuring done
[1.278s] -- Generating done
[1.281s] -- Build files have been written to: /opt/erc_ws/build/pal_sea_arm_description
[1.290s] Invoked command in '/opt/erc_ws/build/pal_sea_arm_description' returned '0': AMENT_PREFIX_PATH=/opt/erc_ws/install/pal_pro_gripper_wrapper:/opt/erc_ws/install/launch_pal:/opt/erc_ws/install/tiago_pro_robot:/opt/erc_ws/install/tiago_pro_head_robot:/opt/erc_ws/install/tiago_pro_bringup:/opt/erc_ws/install/tiago_pro_head_bringup:/opt/erc_ws/install/erc_bringup:/opt/erc_ws/install/tiago_pro_description:/opt/erc_ws/install/tiago_pro_head_description:/opt/erc_ws/install/tiago_pro_controller_configuration:/opt/erc_ws/install/tiago_pro_head_controller_configuration:/opt/erc_ws/install/sensors:/opt/erc_ws/install/pal_sea_arm:/opt/erc_ws/install/pal_sea_arm_bringup:/opt/erc_ws/install/pal_sea_arm_description:/opt/erc_ws/install/pal_pro_gripper_simulation:/opt/erc_ws/install/pal_pro_gripper_bringup:/opt/erc_ws/install/pal_pro_gripper:/opt/erc_ws/install/pal_pro_gripper_description:/opt/erc_ws/install/pal_gripper_simulation:/opt/erc_ws/install/pal_gripper:/opt/erc_ws/install/pal_gripper_description:/opt/erc_ws/install/omni_base_robot:/opt/erc_ws/install/omni_base_bringup:/opt/erc_ws/install/omni_base_description:/opt/erc_ws/install/pal_urdf_utils:/opt/erc_ws/install/pal_sea_arm_controller_configuration:/opt/erc_ws/install/pal_pro_gripper_controller_configuration:/opt/erc_ws/install/pal_gripper_controller_configuration:/opt/erc_ws/install/omni_base_controller_configuration:/opt/erc_ws/install/gz_ros2_control:/opt/erc_ws/install/erc_description:/opt/erc_ws/install/erc_solution:/opt/ros/humble CMAKE_PREFIX_PATH=/opt/erc_ws/install/pal_sea_arm_controller_configuration:/opt/erc_ws/install/pal_pro_gripper_description:/opt/erc_ws/install/pal_pro_gripper_controller_configuration:/opt/erc_ws/install/pal_urdf_utils:/opt/erc_ws/install/tiago_pro_robot:/opt/erc_ws/install/tiago_pro_head_robot:/opt/erc_ws/install/tiago_pro_bringup:/opt/erc_ws/install/tiago_pro_head_bringup:/opt/erc_ws/install/erc_bringup:/opt/erc_ws/install/tiago_pro_description:/opt/erc_ws/install/tiago_pro_head_description:/opt/erc_ws/install/tiago_pro_controller_configuration:/opt/erc_ws/install/tiago_pro_head_controller_configuration:/opt/erc_ws/install/pal_sea_arm:/opt/erc_ws/install/pal_sea_arm_bringup:/opt/erc_ws/install/pal_sea_arm_description:/opt/erc_ws/install/pal_pro_gripper_simulation:/opt/erc_ws/install/pal_pro_gripper_bringup:/opt/erc_ws/install/pal_pro_gripper:/opt/erc_ws/install/pal_gripper_simulation:/opt/erc_ws/install/pal_gripper:/opt/erc_ws/install/pal_gripper_description:/opt/erc_ws/install/omni_base_robot:/opt/erc_ws/install/omni_base_bringup:/opt/erc_ws/install/omni_base_description:/opt/erc_ws/install/pal_gripper_controller_configuration:/opt/erc_ws/install/omni_base_controller_configuration:/opt/erc_ws/install/gz_ros2_control:/opt/erc_ws/install/erc_description:/opt/erc_ws/install/sensors:/opt/erc_ws/install/pal_pro_gripper_wrapper:/opt/erc_ws/install/launch_pal:/opt/erc_ws/install/erc_solution:/opt/ros/humble PYTHONPATH=/opt/erc_ws/build/pal_pro_gripper_wrapper:/opt/erc_ws/install/pal_pro_gripper_wrapper/lib/python3.10/site-packages:/opt/erc_ws/build/launch_pal:/opt/erc_ws/install/launch_pal/lib/python3.10/site-packages:/opt/erc_ws/install/tiago_pro_description/local/lib/python3.10/dist-packages:/opt/erc_ws/install/tiago_pro_head_description/local/lib/python3.10/dist-packages:/opt/erc_ws/install/sensors/lib/python3.10/site-packages:/opt/erc_ws/install/pal_sea_arm_description/local/lib/python3.10/dist-packages:/opt/erc_ws/install/pal_pro_gripper_description/local/lib/python3.10/dist-packages:/opt/erc_ws/install/omni_base_description/local/lib/python3.10/dist-packages:/opt/erc_ws/build/erc_solution:/opt/erc_ws/install/erc_solution/lib/python3.10/site-packages:/opt/ros/humble/lib/python3.10/site-packages:/opt/ros/humble/local/lib/python3.10/dist-packages /usr/bin/cmake /opt/erc_ws/src/pal_sea_arm/pal_sea_arm_description -DAMENT_CMAKE_SYMLINK_INSTALL=1 -DCMAKE_INSTALL_PREFIX=/opt/erc_ws/install/pal_sea_arm_description
[1.292s] Invoking command in '/opt/erc_ws/build/pal_sea_arm_description': AMENT_PREFIX_PATH=/opt/erc_ws/install/pal_pro_gripper_wrapper:/opt/erc_ws/install/launch_pal:/opt/erc_ws/install/tiago_pro_robot:/opt/erc_ws/install/tiago_pro_head_robot:/opt/erc_ws/install/tiago_pro_bringup:/opt/erc_ws/install/tiago_pro_head_bringup:/opt/erc_ws/install/erc_bringup:/opt/erc_ws/install/tiago_pro_description:/opt/erc_ws/install/tiago_pro_head_description:/opt/erc_ws/install/tiago_pro_controller_configuration:/opt/erc_ws/install/tiago_pro_head_controller_configuration:/opt/erc_ws/install/sensors:/opt/erc_ws/install/pal_sea_arm:/opt/erc_ws/install/pal_sea_arm_bringup:/opt/erc_ws/install/pal_sea_arm_description:/opt/erc_ws/install/pal_pro_gripper_simulation:/opt/erc_ws/install/pal_pro_gripper_bringup:/opt/erc_ws/install/pal_pro_gripper:/opt/erc_ws/install/pal_pro_gripper_description:/opt/erc_ws/install/pal_gripper_simulation:/opt/erc_ws/install/pal_gripper:/opt/erc_ws/install/pal_gripper_description:/opt/erc_ws/install/omni_base_robot:/opt/erc_ws/install/omni_base_bringup:/opt/erc_ws/install/omni_base_description:/opt/erc_ws/install/pal_urdf_utils:/opt/erc_ws/install/pal_sea_arm_controller_configuration:/opt/erc_ws/install/pal_pro_gripper_controller_configuration:/opt/erc_ws/install/pal_gripper_controller_configuration:/opt/erc_ws/install/omni_base_controller_configuration:/opt/erc_ws/install/gz_ros2_control:/opt/erc_ws/install/erc_description:/opt/erc_ws/install/erc_solution:/opt/ros/humble CMAKE_PREFIX_PATH=/opt/erc_ws/install/pal_sea_arm_controller_configuration:/opt/erc_ws/install/pal_pro_gripper_description:/opt/erc_ws/install/pal_pro_gripper_controller_configuration:/opt/erc_ws/install/pal_urdf_utils:/opt/erc_ws/install/tiago_pro_robot:/opt/erc_ws/install/tiago_pro_head_robot:/opt/erc_ws/install/tiago_pro_bringup:/opt/erc_ws/install/tiago_pro_head_bringup:/opt/erc_ws/install/erc_bringup:/opt/erc_ws/install/tiago_pro_description:/opt/erc_ws/install/tiago_pro_head_description:/opt/erc_ws/install/tiago_pro_controller_configuration:/opt/erc_ws/install/tiago_pro_head_controller_configuration:/opt/erc_ws/install/pal_sea_arm:/opt/erc_ws/install/pal_sea_arm_bringup:/opt/erc_ws/install/pal_sea_arm_description:/opt/erc_ws/install/pal_pro_gripper_simulation:/opt/erc_ws/install/pal_pro_gripper_bringup:/opt/erc_ws/install/pal_pro_gripper:/opt/erc_ws/install/pal_gripper_simulation:/opt/erc_ws/install/pal_gripper:/opt/erc_ws/install/pal_gripper_description:/opt/erc_ws/install/omni_base_robot:/opt/erc_ws/install/omni_base_bringup:/opt/erc_ws/install/omni_base_description:/opt/erc_ws/install/pal_gripper_controller_configuration:/opt/erc_ws/install/omni_base_controller_configuration:/opt/erc_ws/install/gz_ros2_control:/opt/erc_ws/install/erc_description:/opt/erc_ws/install/sensors:/opt/erc_ws/install/pal_pro_gripper_wrapper:/opt/erc_ws/install/launch_pal:/opt/erc_ws/install/erc_solution:/opt/ros/humble PYTHONPATH=/opt/erc_ws/build/pal_pro_gripper_wrapper:/opt/erc_ws/install/pal_pro_gripper_wrapper/lib/python3.10/site-packages:/opt/erc_ws/build/launch_pal:/opt/erc_ws/install/launch_pal/lib/python3.10/site-packages:/opt/erc_ws/install/tiago_pro_description/local/lib/python3.10/dist-packages:/opt/erc_ws/install/tiago_pro_head_description/local/lib/python3.10/dist-packages:/opt/erc_ws/install/sensors/lib/python3.10/site-packages:/opt/erc_ws/install/pal_sea_arm_description/local/lib/python3.10/dist-packages:/opt/erc_ws/install/pal_pro_gripper_description/local/lib/python3.10/dist-packages:/opt/erc_ws/install/omni_base_description/local/lib/python3.10/dist-packages:/opt/erc_ws/build/erc_solution:/opt/erc_ws/install/erc_solution/lib/python3.10/site-packages:/opt/ros/humble/lib/python3.10/site-packages:/opt/ros/humble/local/lib/python3.10/dist-packages /usr/bin/cmake --build /opt/erc_ws/build/pal_sea_arm_description -- -j16 -l16
[1.347s] Built target ament_cmake_python_symlink_pal_sea_arm_description
[1.580s] running egg_info
[1.581s] creating pal_sea_arm_description.egg-info
[1.582s] writing pal_sea_arm_description.egg-info/PKG-INFO
[1.582s] writing dependency_links to pal_sea_arm_description.egg-info/dependency_links.txt
[1.583s] writing top-level names to pal_sea_arm_description.egg-info/top_level.txt
[1.583s] writing manifest file 'pal_sea_arm_description.egg-info/SOURCES.txt'
[1.588s] reading manifest file 'pal_sea_arm_description.egg-info/SOURCES.txt'
[1.589s] writing manifest file 'pal_sea_arm_description.egg-info/SOURCES.txt'
[1.622s] Built target ament_cmake_python_build_pal_sea_arm_description_egg
[1.635s] Invoked command in '/opt/erc_ws/build/pal_sea_arm_description' returned '0': AMENT_PREFIX_PATH=/opt/erc_ws/install/pal_pro_gripper_wrapper:/opt/erc_ws/install/launch_pal:/opt/erc_ws/install/tiago_pro_robot:/opt/erc_ws/install/tiago_pro_head_robot:/opt/erc_ws/install/tiago_pro_bringup:/opt/erc_ws/install/tiago_pro_head_bringup:/opt/erc_ws/install/erc_bringup:/opt/erc_ws/install/tiago_pro_description:/opt/erc_ws/install/tiago_pro_head_description:/opt/erc_ws/install/tiago_pro_controller_configuration:/opt/erc_ws/install/tiago_pro_head_controller_configuration:/opt/erc_ws/install/sensors:/opt/erc_ws/install/pal_sea_arm:/opt/erc_ws/install/pal_sea_arm_bringup:/opt/erc_ws/install/pal_sea_arm_description:/opt/erc_ws/install/pal_pro_gripper_simulation:/opt/erc_ws/install/pal_pro_gripper_bringup:/opt/erc_ws/install/pal_pro_gripper:/opt/erc_ws/install/pal_pro_gripper_description:/opt/erc_ws/install/pal_gripper_simulation:/opt/erc_ws/install/pal_gripper:/opt/erc_ws/install/pal_gripper_description:/opt/erc_ws/install/omni_base_robot:/opt/erc_ws/install/omni_base_bringup:/opt/erc_ws/install/omni_base_description:/opt/erc_ws/install/pal_urdf_utils:/opt/erc_ws/install/pal_sea_arm_controller_configuration:/opt/erc_ws/install/pal_pro_gripper_controller_configuration:/opt/erc_ws/install/pal_gripper_controller_configuration:/opt/erc_ws/install/omni_base_controller_configuration:/opt/erc_ws/install/gz_ros2_control:/opt/erc_ws/install/erc_description:/opt/erc_ws/install/erc_solution:/opt/ros/humble CMAKE_PREFIX_PATH=/opt/erc_ws/install/pal_sea_arm_controller_configuration:/opt/erc_ws/install/pal_pro_gripper_description:/opt/erc_ws/install/pal_pro_gripper_controller_configuration:/opt/erc_ws/install/pal_urdf_utils:/opt/erc_ws/install/tiago_pro_robot:/opt/erc_ws/install/tiago_pro_head_robot:/opt/erc_ws/install/tiago_pro_bringup:/opt/erc_ws/install/tiago_pro_head_bringup:/opt/erc_ws/install/erc_bringup:/opt/erc_ws/install/tiago_pro_description:/opt/erc_ws/install/tiago_pro_head_description:/opt/erc_ws/install/tiago_pro_controller_configuration:/opt/erc_ws/install/tiago_pro_head_controller_configuration:/opt/erc_ws/install/pal_sea_arm:/opt/erc_ws/install/pal_sea_arm_bringup:/opt/erc_ws/install/pal_sea_arm_description:/opt/erc_ws/install/pal_pro_gripper_simulation:/opt/erc_ws/install/pal_pro_gripper_bringup:/opt/erc_ws/install/pal_pro_gripper:/opt/erc_ws/install/pal_gripper_simulation:/opt/erc_ws/install/pal_gripper:/opt/erc_ws/install/pal_gripper_description:/opt/erc_ws/install/omni_base_robot:/opt/erc_ws/install/omni_base_bringup:/opt/erc_ws/install/omni_base_description:/opt/erc_ws/install/pal_gripper_controller_configuration:/opt/erc_ws/install/omni_base_controller_configuration:/opt/erc_ws/install/gz_ros2_control:/opt/erc_ws/install/erc_description:/opt/erc_ws/install/sensors:/opt/erc_ws/install/pal_pro_gripper_wrapper:/opt/erc_ws/install/launch_pal:/opt/erc_ws/install/erc_solution:/opt/ros/humble PYTHONPATH=/opt/erc_ws/build/pal_pro_gripper_wrapper:/opt/erc_ws/install/pal_pro_gripper_wrapper/lib/python3.10/site-packages:/opt/erc_ws/build/launch_pal:/opt/erc_ws/install/launch_pal/lib/python3.10/site-packages:/opt/erc_ws/install/tiago_pro_description/local/lib/python3.10/dist-packages:/opt/erc_ws/install/tiago_pro_head_description/local/lib/python3.10/dist-packages:/opt/erc_ws/install/sensors/lib/python3.10/site-packages:/opt/erc_ws/install/pal_sea_arm_description/local/lib/python3.10/dist-packages:/opt/erc_ws/install/pal_pro_gripper_description/local/lib/python3.10/dist-packages:/opt/erc_ws/install/omni_base_description/local/lib/python3.10/dist-packages:/opt/erc_ws/build/erc_solution:/opt/erc_ws/install/erc_solution/lib/python3.10/site-packages:/opt/ros/humble/lib/python3.10/site-packages:/opt/ros/humble/local/lib/python3.10/dist-packages /usr/bin/cmake --build /opt/erc_ws/build/pal_sea_arm_description -- -j16 -l16
[1.639s] Invoking command in '/opt/erc_ws/build/pal_sea_arm_description': AMENT_PREFIX_PATH=/opt/erc_ws/install/pal_pro_gripper_wrapper:/opt/erc_ws/install/launch_pal:/opt/erc_ws/install/tiago_pro_robot:/opt/erc_ws/install/tiago_pro_head_robot:/opt/erc_ws/install/tiago_pro_bringup:/opt/erc_ws/install/tiago_pro_head_bringup:/opt/erc_ws/install/erc_bringup:/opt/erc_ws/install/tiago_pro_description:/opt/erc_ws/install/tiago_pro_head_description:/opt/erc_ws/install/tiago_pro_controller_configuration:/opt/erc_ws/install/tiago_pro_head_controller_configuration:/opt/erc_ws/install/sensors:/opt/erc_ws/install/pal_sea_arm:/opt/erc_ws/install/pal_sea_arm_bringup:/opt/erc_ws/install/pal_sea_arm_description:/opt/erc_ws/install/pal_pro_gripper_simulation:/opt/erc_ws/install/pal_pro_gripper_bringup:/opt/erc_ws/install/pal_pro_gripper:/opt/erc_ws/install/pal_pro_gripper_description:/opt/erc_ws/install/pal_gripper_simulation:/opt/erc_ws/install/pal_gripper:/opt/erc_ws/install/pal_gripper_description:/opt/erc_ws/install/omni_base_robot:/opt/erc_ws/install/omni_base_bringup:/opt/erc_ws/install/omni_base_description:/opt/erc_ws/install/pal_urdf_utils:/opt/erc_ws/install/pal_sea_arm_controller_configuration:/opt/erc_ws/install/pal_pro_gripper_controller_configuration:/opt/erc_ws/install/pal_gripper_controller_configuration:/opt/erc_ws/install/omni_base_controller_configuration:/opt/erc_ws/install/gz_ros2_control:/opt/erc_ws/install/erc_description:/opt/erc_ws/install/erc_solution:/opt/ros/humble CMAKE_PREFIX_PATH=/opt/erc_ws/install/pal_sea_arm_controller_configuration:/opt/erc_ws/install/pal_pro_gripper_description:/opt/erc_ws/install/pal_pro_gripper_controller_configuration:/opt/erc_ws/install/pal_urdf_utils:/opt/erc_ws/install/tiago_pro_robot:/opt/erc_ws/install/tiago_pro_head_robot:/opt/erc_ws/install/tiago_pro_bringup:/opt/erc_ws/install/tiago_pro_head_bringup:/opt/erc_ws/install/erc_bringup:/opt/erc_ws/install/tiago_pro_description:/opt/erc_ws/install/tiago_pro_head_description:/opt/erc_ws/install/tiago_pro_controller_configuration:/opt/erc_ws/install/tiago_pro_head_controller_configuration:/opt/erc_ws/install/pal_sea_arm:/opt/erc_ws/install/pal_sea_arm_bringup:/opt/erc_ws/install/pal_sea_arm_description:/opt/erc_ws/install/pal_pro_gripper_simulation:/opt/erc_ws/install/pal_pro_gripper_bringup:/opt/erc_ws/install/pal_pro_gripper:/opt/erc_ws/install/pal_gripper_simulation:/opt/erc_ws/install/pal_gripper:/opt/erc_ws/install/pal_gripper_description:/opt/erc_ws/install/omni_base_robot:/opt/erc_ws/install/omni_base_bringup:/opt/erc_ws/install/omni_base_description:/opt/erc_ws/install/pal_gripper_controller_configuration:/opt/erc_ws/install/omni_base_controller_configuration:/opt/erc_ws/install/gz_ros2_control:/opt/erc_ws/install/erc_description:/opt/erc_ws/install/sensors:/opt/erc_ws/install/pal_pro_gripper_wrapper:/opt/erc_ws/install/launch_pal:/opt/erc_ws/install/erc_solution:/opt/ros/humble PYTHONPATH=/opt/erc_ws/build/pal_pro_gripper_wrapper:/opt/erc_ws/install/pal_pro_gripper_wrapper/lib/python3.10/site-packages:/opt/erc_ws/build/launch_pal:/opt/erc_ws/install/launch_pal/lib/python3.10/site-packages:/opt/erc_ws/install/tiago_pro_description/local/lib/python3.10/dist-packages:/opt/erc_ws/install/tiago_pro_head_description/local/lib/python3.10/dist-packages:/opt/erc_ws/install/sensors/lib/python3.10/site-packages:/opt/erc_ws/install/pal_sea_arm_description/local/lib/python3.10/dist-packages:/opt/erc_ws/install/pal_pro_gripper_description/local/lib/python3.10/dist-packages:/opt/erc_ws/install/omni_base_description/local/lib/python3.10/dist-packages:/opt/erc_ws/build/erc_solution:/opt/erc_ws/install/erc_solution/lib/python3.10/site-packages:/opt/ros/humble/lib/python3.10/site-packages:/opt/ros/humble/local/lib/python3.10/dist-packages /usr/bin/cmake --install /opt/erc_ws/build/pal_sea_arm_description
[1.645s] -- Install configuration: ""
[1.645s] -- Execute custom install script
[1.646s] -- Symlinking: /opt/erc_ws/install/pal_sea_arm_description/share/pal_sea_arm_description/environment/pythonpath.sh
[1.656s] -- Symlinking: /opt/erc_ws/install/pal_sea_arm_description/share/pal_sea_arm_description/environment/pythonpath.dsv
[1.664s] -- Symlinking: /opt/erc_ws/install/pal_sea_arm_description/local/lib/python3.10/dist-packages/pal_sea_arm_description-2.8.4-py3.10.egg-info/PKG-INFO
[1.672s] -- Symlinking: /opt/erc_ws/install/pal_sea_arm_description/local/lib/python3.10/dist-packages/pal_sea_arm_description-2.8.4-py3.10.egg-info/SOURCES.txt
[1.683s] -- Symlinking: /opt/erc_ws/install/pal_sea_arm_description/local/lib/python3.10/dist-packages/pal_sea_arm_description-2.8.4-py3.10.egg-info/dependency_links.txt
[1.691s] -- Symlinking: /opt/erc_ws/install/pal_sea_arm_description/local/lib/python3.10/dist-packages/pal_sea_arm_description-2.8.4-py3.10.egg-info/top_level.txt
[1.699s] -- Symlinking: /opt/erc_ws/install/pal_sea_arm_description/local/lib/python3.10/dist-packages/pal_sea_arm_description/__init__.py
[1.709s] -- Symlinking: /opt/erc_ws/install/pal_sea_arm_description/local/lib/python3.10/dist-packages/pal_sea_arm_description/launch_arguments.py
[1.718s] -- Symlinking: /opt/erc_ws/install/pal_sea_arm_description/local/lib/python3.10/dist-packages/pal_sea_arm_description/pal_sea_arm_utils.py
[1.726s] -- Symlinking: /opt/erc_ws/install/pal_sea_arm_description/share/pal_sea_arm_description/config/pal_sea_arm_configuration.yaml
[1.733s] -- Symlinking: /opt/erc_ws/install/pal_sea_arm_description/share/pal_sea_arm_description/config/show.rviz
[1.742s] -- Symlinking: /opt/erc_ws/install/pal_sea_arm_description/share/pal_sea_arm_description/gazebo/gazebo.urdf.xacro
[1.751s] -- Symlinking: /opt/erc_ws/install/pal_sea_arm_description/share/pal_sea_arm_description/launch/robot_state_publisher.launch.py
[1.758s] -- Symlinking: /opt/erc_ws/install/pal_sea_arm_description/share/pal_sea_arm_description/launch/show.launch.py
[1.770s] -- Symlinking: /opt/erc_ws/install/pal_sea_arm_description/share/pal_sea_arm_description/meshes/arm_tiago_pro/allegro_coupler_link.STL
[1.777s] -- Symlinking: /opt/erc_ws/install/pal_sea_arm_description/share/pal_sea_arm_description/meshes/arm_tiago_pro/allegro_tc_out_link.STL
[1.787s] -- Symlinking: /opt/erc_ws/install/pal_sea_arm_description/share/pal_sea_arm_description/meshes/arm_tiago_pro/arm_1_link.stl
[1.796s] -- Symlinking: /opt/erc_ws/install/pal_sea_arm_description/share/pal_sea_arm_description/meshes/arm_tiago_pro/arm_1_link_collision.stl
[1.806s] -- Symlinking: /opt/erc_ws/install/pal_sea_arm_description/share/pal_sea_arm_description/meshes/arm_tiago_pro/arm_2_link.stl
[1.814s] -- Symlinking: /opt/erc_ws/install/pal_sea_arm_description/share/pal_sea_arm_description/meshes/arm_tiago_pro/arm_2_link_collision.stl
[1.824s] -- Symlinking: /opt/erc_ws/install/pal_sea_arm_description/share/pal_sea_arm_description/meshes/arm_tiago_pro/arm_3_link.stl
[1.832s] -- Symlinking: /opt/erc_ws/install/pal_sea_arm_description/share/pal_sea_arm_description/meshes/arm_tiago_pro/arm_3_link_collision.stl
[1.840s] -- Symlinking: /opt/erc_ws/install/pal_sea_arm_description/share/pal_sea_arm_description/meshes/arm_tiago_pro/arm_4_link.stl
[1.848s] -- Symlinking: /opt/erc_ws/install/pal_sea_arm_description/share/pal_sea_arm_description/meshes/arm_tiago_pro/arm_4_link_collision.stl
[1.861s] -- Symlinking: /opt/erc_ws/install/pal_sea_arm_description/share/pal_sea_arm_description/meshes/arm_tiago_pro/arm_base_link.stl
[1.865s] -- Symlinking: /opt/erc_ws/install/pal_sea_arm_description/share/pal_sea_arm_description/meshes/arm_tiago_pro/end_effector_camera_realsense_d405.stl
[1.875s] -- Symlinking: /opt/erc_ws/install/pal_sea_arm_description/share/pal_sea_arm_description/meshes/arm_tiago_pro/end_effector_camera_realsense_d435.stl
[1.885s] -- Symlinking: /opt/erc_ws/install/pal_sea_arm_description/share/pal_sea_arm_description/meshes/arm_tiago_pro/short-wrist/arm_5_link.stl
[1.893s] -- Symlinking: /opt/erc_ws/install/pal_sea_arm_description/share/pal_sea_arm_description/meshes/arm_tiago_pro/short-wrist/arm_5_link_collision.stl
[1.903s] -- Symlinking: /opt/erc_ws/install/pal_sea_arm_description/share/pal_sea_arm_description/meshes/arm_tiago_pro/spherical-wrist/arm_5_link.stl
[1.910s] -- Symlinking: /opt/erc_ws/install/pal_sea_arm_description/share/pal_sea_arm_description/meshes/arm_tiago_pro/spherical-wrist/arm_5_link_collision.stl
[1.918s] -- Symlinking: /opt/erc_ws/install/pal_sea_arm_description/share/pal_sea_arm_description/meshes/arm_tiago_pro/spherical-wrist/arm_6_link.stl
[1.926s] -- Symlinking: /opt/erc_ws/install/pal_sea_arm_description/share/pal_sea_arm_description/meshes/arm_tiago_pro/spherical-wrist/arm_6_link_collision.stl
[1.935s] -- Symlinking: /opt/erc_ws/install/pal_sea_arm_description/share/pal_sea_arm_description/meshes/arm_tiago_pro/spherical-wrist/arm_7_link.stl
[1.943s] -- Symlinking: /opt/erc_ws/install/pal_sea_arm_description/share/pal_sea_arm_description/meshes/arm_tiago_pro/spherical-wrist/arm_7_link_collision.stl
[1.954s] -- Symlinking: /opt/erc_ws/install/pal_sea_arm_description/share/pal_sea_arm_description/meshes/arm_tiago_pro/straight-wrist/arm_5_link.stl
[1.962s] -- Symlinking: /opt/erc_ws/install/pal_sea_arm_description/share/pal_sea_arm_description/meshes/arm_tiago_pro/straight-wrist/arm_5_link_collision.stl
[1.972s] -- Symlinking: /opt/erc_ws/install/pal_sea_arm_description/share/pal_sea_arm_description/meshes/arm_tiago_pro/straight-wrist/arm_6_link.stl
[1.980s] -- Symlinking: /opt/erc_ws/install/pal_sea_arm_description/share/pal_sea_arm_description/meshes/arm_tiago_pro/straight-wrist/arm_6_link_collision.stl
[1.988s] -- Symlinking: /opt/erc_ws/install/pal_sea_arm_description/share/pal_sea_arm_description/meshes/arm_tiago_pro/straight-wrist/arm_7_link.stl
[1.996s] -- Symlinking: /opt/erc_ws/install/pal_sea_arm_description/share/pal_sea_arm_description/meshes/arm_tiago_pro/straight-wrist/arm_7_link_collision.stl
[2.011s] -- Symlinking: /opt/erc_ws/install/pal_sea_arm_description/share/pal_sea_arm_description/meshes/arm_tiago_pro/tool_changer_link.stl
[2.016s] -- Symlinking: /opt/erc_ws/install/pal_sea_arm_description/share/pal_sea_arm_description/meshes/arm_tiago_pro/tool_changer_link_collision.stl
[2.024s] -- Symlinking: /opt/erc_ws/install/pal_sea_arm_description/share/pal_sea_arm_description/meshes/arm_tiago_sea/arm_1_link.stl
[2.032s] -- Symlinking: /opt/erc_ws/install/pal_sea_arm_description/share/pal_sea_arm_description/meshes/arm_tiago_sea/arm_1_link_collision.stl
[2.041s] -- Symlinking: /opt/erc_ws/install/pal_sea_arm_description/share/pal_sea_arm_description/meshes/arm_tiago_sea/arm_2_link.stl
[2.048s] -- Symlinking: /opt/erc_ws/install/pal_sea_arm_description/share/pal_sea_arm_description/meshes/arm_tiago_sea/arm_2_link_collision.stl
[2.056s] -- Symlinking: /opt/erc_ws/install/pal_sea_arm_description/share/pal_sea_arm_description/meshes/arm_tiago_sea/arm_3_link.stl
[2.063s] -- Symlinking: /opt/erc_ws/install/pal_sea_arm_description/share/pal_sea_arm_description/meshes/arm_tiago_sea/arm_3_link_collision.stl
[2.072s] -- Symlinking: /opt/erc_ws/install/pal_sea_arm_description/share/pal_sea_arm_description/meshes/arm_tiago_sea/arm_4_link.stl
[2.080s] -- Symlinking: /opt/erc_ws/install/pal_sea_arm_description/share/pal_sea_arm_description/meshes/arm_tiago_sea/arm_4_link_collision.stl
[2.088s] -- Symlinking: /opt/erc_ws/install/pal_sea_arm_description/share/pal_sea_arm_description/meshes/arm_tiago_sea/straight-wrist/arm_5_link.stl
[2.097s] -- Symlinking: /opt/erc_ws/install/pal_sea_arm_description/share/pal_sea_arm_description/meshes/arm_tiago_sea/straight-wrist/arm_5_link_collision.stl
[2.105s] -- Symlinking: /opt/erc_ws/install/pal_sea_arm_description/share/pal_sea_arm_description/meshes/arm_tiago_sea/straight-wrist/arm_6_link.stl
[2.115s] -- Symlinking: /opt/erc_ws/install/pal_sea_arm_description/share/pal_sea_arm_description/meshes/arm_tiago_sea/straight-wrist/arm_6_link_collision.stl
[2.127s] -- Symlinking: /opt/erc_ws/install/pal_sea_arm_description/share/pal_sea_arm_description/meshes/arm_tiago_sea/straight-wrist/arm_7_link.stl
[2.135s] -- Symlinking: /opt/erc_ws/install/pal_sea_arm_description/share/pal_sea_arm_description/meshes/arm_tiago_sea/straight-wrist/arm_7_link_collision.stl
[2.142s] -- Symlinking: /opt/erc_ws/install/pal_sea_arm_description/share/pal_sea_arm_description/meshes/arm_tiago_sea/tool_changer_link.stl
[2.151s] -- Symlinking: /opt/erc_ws/install/pal_sea_arm_description/share/pal_sea_arm_description/meshes/arm_tiago_sea/tool_changer_link_collision.stl
[2.162s] -- Symlinking: /opt/erc_ws/install/pal_sea_arm_description/share/pal_sea_arm_description/meshes/arm_tiago_sea/tool_changer_link_original.stl
[2.175s] -- Symlinking: /opt/erc_ws/install/pal_sea_arm_description/share/pal_sea_arm_description/meshes/humanoid/arm/arm1_link.STL
[2.182s] -- Symlinking: /opt/erc_ws/install/pal_sea_arm_description/share/pal_sea_arm_description/meshes/humanoid/arm/arm2_link.STL
[2.189s] -- Symlinking: /opt/erc_ws/install/pal_sea_arm_description/share/pal_sea_arm_description/meshes/humanoid/arm/arm3_link.STL
[2.198s] -- Symlinking: /opt/erc_ws/install/pal_sea_arm_description/share/pal_sea_arm_description/meshes/humanoid/arm/arm4_link.STL
[2.206s] -- Symlinking: /opt/erc_ws/install/pal_sea_arm_description/share/pal_sea_arm_description/meshes/humanoid/arm/arm_base_link.STL
[2.216s] -- Symlinking: /opt/erc_ws/install/pal_sea_arm_description/share/pal_sea_arm_description/meshes/humanoid/arm/fake_forearm_left_link.stl
[2.227s] -- Symlinking: /opt/erc_ws/install/pal_sea_arm_description/share/pal_sea_arm_description/meshes/humanoid/arm/fake_forearm_right_link.stl
[2.237s] -- Symlinking: /opt/erc_ws/install/pal_sea_arm_description/share/pal_sea_arm_description/meshes/humanoid/arm_cover/arm_cover_link.stl
[2.247s] -- Symlinking: /opt/erc_ws/install/pal_sea_arm_description/share/pal_sea_arm_description/meshes/humanoid/arm_cover/arm_cover_link_collision.stl
[2.256s] -- Symlinking: /opt/erc_ws/install/pal_sea_arm_description/share/pal_sea_arm_description/meshes/pal_sea_arm_standalone/arm_1_link.stl
[2.266s] -- Symlinking: /opt/erc_ws/install/pal_sea_arm_description/share/pal_sea_arm_description/meshes/pal_sea_arm_standalone/arm_1_link_collision.stl
[2.274s] -- Symlinking: /opt/erc_ws/install/pal_sea_arm_description/share/pal_sea_arm_description/meshes/pal_sea_arm_standalone/arm_2_link.stl
[2.284s] -- Symlinking: /opt/erc_ws/install/pal_sea_arm_description/share/pal_sea_arm_description/meshes/pal_sea_arm_standalone/arm_2_link_collision.stl
[2.292s] -- Symlinking: /opt/erc_ws/install/pal_sea_arm_description/share/pal_sea_arm_description/meshes/pal_sea_arm_standalone/arm_3_link.stl
[2.301s] -- Symlinking: /opt/erc_ws/install/pal_sea_arm_description/share/pal_sea_arm_description/meshes/pal_sea_arm_standalone/arm_3_link_collision.stl
[2.307s] -- Symlinking: /opt/erc_ws/install/pal_sea_arm_description/share/pal_sea_arm_description/meshes/pal_sea_arm_standalone/arm_4_link.stl
[2.317s] -- Symlinking: /opt/erc_ws/install/pal_sea_arm_description/share/pal_sea_arm_description/meshes/pal_sea_arm_standalone/arm_4_link_collision.stl
[2.325s] -- Symlinking: /opt/erc_ws/install/pal_sea_arm_description/share/pal_sea_arm_description/meshes/pal_sea_arm_standalone/base_link.stl
[2.336s] -- Symlinking: /opt/erc_ws/install/pal_sea_arm_description/share/pal_sea_arm_description/meshes/pal_sea_arm_standalone/pen_gripper_link.stl
[2.344s] -- Symlinking: /opt/erc_ws/install/pal_sea_arm_description/share/pal_sea_arm_description/meshes/pal_sea_arm_standalone/spherical-wrist/arm_5_link.stl
[2.354s] -- Symlinking: /opt/erc_ws/install/pal_sea_arm_description/share/pal_sea_arm_description/meshes/pal_sea_arm_standalone/spherical-wrist/arm_5_link_collision.stl
[2.361s] -- Symlinking: /opt/erc_ws/install/pal_sea_arm_description/share/pal_sea_arm_description/meshes/pal_sea_arm_standalone/spherical-wrist/arm_6_link.stl
[2.370s] -- Symlinking: /opt/erc_ws/install/pal_sea_arm_description/share/pal_sea_arm_description/meshes/pal_sea_arm_standalone/spherical-wrist/arm_6_link_collision.stl
[2.378s] -- Symlinking: /opt/erc_ws/install/pal_sea_arm_description/share/pal_sea_arm_description/meshes/pal_sea_arm_standalone/spherical-wrist/arm_7_link.stl
[2.385s] -- Symlinking: /opt/erc_ws/install/pal_sea_arm_description/share/pal_sea_arm_description/meshes/pal_sea_arm_standalone/spherical-wrist/arm_7_link_collision.stl
[2.392s] -- Symlinking: /opt/erc_ws/install/pal_sea_arm_description/share/pal_sea_arm_description/meshes/pal_sea_arm_standalone/straight-wrist/arm_5_link.stl
[2.399s] -- Symlinking: /opt/erc_ws/install/pal_sea_arm_description/share/pal_sea_arm_description/meshes/pal_sea_arm_standalone/straight-wrist/arm_5_link_collision.stl
[2.406s] -- Symlinking: /opt/erc_ws/install/pal_sea_arm_description/share/pal_sea_arm_description/meshes/pal_sea_arm_standalone/straight-wrist/arm_6_link.stl
[2.413s] -- Symlinking: /opt/erc_ws/install/pal_sea_arm_description/share/pal_sea_arm_description/meshes/pal_sea_arm_standalone/straight-wrist/arm_6_link_collision.stl
[2.422s] -- Symlinking: /opt/erc_ws/install/pal_sea_arm_description/share/pal_sea_arm_description/meshes/pal_sea_arm_standalone/straight-wrist/arm_7_link.stl
[2.429s] -- Symlinking: /opt/erc_ws/install/pal_sea_arm_description/share/pal_sea_arm_description/meshes/pal_sea_arm_standalone/straight-wrist/arm_7_link_collision.stl
[2.438s] -- Symlinking: /opt/erc_ws/install/pal_sea_arm_description/share/pal_sea_arm_description/meshes/pal_sea_arm_standalone/tool_changer_link.stl
[2.444s] -- Symlinking: /opt/erc_ws/install/pal_sea_arm_description/share/pal_sea_arm_description/meshes/pal_sea_arm_standalone/tool_changer_link_collision.stl
[2.451s] -- Symlinking: /opt/erc_ws/install/pal_sea_arm_description/share/pal_sea_arm_description/meshes/pal_sea_arm_standalone/tool_changer_link_original.stl
[2.463s] -- Symlinking: /opt/erc_ws/install/pal_sea_arm_description/share/pal_sea_arm_description/robots/pal_sea_arm.urdf.xacro
[2.470s] -- Symlinking: /opt/erc_ws/install/pal_sea_arm_description/share/pal_sea_arm_description/ros2_control/gazebo_controller_manager_cfg.yaml
[2.476s] -- Symlinking: /opt/erc_ws/install/pal_sea_arm_description/share/pal_sea_arm_description/ros2_control/ros2_control.urdf.xacro
[2.483s] -- Symlinking: /opt/erc_ws/install/pal_sea_arm_description/share/pal_sea_arm_description/ros2_control/transmissions.urdf.xacro
[2.490s] -- Symlinking: /opt/erc_ws/install/pal_sea_arm_description/share/pal_sea_arm_description/mujoco/mj_tags.xacro
[2.497s] -- Symlinking: /opt/erc_ws/install/pal_sea_arm_description/share/pal_sea_arm_description/urdf/arm/arm.ros2_control.xacro
[2.505s] -- Symlinking: /opt/erc_ws/install/pal_sea_arm_description/share/pal_sea_arm_description/urdf/arm/arm.urdf.xacro
[2.510s] -- Symlinking: /opt/erc_ws/install/pal_sea_arm_description/share/pal_sea_arm_description/urdf/arm/arm_limits/pal-sea-arm-standalone/arm.limits.xacro
[2.518s] -- Symlinking: /opt/erc_ws/install/pal_sea_arm_description/share/pal_sea_arm_description/urdf/arm/arm_limits/pal-sea-arm-standalone/short-wrist.limits.xacro
[2.525s] -- Symlinking: /opt/erc_ws/install/pal_sea_arm_description/share/pal_sea_arm_description/urdf/arm/arm_limits/pal-sea-arm-standalone/spherical-wrist.limits.xacro
[2.532s] -- Symlinking: /opt/erc_ws/install/pal_sea_arm_description/share/pal_sea_arm_description/urdf/arm/arm_limits/pal-sea-arm-standalone/straight-wrist.limits.xacro
[2.539s] -- Symlinking: /opt/erc_ws/install/pal_sea_arm_description/share/pal_sea_arm_description/urdf/arm/arm_limits/tiago-pro/arm.limits.xacro
[2.546s] -- Symlinking: /opt/erc_ws/install/pal_sea_arm_description/share/pal_sea_arm_description/urdf/arm/arm_limits/tiago-pro/short-wrist.limits.xacro
[2.552s] -- Symlinking: /opt/erc_ws/install/pal_sea_arm_description/share/pal_sea_arm_description/urdf/arm/arm_limits/tiago-pro/spherical-wrist.limits.xacro
[2.560s] -- Symlinking: /opt/erc_ws/install/pal_sea_arm_description/share/pal_sea_arm_description/urdf/arm/arm_limits/tiago-pro/straight-wrist.limits.xacro
[2.569s] -- Symlinking: /opt/erc_ws/install/pal_sea_arm_description/share/pal_sea_arm_description/urdf/arm/arm_limits/tiago-sea-dual/arm.limits.xacro
[2.575s] -- Symlinking: /opt/erc_ws/install/pal_sea_arm_description/share/pal_sea_arm_description/urdf/arm/arm_limits/tiago-sea-dual/straight-wrist.limits.xacro
[2.583s] -- Symlinking: /opt/erc_ws/install/pal_sea_arm_description/share/pal_sea_arm_description/urdf/arm/arm_limits/tiago-sea/arm.limits.xacro
[2.590s] -- Symlinking: /opt/erc_ws/install/pal_sea_arm_description/share/pal_sea_arm_description/urdf/arm/arm_limits/tiago-sea/straight-wrist.limits.xacro
[2.599s] -- Symlinking: /opt/erc_ws/install/pal_sea_arm_description/share/pal_sea_arm_description/urdf/arm/arm_properties/humanoid/4dof_arm.urdf.xacro
[2.607s] -- Symlinking: /opt/erc_ws/install/pal_sea_arm_description/share/pal_sea_arm_description/urdf/arm/arm_properties/humanoid/5dof_arm.urdf.xacro
[2.614s] -- Symlinking: /opt/erc_ws/install/pal_sea_arm_description/share/pal_sea_arm_description/urdf/arm/arm_properties/humanoid/7dof_arm.urdf.xacro
[2.622s] -- Symlinking: /opt/erc_ws/install/pal_sea_arm_description/share/pal_sea_arm_description/urdf/arm/arm_properties/humanoid/arm.urdf.xacro
[2.628s] -- Symlinking: /opt/erc_ws/install/pal_sea_arm_description/share/pal_sea_arm_description/urdf/arm/arm_properties/humanoid/arm_cover.urdf.xacro
[2.637s] -- Symlinking: /opt/erc_ws/install/pal_sea_arm_description/share/pal_sea_arm_description/urdf/arm/arm_properties/humanoid/ros2_control.urdf.xacro
[2.644s] -- Symlinking: /opt/erc_ws/install/pal_sea_arm_description/share/pal_sea_arm_description/urdf/arm/arm_properties/pal-sea-arm-standalone/arm.properties.xacro
[2.652s] -- Symlinking: /opt/erc_ws/install/pal_sea_arm_description/share/pal_sea_arm_description/urdf/arm/arm_properties/pal-sea-arm-standalone/short-wrist.properties.xacro
[2.661s] -- Symlinking: /opt/erc_ws/install/pal_sea_arm_description/share/pal_sea_arm_description/urdf/arm/arm_properties/pal-sea-arm-standalone/spherical-wrist.properties.xacro
[2.669s] -- Symlinking: /opt/erc_ws/install/pal_sea_arm_description/share/pal_sea_arm_description/urdf/arm/arm_properties/pal-sea-arm-standalone/straight-wrist.properties.xacro
[2.680s] -- Symlinking: /opt/erc_ws/install/pal_sea_arm_description/share/pal_sea_arm_description/urdf/arm/arm_properties/tiago-pro/arm.properties.xacro
[2.687s] -- Symlinking: /opt/erc_ws/install/pal_sea_arm_description/share/pal_sea_arm_description/urdf/arm/arm_properties/tiago-pro/short-wrist.properties.xacro
[2.696s] -- Symlinking: /opt/erc_ws/install/pal_sea_arm_description/share/pal_sea_arm_description/urdf/arm/arm_properties/tiago-pro/spherical-wrist.properties.xacro
[2.704s] -- Symlinking: /opt/erc_ws/install/pal_sea_arm_description/share/pal_sea_arm_description/urdf/arm/arm_properties/tiago-pro/straight-wrist.properties.xacro
[2.711s] -- Symlinking: /opt/erc_ws/install/pal_sea_arm_description/share/pal_sea_arm_description/urdf/arm/arm_properties/tiago-sea-dual/arm.properties.xacro
[2.717s] -- Symlinking: /opt/erc_ws/install/pal_sea_arm_description/share/pal_sea_arm_description/urdf/arm/arm_properties/tiago-sea-dual/straight-wrist.properties.xacro
[2.726s] -- Symlinking: /opt/erc_ws/install/pal_sea_arm_description/share/pal_sea_arm_description/urdf/arm/arm_properties/tiago-sea/arm.properties.xacro
[2.732s] -- Symlinking: /opt/erc_ws/install/pal_sea_arm_description/share/pal_sea_arm_description/urdf/arm/arm_properties/tiago-sea/straight-wrist.properties.xacro
[2.740s] -- Symlinking: /opt/erc_ws/install/pal_sea_arm_description/share/pal_sea_arm_description/urdf/calibration_constants.urdf.xacro
[2.747s] -- Symlinking: /opt/erc_ws/install/pal_sea_arm_description/share/pal_sea_arm_description/urdf/end_effector/end_effector.urdf.xacro
[2.757s] -- Symlinking: /opt/erc_ws/install/pal_sea_arm_description/share/pal_sea_arm_description/urdf/end_effector/grasping_frames.xacro
[2.762s] -- Symlinking: /opt/erc_ws/install/pal_sea_arm_description/share/pal_sea_arm_description/urdf/end_effector/humanoid/pal_pro_gripper.urdf.xacro
[2.769s] -- Symlinking: /opt/erc_ws/install/pal_sea_arm_description/share/pal_sea_arm_description/urdf/end_effector/humanoid/rh8d_hand.urdf.xacro
[2.775s] -- Symlinking: /opt/erc_ws/install/pal_sea_arm_description/share/pal_sea_arm_description/urdf/end_effector/humanoid/ros2_control.urdf.xacro
[2.782s] -- Symlinking: /opt/erc_ws/install/pal_sea_arm_description/share/pal_sea_arm_description/urdf/end_effector_camera/end_effector_camera.urdf.xacro
[2.789s] -- Symlinking: /opt/erc_ws/install/pal_sea_arm_description/share/ament_index/resource_index/package_run_dependencies/pal_sea_arm_description
[2.795s] -- Symlinking: /opt/erc_ws/install/pal_sea_arm_description/share/ament_index/resource_index/parent_prefix_path/pal_sea_arm_description
[2.802s] -- Symlinking: /opt/erc_ws/install/pal_sea_arm_description/share/pal_sea_arm_description/environment/ament_prefix_path.sh
[2.811s] -- Symlinking: /opt/erc_ws/install/pal_sea_arm_description/share/pal_sea_arm_description/environment/ament_prefix_path.dsv
[2.817s] -- Symlinking: /opt/erc_ws/install/pal_sea_arm_description/share/pal_sea_arm_description/environment/path.sh
[2.824s] -- Symlinking: /opt/erc_ws/install/pal_sea_arm_description/share/pal_sea_arm_description/environment/path.dsv
[2.831s] -- Symlinking: /opt/erc_ws/install/pal_sea_arm_description/share/pal_sea_arm_description/local_setup.bash
[2.838s] -- Symlinking: /opt/erc_ws/install/pal_sea_arm_description/share/pal_sea_arm_description/local_setup.sh
[2.846s] -- Symlinking: /opt/erc_ws/install/pal_sea_arm_description/share/pal_sea_arm_description/local_setup.zsh
[2.852s] -- Symlinking: /opt/erc_ws/install/pal_sea_arm_description/share/pal_sea_arm_description/local_setup.dsv
[2.859s] -- Symlinking: /opt/erc_ws/install/pal_sea_arm_description/share/pal_sea_arm_description/package.dsv
[2.866s] -- Symlinking: /opt/erc_ws/install/pal_sea_arm_description/share/ament_index/resource_index/packages/pal_sea_arm_description
[2.875s] -- Symlinking: /opt/erc_ws/install/pal_sea_arm_description/share/pal_sea_arm_description/cmake/pal_sea_arm_descriptionConfig.cmake
[2.882s] -- Symlinking: /opt/erc_ws/install/pal_sea_arm_description/share/pal_sea_arm_description/cmake/pal_sea_arm_descriptionConfig-version.cmake
[2.889s] -- Symlinking: /opt/erc_ws/install/pal_sea_arm_description/share/pal_sea_arm_description/package.xml
[2.926s] Listing '/opt/erc_ws/install/pal_sea_arm_description/local/lib/python3.10/dist-packages/pal_sea_arm_description'...
[2.927s] Compiling '/opt/erc_ws/install/pal_sea_arm_description/local/lib/python3.10/dist-packages/pal_sea_arm_description/__init__.py'...
[2.927s] Compiling '/opt/erc_ws/install/pal_sea_arm_description/local/lib/python3.10/dist-packages/pal_sea_arm_description/launch_arguments.py'...
[2.927s] Compiling '/opt/erc_ws/install/pal_sea_arm_description/local/lib/python3.10/dist-packages/pal_sea_arm_description/pal_sea_arm_utils.py'...
[2.933s] Invoked command in '/opt/erc_ws/build/pal_sea_arm_description' returned '0': AMENT_PREFIX_PATH=/opt/erc_ws/install/pal_pro_gripper_wrapper:/opt/erc_ws/install/launch_pal:/opt/erc_ws/install/tiago_pro_robot:/opt/erc_ws/install/tiago_pro_head_robot:/opt/erc_ws/install/tiago_pro_bringup:/opt/erc_ws/install/tiago_pro_head_bringup:/opt/erc_ws/install/erc_bringup:/opt/erc_ws/install/tiago_pro_description:/opt/erc_ws/install/tiago_pro_head_description:/opt/erc_ws/install/tiago_pro_controller_configuration:/opt/erc_ws/install/tiago_pro_head_controller_configuration:/opt/erc_ws/install/sensors:/opt/erc_ws/install/pal_sea_arm:/opt/erc_ws/install/pal_sea_arm_bringup:/opt/erc_ws/install/pal_sea_arm_description:/opt/erc_ws/install/pal_pro_gripper_simulation:/opt/erc_ws/install/pal_pro_gripper_bringup:/opt/erc_ws/install/pal_pro_gripper:/opt/erc_ws/install/pal_pro_gripper_description:/opt/erc_ws/install/pal_gripper_simulation:/opt/erc_ws/install/pal_gripper:/opt/erc_ws/install/pal_gripper_description:/opt/erc_ws/install/omni_base_robot:/opt/erc_ws/install/omni_base_bringup:/opt/erc_ws/install/omni_base_description:/opt/erc_ws/install/pal_urdf_utils:/opt/erc_ws/install/pal_sea_arm_controller_configuration:/opt/erc_ws/install/pal_pro_gripper_controller_configuration:/opt/erc_ws/install/pal_gripper_controller_configuration:/opt/erc_ws/install/omni_base_controller_configuration:/opt/erc_ws/install/gz_ros2_control:/opt/erc_ws/install/erc_description:/opt/erc_ws/install/erc_solution:/opt/ros/humble CMAKE_PREFIX_PATH=/opt/erc_ws/install/pal_sea_arm_controller_configuration:/opt/erc_ws/install/pal_pro_gripper_description:/opt/erc_ws/install/pal_pro_gripper_controller_configuration:/opt/erc_ws/install/pal_urdf_utils:/opt/erc_ws/install/tiago_pro_robot:/opt/erc_ws/install/tiago_pro_head_robot:/opt/erc_ws/install/tiago_pro_bringup:/opt/erc_ws/install/tiago_pro_head_bringup:/opt/erc_ws/install/erc_bringup:/opt/erc_ws/install/tiago_pro_description:/opt/erc_ws/install/tiago_pro_head_description:/opt/erc_ws/install/tiago_pro_controller_configuration:/opt/erc_ws/install/tiago_pro_head_controller_configuration:/opt/erc_ws/install/pal_sea_arm:/opt/erc_ws/install/pal_sea_arm_bringup:/opt/erc_ws/install/pal_sea_arm_description:/opt/erc_ws/install/pal_pro_gripper_simulation:/opt/erc_ws/install/pal_pro_gripper_bringup:/opt/erc_ws/install/pal_pro_gripper:/opt/erc_ws/install/pal_gripper_simulation:/opt/erc_ws/install/pal_gripper:/opt/erc_ws/install/pal_gripper_description:/opt/erc_ws/install/omni_base_robot:/opt/erc_ws/install/omni_base_bringup:/opt/erc_ws/install/omni_base_description:/opt/erc_ws/install/pal_gripper_controller_configuration:/opt/erc_ws/install/omni_base_controller_configuration:/opt/erc_ws/install/gz_ros2_control:/opt/erc_ws/install/erc_description:/opt/erc_ws/install/sensors:/opt/erc_ws/install/pal_pro_gripper_wrapper:/opt/erc_ws/install/launch_pal:/opt/erc_ws/install/erc_solution:/opt/ros/humble PYTHONPATH=/opt/erc_ws/build/pal_pro_gripper_wrapper:/opt/erc_ws/install/pal_pro_gripper_wrapper/lib/python3.10/site-packages:/opt/erc_ws/build/launch_pal:/opt/erc_ws/install/launch_pal/lib/python3.10/site-packages:/opt/erc_ws/install/tiago_pro_description/local/lib/python3.10/dist-packages:/opt/erc_ws/install/tiago_pro_head_description/local/lib/python3.10/dist-packages:/opt/erc_ws/install/sensors/lib/python3.10/site-packages:/opt/erc_ws/install/pal_sea_arm_description/local/lib/python3.10/dist-packages:/opt/erc_ws/install/pal_pro_gripper_description/local/lib/python3.10/dist-packages:/opt/erc_ws/install/omni_base_description/local/lib/python3.10/dist-packages:/opt/erc_ws/build/erc_solution:/opt/erc_ws/install/erc_solution/lib/python3.10/site-packages:/opt/ros/humble/lib/python3.10/site-packages:/opt/ros/humble/local/lib/python3.10/dist-packages /usr/bin/cmake --install /opt/erc_ws/build/pal_sea_arm_description
