-- The C compiler identification is GNU 11.4.0
-- The CXX compiler identification is GNU 11.4.0
-- Detecting C compiler ABI info
-- Detecting C compiler ABI info - done
-- Check for working C compiler: /usr/bin/cc - skipped
-- Detecting C compile features
-- Detecting C compile features - done
-- Detecting CXX compiler ABI info
-- Detecting CXX compiler ABI info - done
-- Check for working CXX compiler: /usr/bin/c++ - skipped
-- Detecting CXX compile features
-- Detecting CXX compile features - done
-- Found ament_cmake_auto: 1.3.14 (/opt/ros/humble/share/ament_cmake_auto/cmake)
-- Found Python3: /usr/bin/python3 (found version "3.10.12") found components: Interpreter 
-- Override CMake install command with custom implementation using symlinks instead of copying resources
-- Found ament_lint_auto: 0.12.15 (/opt/ros/humble/share/ament_lint_auto/cmake)
-- Found python_cmake_module: 0.10.0 (/opt/ros/humble/share/python_cmake_module/cmake)
-- Found PythonInterp: /usr/bin/python3 (found suitable version "3.10.12", minimum required is "3.6") 
-- Found PythonLibs: /usr/lib/x86_64-linux-gnu/libpython3.10.so (found suitable version "3.10.12", minimum required is "3.5") 
-- Using PYTHON_EXECUTABLE: /usr/bin/python3
-- Using PYTHON_INCLUDE_DIRS: /usr/include/python3.10
-- Using PYTHON_LIBRARIES: /usr/lib/x86_64-linux-gnu/libpython3.10.so
-- Found PythonExtra: .so  
-- Added test 'copyright' to check source files copyright and LICENSE
-- Added test 'flake8' to check Python code syntax and style conventions
-- Added test 'lint_cmake' to check CMake code style
-- Added test 'pep257' to check Python code against some of the docstring style conventions in PEP 257
-- Added test 'xmllint' to check XML markup files
-- Configuring done
-- Generating done
-- Build files have been written to: /opt/erc_ws/build/tiago_pro_description
Built target ament_cmake_python_symlink_tiago_pro_description
running egg_info
creating tiago_pro_description.egg-info
writing tiago_pro_description.egg-info/PKG-INFO
writing dependency_links to tiago_pro_description.egg-info/dependency_links.txt
writing top-level names to tiago_pro_description.egg-info/top_level.txt
writing manifest file 'tiago_pro_description.egg-info/SOURCES.txt'
reading manifest file 'tiago_pro_description.egg-info/SOURCES.txt'
writing manifest file 'tiago_pro_description.egg-info/SOURCES.txt'
Built target ament_cmake_python_build_tiago_pro_description_egg
-- Install configuration: ""
-- Execute custom install script
-- Symlinking: /opt/erc_ws/install/tiago_pro_description/share/tiago_pro_description/environment/pythonpath.sh
-- Symlinking: /opt/erc_ws/install/tiago_pro_description/share/tiago_pro_description/environment/pythonpath.dsv
-- Symlinking: /opt/erc_ws/install/tiago_pro_description/local/lib/python3.10/dist-packages/tiago_pro_description-2.5.0-py3.10.egg-info/PKG-INFO
-- Symlinking: /opt/erc_ws/install/tiago_pro_description/local/lib/python3.10/dist-packages/tiago_pro_description-2.5.0-py3.10.egg-info/SOURCES.txt
-- Symlinking: /opt/erc_ws/install/tiago_pro_description/local/lib/python3.10/dist-packages/tiago_pro_description-2.5.0-py3.10.egg-info/dependency_links.txt
-- Symlinking: /opt/erc_ws/install/tiago_pro_description/local/lib/python3.10/dist-packages/tiago_pro_description-2.5.0-py3.10.egg-info/top_level.txt
-- Symlinking: /opt/erc_ws/install/tiago_pro_description/local/lib/python3.10/dist-packages/tiago_pro_description/__init__.py
-- Symlinking: /opt/erc_ws/install/tiago_pro_description/local/lib/python3.10/dist-packages/tiago_pro_description/launch_arguments.py
-- Symlinking: /opt/erc_ws/install/tiago_pro_description/local/lib/python3.10/dist-packages/tiago_pro_description/tiago_pro_launch_utils.py
-- Symlinking: /opt/erc_ws/install/tiago_pro_description/share/tiago_pro_description/config/show.rviz
-- Symlinking: /opt/erc_ws/install/tiago_pro_description/share/tiago_pro_description/config/show_front.rviz
-- Symlinking: /opt/erc_ws/install/tiago_pro_description/share/tiago_pro_description/config/tiago_pro_configuration.yaml
-- Symlinking: /opt/erc_ws/install/tiago_pro_description/share/tiago_pro_description/launch/robot_state_publisher.launch.py
-- Symlinking: /opt/erc_ws/install/tiago_pro_description/share/tiago_pro_description/launch/show.launch.py
-- Symlinking: /opt/erc_ws/install/tiago_pro_description/share/tiago_pro_description/robots/tiago_pro.urdf.xacro
-- Symlinking: /opt/erc_ws/install/tiago_pro_description/share/tiago_pro_description/meshes/pilot_station/fixed_sit_station.stl
-- Symlinking: /opt/erc_ws/install/tiago_pro_description/share/tiago_pro_description/meshes/pilot_station/teleop_handle.stl
-- Symlinking: /opt/erc_ws/install/tiago_pro_description/share/tiago_pro_description/meshes/torso/laptop_tray_collision.stl
-- Symlinking: /opt/erc_ws/install/tiago_pro_description/share/tiago_pro_description/meshes/torso/torso_fixed.stl
-- Symlinking: /opt/erc_ws/install/tiago_pro_description/share/tiago_pro_description/meshes/torso/torso_fixed_collision.stl
-- Symlinking: /opt/erc_ws/install/tiago_pro_description/share/tiago_pro_description/meshes/torso/torso_lift_link.stl
-- Symlinking: /opt/erc_ws/install/tiago_pro_description/share/tiago_pro_description/meshes/torso/torso_lift_link_collision.stl
-- Symlinking: /opt/erc_ws/install/tiago_pro_description/share/tiago_pro_description/ros2_control/gazebo_controller_manager_cfg.yaml
-- Symlinking: /opt/erc_ws/install/tiago_pro_description/share/tiago_pro_description/ros2_control/ros2_control.urdf.xacro
-- Symlinking: /opt/erc_ws/install/tiago_pro_description/share/tiago_pro_description/urdf/arm.mounting.xacro
-- Symlinking: /opt/erc_ws/install/tiago_pro_description/share/tiago_pro_description/urdf/calibration/calibration_offset.urdf.xacro
-- Symlinking: /opt/erc_ws/install/tiago_pro_description/share/tiago_pro_description/urdf/calibration/calibration_offset.urdf.xacro.j2
-- Symlinking: /opt/erc_ws/install/tiago_pro_description/share/tiago_pro_description/urdf/pilot_station/basestation.urdf.xacro
-- Symlinking: /opt/erc_ws/install/tiago_pro_description/share/tiago_pro_description/urdf/pilot_station/teleop_handle.urdf.xacro
-- Symlinking: /opt/erc_ws/install/tiago_pro_description/share/tiago_pro_description/urdf/torso/torso.ros2_control.xacro
-- Symlinking: /opt/erc_ws/install/tiago_pro_description/share/tiago_pro_description/urdf/torso/torso.transmission.urdf.xacro
-- Symlinking: /opt/erc_ws/install/tiago_pro_description/share/tiago_pro_description/urdf/torso/torso.urdf.xacro
-- Symlinking: /opt/erc_ws/install/tiago_pro_description/share/ament_index/resource_index/package_run_dependencies/tiago_pro_description
-- Symlinking: /opt/erc_ws/install/tiago_pro_description/share/ament_index/resource_index/parent_prefix_path/tiago_pro_description
-- Symlinking: /opt/erc_ws/install/tiago_pro_description/share/tiago_pro_description/environment/ament_prefix_path.sh
-- Symlinking: /opt/erc_ws/install/tiago_pro_description/share/tiago_pro_description/environment/ament_prefix_path.dsv
-- Symlinking: /opt/erc_ws/install/tiago_pro_description/share/tiago_pro_description/environment/path.sh
-- Symlinking: /opt/erc_ws/install/tiago_pro_description/share/tiago_pro_description/environment/path.dsv
-- Symlinking: /opt/erc_ws/install/tiago_pro_description/share/tiago_pro_description/local_setup.bash
-- Symlinking: /opt/erc_ws/install/tiago_pro_description/share/tiago_pro_description/local_setup.sh
-- Symlinking: /opt/erc_ws/install/tiago_pro_description/share/tiago_pro_description/local_setup.zsh
-- Symlinking: /opt/erc_ws/install/tiago_pro_description/share/tiago_pro_description/local_setup.dsv
-- Symlinking: /opt/erc_ws/install/tiago_pro_description/share/tiago_pro_description/package.dsv
-- Symlinking: /opt/erc_ws/install/tiago_pro_description/share/ament_index/resource_index/packages/tiago_pro_description
-- Symlinking: /opt/erc_ws/install/tiago_pro_description/share/tiago_pro_description/cmake/tiago_pro_descriptionConfig.cmake
-- Symlinking: /opt/erc_ws/install/tiago_pro_description/share/tiago_pro_description/cmake/tiago_pro_descriptionConfig-version.cmake
-- Symlinking: /opt/erc_ws/install/tiago_pro_description/share/tiago_pro_description/package.xml
Listing '/opt/erc_ws/install/tiago_pro_description/local/lib/python3.10/dist-packages/tiago_pro_description'...
Compiling '/opt/erc_ws/install/tiago_pro_description/local/lib/python3.10/dist-packages/tiago_pro_description/__init__.py'...
Compiling '/opt/erc_ws/install/tiago_pro_description/local/lib/python3.10/dist-packages/tiago_pro_description/launch_arguments.py'...
Compiling '/opt/erc_ws/install/tiago_pro_description/local/lib/python3.10/dist-packages/tiago_pro_description/tiago_pro_launch_utils.py'...
