-- Found ament_cmake_auto: 1.3.14 (/opt/ros/humble/share/ament_cmake_auto/cmake)
-- Override CMake install command with custom implementation using symlinks instead of copying resources
-- Found ament_lint_auto: 0.12.15 (/opt/ros/humble/share/ament_lint_auto/cmake)
-- Added test 'copyright' to check source files copyright and LICENSE
-- Added test 'flake8' to check Python code syntax and style conventions
-- Added test 'lint_cmake' to check CMake code style
-- Added test 'pep257' to check Python code against some of the docstring style conventions in PEP 257
-- Added test 'xmllint' to check XML markup files
-- Configuring done
-- Generating done
-- Build files have been written to: /opt/erc_ws/build/omni_base_controller_configuration
-- Install configuration: ""
-- Execute custom install script
-- Symlinking: /opt/erc_ws/install/omni_base_controller_configuration/share/omni_base_controller_configuration/config/joint_state_broadcaster.yaml
-- Symlinking: /opt/erc_ws/install/omni_base_controller_configuration/share/omni_base_controller_configuration/config/mobile_base_controller.yaml
-- Symlinking: /opt/erc_ws/install/omni_base_controller_configuration/share/omni_base_controller_configuration/launch/default_controllers.launch.py
-- Symlinking: /opt/erc_ws/install/omni_base_controller_configuration/share/omni_base_controller_configuration/launch/mobile_base_controller.launch.py
-- Symlinking: /opt/erc_ws/install/omni_base_controller_configuration/share/ament_index/resource_index/package_run_dependencies/omni_base_controller_configuration
-- Symlinking: /opt/erc_ws/install/omni_base_controller_configuration/share/ament_index/resource_index/parent_prefix_path/omni_base_controller_configuration
-- Symlinking: /opt/erc_ws/install/omni_base_controller_configuration/share/omni_base_controller_configuration/environment/ament_prefix_path.sh
-- Symlinking: /opt/erc_ws/install/omni_base_controller_configuration/share/omni_base_controller_configuration/environment/ament_prefix_path.dsv
-- Symlinking: /opt/erc_ws/install/omni_base_controller_configuration/share/omni_base_controller_configuration/environment/path.sh
-- Symlinking: /opt/erc_ws/install/omni_base_controller_configuration/share/omni_base_controller_configuration/environment/path.dsv
-- Symlinking: /opt/erc_ws/install/omni_base_controller_configuration/share/omni_base_controller_configuration/local_setup.bash
-- Symlinking: /opt/erc_ws/install/omni_base_controller_configuration/share/omni_base_controller_configuration/local_setup.sh
-- Symlinking: /opt/erc_ws/install/omni_base_controller_configuration/share/omni_base_controller_configuration/local_setup.zsh
-- Symlinking: /opt/erc_ws/install/omni_base_controller_configuration/share/omni_base_controller_configuration/local_setup.dsv
-- Symlinking: /opt/erc_ws/install/omni_base_controller_configuration/share/omni_base_controller_configuration/package.dsv
-- Symlinking: /opt/erc_ws/install/omni_base_controller_configuration/share/ament_index/resource_index/packages/omni_base_controller_configuration
-- Symlinking: /opt/erc_ws/install/omni_base_controller_configuration/share/omni_base_controller_configuration/cmake/omni_base_controller_configurationConfig.cmake
-- Symlinking: /opt/erc_ws/install/omni_base_controller_configuration/share/omni_base_controller_configuration/cmake/omni_base_controller_configurationConfig-version.cmake
-- Symlinking: /opt/erc_ws/install/omni_base_controller_configuration/share/omni_base_controller_configuration/package.xml
