[0.380s] Invoking command in '/opt/erc_ws/build/omni_base_controller_configuration': CMAKE_PREFIX_PATH=${CMAKE_PREFIX_PATH}:/opt/erc_ws/install/sensors:/opt/erc_ws/install/pal_pro_gripper_wrapper:/opt/erc_ws/install/launch_pal:/opt/erc_ws/install/erc_solution:/opt/ros/humble /usr/bin/cmake /opt/erc_ws/src/omni_base_robot/omni_base_controller_configuration -DAMENT_CMAKE_SYMLINK_INSTALL=1 -DCMAKE_INSTALL_PREFIX=/opt/erc_ws/install/omni_base_controller_configuration
[0.578s] -- Found ament_cmake_auto: 1.3.14 (/opt/ros/humble/share/ament_cmake_auto/cmake)
[0.579s] -- Override CMake install command with custom implementation using symlinks instead of copying resources
[0.579s] -- Found ament_lint_auto: 0.12.15 (/opt/ros/humble/share/ament_lint_auto/cmake)
[0.579s] -- Added test 'copyright' to check source files copyright and LICENSE
[0.579s] -- Added test 'flake8' to check Python code syntax and style conventions
[0.579s] -- Added test 'lint_cmake' to check CMake code style
[0.579s] -- Added test 'pep257' to check Python code against some of the docstring style conventions in PEP 257
[0.579s] -- Added test 'xmllint' to check XML markup files
[0.579s] -- Configuring done
[0.579s] -- Generating done
[0.580s] -- Build files have been written to: /opt/erc_ws/build/omni_base_controller_configuration
[0.761s] Invoked command in '/opt/erc_ws/build/omni_base_controller_configuration' returned '0': CMAKE_PREFIX_PATH=${CMAKE_PREFIX_PATH}:/opt/erc_ws/install/sensors:/opt/erc_ws/install/pal_pro_gripper_wrapper:/opt/erc_ws/install/launch_pal:/opt/erc_ws/install/erc_solution:/opt/ros/humble /usr/bin/cmake /opt/erc_ws/src/omni_base_robot/omni_base_controller_configuration -DAMENT_CMAKE_SYMLINK_INSTALL=1 -DCMAKE_INSTALL_PREFIX=/opt/erc_ws/install/omni_base_controller_configuration
[0.761s] Invoking command in '/opt/erc_ws/build/omni_base_controller_configuration': CMAKE_PREFIX_PATH=${CMAKE_PREFIX_PATH}:/opt/erc_ws/install/sensors:/opt/erc_ws/install/pal_pro_gripper_wrapper:/opt/erc_ws/install/launch_pal:/opt/erc_ws/install/erc_solution:/opt/ros/humble /usr/bin/cmake --build /opt/erc_ws/build/omni_base_controller_configuration -- -j16 -l16
[0.802s] Invoked command in '/opt/erc_ws/build/omni_base_controller_configuration' returned '0': CMAKE_PREFIX_PATH=${CMAKE_PREFIX_PATH}:/opt/erc_ws/install/sensors:/opt/erc_ws/install/pal_pro_gripper_wrapper:/opt/erc_ws/install/launch_pal:/opt/erc_ws/install/erc_solution:/opt/ros/humble /usr/bin/cmake --build /opt/erc_ws/build/omni_base_controller_configuration -- -j16 -l16
[0.806s] Invoking command in '/opt/erc_ws/build/omni_base_controller_configuration': CMAKE_PREFIX_PATH=${CMAKE_PREFIX_PATH}:/opt/erc_ws/install/sensors:/opt/erc_ws/install/pal_pro_gripper_wrapper:/opt/erc_ws/install/launch_pal:/opt/erc_ws/install/erc_solution:/opt/ros/humble /usr/bin/cmake --install /opt/erc_ws/build/omni_base_controller_configuration
[0.812s] -- Install configuration: ""
[0.812s] -- Execute custom install script
[0.813s] -- Symlinking: /opt/erc_ws/install/omni_base_controller_configuration/share/omni_base_controller_configuration/config/joint_state_broadcaster.yaml
[0.822s] -- Symlinking: /opt/erc_ws/install/omni_base_controller_configuration/share/omni_base_controller_configuration/config/mobile_base_controller.yaml
[0.832s] -- Symlinking: /opt/erc_ws/install/omni_base_controller_configuration/share/omni_base_controller_configuration/launch/default_controllers.launch.py
[0.842s] -- Symlinking: /opt/erc_ws/install/omni_base_controller_configuration/share/omni_base_controller_configuration/launch/mobile_base_controller.launch.py
[0.853s] -- Symlinking: /opt/erc_ws/install/omni_base_controller_configuration/share/ament_index/resource_index/package_run_dependencies/omni_base_controller_configuration
[0.863s] -- Symlinking: /opt/erc_ws/install/omni_base_controller_configuration/share/ament_index/resource_index/parent_prefix_path/omni_base_controller_configuration
[0.872s] -- Symlinking: /opt/erc_ws/install/omni_base_controller_configuration/share/omni_base_controller_configuration/environment/ament_prefix_path.sh
[0.880s] -- Symlinking: /opt/erc_ws/install/omni_base_controller_configuration/share/omni_base_controller_configuration/environment/ament_prefix_path.dsv
[0.891s] -- Symlinking: /opt/erc_ws/install/omni_base_controller_configuration/share/omni_base_controller_configuration/environment/path.sh
[0.900s] -- Symlinking: /opt/erc_ws/install/omni_base_controller_configuration/share/omni_base_controller_configuration/environment/path.dsv
[0.911s] -- Symlinking: /opt/erc_ws/install/omni_base_controller_configuration/share/omni_base_controller_configuration/local_setup.bash
[0.919s] -- Symlinking: /opt/erc_ws/install/omni_base_controller_configuration/share/omni_base_controller_configuration/local_setup.sh
[0.930s] -- Symlinking: /opt/erc_ws/install/omni_base_controller_configuration/share/omni_base_controller_configuration/local_setup.zsh
[0.939s] -- Symlinking: /opt/erc_ws/install/omni_base_controller_configuration/share/omni_base_controller_configuration/local_setup.dsv
[0.945s] -- Symlinking: /opt/erc_ws/install/omni_base_controller_configuration/share/omni_base_controller_configuration/package.dsv
[0.955s] -- Symlinking: /opt/erc_ws/install/omni_base_controller_configuration/share/ament_index/resource_index/packages/omni_base_controller_configuration
[0.964s] -- Symlinking: /opt/erc_ws/install/omni_base_controller_configuration/share/omni_base_controller_configuration/cmake/omni_base_controller_configurationConfig.cmake
[0.976s] -- Symlinking: /opt/erc_ws/install/omni_base_controller_configuration/share/omni_base_controller_configuration/cmake/omni_base_controller_configurationConfig-version.cmake
[0.986s] -- Symlinking: /opt/erc_ws/install/omni_base_controller_configuration/share/omni_base_controller_configuration/package.xml
[0.998s] Invoked command in '/opt/erc_ws/build/omni_base_controller_configuration' returned '0': CMAKE_PREFIX_PATH=${CMAKE_PREFIX_PATH}:/opt/erc_ws/install/sensors:/opt/erc_ws/install/pal_pro_gripper_wrapper:/opt/erc_ws/install/launch_pal:/opt/erc_ws/install/erc_solution:/opt/ros/humble /usr/bin/cmake --install /opt/erc_ws/build/omni_base_controller_configuration
