[0.703s] Invoking command in '/opt/erc_ws/build/erc_solution': PYTHONPATH=/opt/erc_ws/build/erc_solution/prefix_override:/usr/lib/python3/dist-packages/colcon_core/task/python/colcon_distutils_commands:/opt/erc_ws/install/erc_solution/lib/python3.10/site-packages:${PYTHONPATH} /usr/bin/python3 -W ignore:setup.py install is deprecated -W ignore:easy_install command is deprecated setup.py develop --editable --build-directory /opt/erc_ws/build/erc_solution/build --no-deps symlink_data
[0.897s] running develop
[0.989s] running egg_info
[0.989s] writing erc_solution.egg-info/PKG-INFO
[0.990s] writing dependency_links to erc_solution.egg-info/dependency_links.txt
[0.990s] writing entry points to erc_solution.egg-info/entry_points.txt
[0.990s] writing requirements to erc_solution.egg-info/requires.txt
[0.990s] writing top-level names to erc_solution.egg-info/top_level.txt
[0.991s] reading manifest file 'erc_solution.egg-info/SOURCES.txt'
[0.992s] writing manifest file 'erc_solution.egg-info/SOURCES.txt'
[0.994s] running build_ext
[0.994s] Creating /opt/erc_ws/install/erc_solution/lib/python3.10/site-packages/erc-solution.egg-link (link to .)
[0.995s] Installing book_colour_detector script to /opt/erc_ws/install/erc_solution/lib/erc_solution
[0.995s] Installing column_navigator script to /opt/erc_ws/install/erc_solution/lib/erc_solution
[0.995s] Installing grasp_controller script to /opt/erc_ws/install/erc_solution/lib/erc_solution
[0.995s] Installing shelf_column_detector script to /opt/erc_ws/install/erc_solution/lib/erc_solution
[0.996s] 
[0.996s] Installed /opt/erc_ws/build/erc_solution
[0.996s] running symlink_data
[1.021s] Invoked command in '/opt/erc_ws/build/erc_solution' returned '0': PYTHONPATH=/opt/erc_ws/build/erc_solution/prefix_override:/usr/lib/python3/dist-packages/colcon_core/task/python/colcon_distutils_commands:/opt/erc_ws/install/erc_solution/lib/python3.10/site-packages:${PYTHONPATH} /usr/bin/python3 -W ignore:setup.py install is deprecated -W ignore:easy_install command is deprecated setup.py develop --editable --build-directory /opt/erc_ws/build/erc_solution/build --no-deps symlink_data
