[0.349s] Invoking command in '/opt/erc_ws/build/erc_description': CMAKE_PREFIX_PATH=${CMAKE_PREFIX_PATH}:/opt/erc_ws/install/sensors:/opt/erc_ws/install/pal_pro_gripper_wrapper:/opt/erc_ws/install/launch_pal:/opt/erc_ws/install/erc_solution:/opt/ros/humble /usr/bin/cmake /opt/erc_ws/src/erc_description -DAMENT_CMAKE_SYMLINK_INSTALL=1 -DCMAKE_INSTALL_PREFIX=/opt/erc_ws/install/erc_description
[0.547s] -- The C compiler identification is GNU 11.4.0
[0.547s] -- The CXX compiler identification is GNU 11.4.0
[0.547s] -- Detecting C compiler ABI info
[0.547s] -- Detecting C compiler ABI info - done
[0.548s] -- Check for working C compiler: /usr/bin/cc - skipped
[0.548s] -- Detecting C compile features
[0.548s] -- Detecting C compile features - done
[0.548s] -- Detecting CXX compiler ABI info
[0.548s] -- Detecting CXX compiler ABI info - done
[0.553s] -- Check for working CXX compiler: /usr/bin/c++ - skipped
[0.554s] -- Detecting CXX compile features
[0.554s] -- Detecting CXX compile features - done
[0.558s] -- Found ament_cmake: 1.3.14 (/opt/ros/humble/share/ament_cmake/cmake)
[0.717s] -- Found Python3: /usr/bin/python3 (found version "3.10.12") found components: Interpreter 
[0.783s] -- Override CMake install command with custom implementation using symlinks instead of copying resources
[0.923s] -- Configuring done
[0.931s] -- Generating done
[0.933s] -- Build files have been written to: /opt/erc_ws/build/erc_description
[0.938s] Invoked command in '/opt/erc_ws/build/erc_description' returned '0': CMAKE_PREFIX_PATH=${CMAKE_PREFIX_PATH}:/opt/erc_ws/install/sensors:/opt/erc_ws/install/pal_pro_gripper_wrapper:/opt/erc_ws/install/launch_pal:/opt/erc_ws/install/erc_solution:/opt/ros/humble /usr/bin/cmake /opt/erc_ws/src/erc_description -DAMENT_CMAKE_SYMLINK_INSTALL=1 -DCMAKE_INSTALL_PREFIX=/opt/erc_ws/install/erc_description
[0.942s] Invoking command in '/opt/erc_ws/build/erc_description': CMAKE_PREFIX_PATH=${CMAKE_PREFIX_PATH}:/opt/erc_ws/install/sensors:/opt/erc_ws/install/pal_pro_gripper_wrapper:/opt/erc_ws/install/launch_pal:/opt/erc_ws/install/erc_solution:/opt/ros/humble /usr/bin/cmake --build /opt/erc_ws/build/erc_description -- -j16 -l16
[0.985s] Invoked command in '/opt/erc_ws/build/erc_description' returned '0': CMAKE_PREFIX_PATH=${CMAKE_PREFIX_PATH}:/opt/erc_ws/install/sensors:/opt/erc_ws/install/pal_pro_gripper_wrapper:/opt/erc_ws/install/launch_pal:/opt/erc_ws/install/erc_solution:/opt/ros/humble /usr/bin/cmake --build /opt/erc_ws/build/erc_description -- -j16 -l16
[0.987s] Invoking command in '/opt/erc_ws/build/erc_description': CMAKE_PREFIX_PATH=${CMAKE_PREFIX_PATH}:/opt/erc_ws/install/sensors:/opt/erc_ws/install/pal_pro_gripper_wrapper:/opt/erc_ws/install/launch_pal:/opt/erc_ws/install/erc_solution:/opt/ros/humble /usr/bin/cmake --install /opt/erc_ws/build/erc_description
[0.994s] -- Install configuration: ""
[0.994s] -- Execute custom install script
[0.996s] -- Symlinking: /opt/erc_ws/install/erc_description/share/erc_description/models/book/meshes/erc_base_book.STL
[1.009s] -- Symlinking: /opt/erc_ws/install/erc_description/share/erc_description/models/book/sdf/erc_book.sdf
[1.017s] -- Symlinking: /opt/erc_ws/install/erc_description/share/erc_description/models/collection_bin/.gitkeep
[1.023s] -- Symlinking: /opt/erc_ws/install/erc_description/share/erc_description/models/collection_bin/meshes/erc_base_collection_bin.STL
[1.030s] -- Symlinking: /opt/erc_ws/install/erc_description/share/erc_description/models/collection_bin/sdf/erc_collection_bin.sdf
[1.037s] -- Symlinking: /opt/erc_ws/install/erc_description/share/erc_description/models/number_marker/.gitkeep
[1.047s] -- Symlinking: /opt/erc_ws/install/erc_description/share/erc_description/models/number_marker/sdf/erc_number_marker.sdf
[1.055s] -- Symlinking: /opt/erc_ws/install/erc_description/share/erc_description/models/number_marker/textures/0.png
[1.062s] -- Symlinking: /opt/erc_ws/install/erc_description/share/erc_description/models/number_marker/textures/1.png
[1.069s] -- Symlinking: /opt/erc_ws/install/erc_description/share/erc_description/models/number_marker/textures/2.png
[1.078s] -- Symlinking: /opt/erc_ws/install/erc_description/share/erc_description/models/number_marker/textures/3.png
[1.087s] -- Symlinking: /opt/erc_ws/install/erc_description/share/erc_description/models/number_marker/textures/4.png
[1.096s] -- Symlinking: /opt/erc_ws/install/erc_description/share/erc_description/models/number_marker/textures/5.png
[1.103s] -- Symlinking: /opt/erc_ws/install/erc_description/share/erc_description/models/number_marker/textures/6.png
[1.113s] -- Symlinking: /opt/erc_ws/install/erc_description/share/erc_description/models/number_marker/textures/7.png
[1.121s] -- Symlinking: /opt/erc_ws/install/erc_description/share/erc_description/models/number_marker/textures/8.png
[1.132s] -- Symlinking: /opt/erc_ws/install/erc_description/share/erc_description/models/number_marker/textures/9.png
[1.142s] -- Symlinking: /opt/erc_ws/install/erc_description/share/erc_description/models/number_marker/textures/combined.jpg
[1.150s] -- Symlinking: /opt/erc_ws/install/erc_description/share/erc_description/models/shelf/.gitkeep
[1.157s] -- Symlinking: /opt/erc_ws/install/erc_description/share/erc_description/models/shelf/meshes/erc_base_shelf.STL
[1.165s] -- Symlinking: /opt/erc_ws/install/erc_description/share/erc_description/models/shelf/sdf/erc_shelf.sdf
[1.173s] -- Symlinking: /opt/erc_ws/install/erc_description/share/erc_description/models/table/meshes/erc_base_table.STL
[1.182s] -- Symlinking: /opt/erc_ws/install/erc_description/share/erc_description/models/table/sdf/erc_table.sdf
[1.192s] -- Symlinking: /opt/erc_ws/install/erc_description/share/erc_description/worlds/.gitkeep
[1.197s] -- Symlinking: /opt/erc_ws/install/erc_description/share/erc_description/worlds/erc_world.sdf
[1.205s] -- Symlinking: /opt/erc_ws/install/erc_description/share/erc_description/materials/textures/arena_floor.png
[1.212s] -- Symlinking: /opt/erc_ws/install/erc_description/share/erc_description/urdf/tiago_pro.urdf
[1.222s] -- Symlinking: /opt/erc_ws/install/erc_description/share/ament_index/resource_index/package_run_dependencies/erc_description
[1.232s] -- Symlinking: /opt/erc_ws/install/erc_description/share/ament_index/resource_index/parent_prefix_path/erc_description
[1.240s] -- Symlinking: /opt/erc_ws/install/erc_description/share/erc_description/environment/ament_prefix_path.sh
[1.246s] -- Symlinking: /opt/erc_ws/install/erc_description/share/erc_description/environment/ament_prefix_path.dsv
[1.253s] -- Symlinking: /opt/erc_ws/install/erc_description/share/erc_description/environment/path.sh
[1.261s] -- Symlinking: /opt/erc_ws/install/erc_description/share/erc_description/environment/path.dsv
[1.269s] -- Symlinking: /opt/erc_ws/install/erc_description/share/erc_description/local_setup.bash
[1.277s] -- Symlinking: /opt/erc_ws/install/erc_description/share/erc_description/local_setup.sh
[1.283s] -- Symlinking: /opt/erc_ws/install/erc_description/share/erc_description/local_setup.zsh
[1.290s] -- Symlinking: /opt/erc_ws/install/erc_description/share/erc_description/local_setup.dsv
[1.297s] -- Symlinking: /opt/erc_ws/install/erc_description/share/erc_description/package.dsv
[1.303s] -- Symlinking: /opt/erc_ws/install/erc_description/share/ament_index/resource_index/packages/erc_description
[1.313s] -- Symlinking: /opt/erc_ws/install/erc_description/share/erc_description/cmake/erc_descriptionConfig.cmake
[1.319s] -- Symlinking: /opt/erc_ws/install/erc_description/share/erc_description/cmake/erc_descriptionConfig-version.cmake
[1.326s] -- Symlinking: /opt/erc_ws/install/erc_description/share/erc_description/package.xml
[1.335s] Invoked command in '/opt/erc_ws/build/erc_description' returned '0': CMAKE_PREFIX_PATH=${CMAKE_PREFIX_PATH}:/opt/erc_ws/install/sensors:/opt/erc_ws/install/pal_pro_gripper_wrapper:/opt/erc_ws/install/launch_pal:/opt/erc_ws/install/erc_solution:/opt/ros/humble /usr/bin/cmake --install /opt/erc_ws/build/erc_description
