-- The C compiler identification is GNU 11.4.0
-- The CXX compiler identification is GNU 11.4.0
-- Detecting C compiler ABI info
-- Detecting C compiler ABI info - done
-- Check for working C compiler: /usr/bin/cc - skipped
-- Detecting C compile features
-- Detecting C compile features - done
-- Detecting CXX compiler ABI info
-- Detecting CXX compiler ABI info - done
-- Check for working CXX compiler: /usr/bin/c++ - skipped
-- Detecting CXX compile features
-- Detecting CXX compile features - done
-- Found ament_cmake_auto: 1.3.14 (/opt/ros/humble/share/ament_cmake_auto/cmake)
-- Found Python3: /usr/bin/python3 (found version "3.10.12") found components: Interpreter 
-- Override CMake install command with custom implementation using symlinks instead of copying resources
-- Found ament_lint_auto: 0.12.15 (/opt/ros/humble/share/ament_lint_auto/cmake)
-- Added test 'copyright' to check source files copyright and LICENSE
-- Added test 'flake8' to check Python code syntax and style conventions
-- Added test 'lint_cmake' to check CMake code style
-- Added test 'pep257' to check Python code against some of the docstring style conventions in PEP 257
-- Added test 'xmllint' to check XML markup files
-- Configuring done
-- Generating done
-- Build files have been written to: /opt/erc_ws/build/tiago_pro_head_bringup
-- Install configuration: ""
-- Execute custom install script
-- Symlinking: /opt/erc_ws/install/tiago_pro_head_bringup/share/tiago_pro_head_bringup/launch/tiago_pro_head_bringup.launch.py
-- Symlinking: /opt/erc_ws/install/tiago_pro_head_bringup/share/tiago_pro_head_bringup/launch/tiago_pro_head_play_motion2.launch.py
-- Symlinking: /opt/erc_ws/install/tiago_pro_head_bringup/share/tiago_pro_head_bringup/config/motion_planner/motion_planner.yaml
-- Symlinking: /opt/erc_ws/install/tiago_pro_head_bringup/share/tiago_pro_head_bringup/config/motions/head_motions.yaml
-- Symlinking: /opt/erc_ws/install/tiago_pro_head_bringup/share/ament_index/resource_index/package_run_dependencies/tiago_pro_head_bringup
-- Symlinking: /opt/erc_ws/install/tiago_pro_head_bringup/share/ament_index/resource_index/parent_prefix_path/tiago_pro_head_bringup
-- Symlinking: /opt/erc_ws/install/tiago_pro_head_bringup/share/tiago_pro_head_bringup/environment/ament_prefix_path.sh
-- Symlinking: /opt/erc_ws/install/tiago_pro_head_bringup/share/tiago_pro_head_bringup/environment/ament_prefix_path.dsv
-- Symlinking: /opt/erc_ws/install/tiago_pro_head_bringup/share/tiago_pro_head_bringup/environment/path.sh
-- Symlinking: /opt/erc_ws/install/tiago_pro_head_bringup/share/tiago_pro_head_bringup/environment/path.dsv
-- Symlinking: /opt/erc_ws/install/tiago_pro_head_bringup/share/tiago_pro_head_bringup/local_setup.bash
-- Symlinking: /opt/erc_ws/install/tiago_pro_head_bringup/share/tiago_pro_head_bringup/local_setup.sh
-- Symlinking: /opt/erc_ws/install/tiago_pro_head_bringup/share/tiago_pro_head_bringup/local_setup.zsh
-- Symlinking: /opt/erc_ws/install/tiago_pro_head_bringup/share/tiago_pro_head_bringup/local_setup.dsv
-- Symlinking: /opt/erc_ws/install/tiago_pro_head_bringup/share/tiago_pro_head_bringup/package.dsv
-- Symlinking: /opt/erc_ws/install/tiago_pro_head_bringup/share/ament_index/resource_index/packages/tiago_pro_head_bringup
-- Symlinking: /opt/erc_ws/install/tiago_pro_head_bringup/share/tiago_pro_head_bringup/cmake/tiago_pro_head_bringupConfig.cmake
-- Symlinking: /opt/erc_ws/install/tiago_pro_head_bringup/share/tiago_pro_head_bringup/cmake/tiago_pro_head_bringupConfig-version.cmake
-- Symlinking: /opt/erc_ws/install/tiago_pro_head_bringup/share/tiago_pro_head_bringup/package.xml
