[0.209s] Invoking command in '/opt/erc_ws/build/pal_urdf_utils': CMAKE_PREFIX_PATH=${CMAKE_PREFIX_PATH}:/opt/erc_ws/install/sensors:/opt/erc_ws/install/pal_pro_gripper_wrapper:/opt/erc_ws/install/launch_pal:/opt/erc_ws/install/erc_solution:/opt/ros/humble /usr/bin/cmake --build /opt/erc_ws/build/pal_urdf_utils -- -j16 -l16
[0.741s] Invoked command in '/opt/erc_ws/build/pal_urdf_utils' returned '0': CMAKE_PREFIX_PATH=${CMAKE_PREFIX_PATH}:/opt/erc_ws/install/sensors:/opt/erc_ws/install/pal_pro_gripper_wrapper:/opt/erc_ws/install/launch_pal:/opt/erc_ws/install/erc_solution:/opt/ros/humble /usr/bin/cmake --build /opt/erc_ws/build/pal_urdf_utils -- -j16 -l16
[0.750s] Invoking command in '/opt/erc_ws/build/pal_urdf_utils': CMAKE_PREFIX_PATH=${CMAKE_PREFIX_PATH}:/opt/erc_ws/install/sensors:/opt/erc_ws/install/pal_pro_gripper_wrapper:/opt/erc_ws/install/launch_pal:/opt/erc_ws/install/erc_solution:/opt/ros/humble /usr/bin/cmake --install /opt/erc_ws/build/pal_urdf_utils
[0.760s] -- Install configuration: ""
[0.760s] -- Execute custom install script
[0.761s] -- Up-to-date symlink: /opt/erc_ws/install/pal_urdf_utils/share/pal_urdf_utils/urdf/camera/OS1-64.urdf.xacro
[0.761s] -- Up-to-date symlink: /opt/erc_ws/install/pal_urdf_utils/share/pal_urdf_utils/urdf/camera/elp_rgb.gazebo.xacro
[0.762s] -- Up-to-date symlink: /opt/erc_ws/install/pal_urdf_utils/share/pal_urdf_utils/urdf/camera/elp_rgb.urdf.xacro
[0.762s] -- Up-to-date symlink: /opt/erc_ws/install/pal_urdf_utils/share/pal_urdf_utils/urdf/camera/imx179_camera.gazebo.xacro
[0.762s] -- Up-to-date symlink: /opt/erc_ws/install/pal_urdf_utils/share/pal_urdf_utils/urdf/camera/openni.gazebo.xacro
[0.763s] -- Up-to-date symlink: /opt/erc_ws/install/pal_urdf_utils/share/pal_urdf_utils/urdf/camera/openni_talos.gazebo.xacro
[0.764s] -- Up-to-date symlink: /opt/erc_ws/install/pal_urdf_utils/share/pal_urdf_utils/urdf/camera/orbbec_astra.urdf.xacro
[0.764s] -- Up-to-date symlink: /opt/erc_ws/install/pal_urdf_utils/share/pal_urdf_utils/urdf/camera/orbbec_astra_pro.gazebo.xacro
[0.764s] -- Up-to-date symlink: /opt/erc_ws/install/pal_urdf_utils/share/pal_urdf_utils/urdf/camera/orbbec_astra_pro.urdf.xacro
[0.765s] -- Up-to-date symlink: /opt/erc_ws/install/pal_urdf_utils/share/pal_urdf_utils/urdf/camera/realsense_d435.gazebo.xacro
[0.766s] -- Up-to-date symlink: /opt/erc_ws/install/pal_urdf_utils/share/pal_urdf_utils/urdf/camera/realsense_d435.urdf.xacro
[0.766s] -- Up-to-date symlink: /opt/erc_ws/install/pal_urdf_utils/share/pal_urdf_utils/urdf/camera/realsense_d435i.gazebo.xacro
[0.766s] -- Up-to-date symlink: /opt/erc_ws/install/pal_urdf_utils/share/pal_urdf_utils/urdf/camera/realsense_d435i.urdf.xacro
[0.766s] -- Up-to-date symlink: /opt/erc_ws/install/pal_urdf_utils/share/pal_urdf_utils/urdf/camera/realsense_d455.gazebo.xacro
[0.767s] -- Up-to-date symlink: /opt/erc_ws/install/pal_urdf_utils/share/pal_urdf_utils/urdf/camera/realsense_d455.urdf.xacro
[0.767s] -- Up-to-date symlink: /opt/erc_ws/install/pal_urdf_utils/share/pal_urdf_utils/urdf/camera/realsense_t265.gazebo.xacro
[0.769s] -- Up-to-date symlink: /opt/erc_ws/install/pal_urdf_utils/share/pal_urdf_utils/urdf/camera/realsense_t265.urdf.xacro
[0.770s] -- Up-to-date symlink: /opt/erc_ws/install/pal_urdf_utils/share/pal_urdf_utils/urdf/camera/rpi_camera.gazebo.xacro
[0.770s] -- Up-to-date symlink: /opt/erc_ws/install/pal_urdf_utils/share/pal_urdf_utils/urdf/camera/structure_sensor.gazebo.xacro
[0.770s] -- Up-to-date symlink: /opt/erc_ws/install/pal_urdf_utils/share/pal_urdf_utils/urdf/camera/structure_sensor.urdf.xacro
[0.771s] -- Up-to-date symlink: /opt/erc_ws/install/pal_urdf_utils/share/pal_urdf_utils/urdf/camera/xtion_pro_live.urdf.xacro
[0.771s] -- Up-to-date symlink: /opt/erc_ws/install/pal_urdf_utils/share/pal_urdf_utils/urdf/deg_to_rad.urdf.xacro
[0.771s] -- Up-to-date symlink: /opt/erc_ws/install/pal_urdf_utils/share/pal_urdf_utils/urdf/ft_sensors/ati.urdf.xacro
[0.771s] -- Up-to-date symlink: /opt/erc_ws/install/pal_urdf_utils/share/pal_urdf_utils/urdf/ft_sensors/ati_talos.gazebo.xacro
[0.772s] -- Up-to-date symlink: /opt/erc_ws/install/pal_urdf_utils/share/pal_urdf_utils/urdf/ft_sensors/ati_talos.urdf.xacro
[0.772s] -- Up-to-date symlink: /opt/erc_ws/install/pal_urdf_utils/share/pal_urdf_utils/urdf/ft_sensors/ft_sensor.gazebo.xacro
[0.772s] -- Up-to-date symlink: /opt/erc_ws/install/pal_urdf_utils/share/pal_urdf_utils/urdf/ft_sensors/ft_sensor.urdf.xacro
[0.773s] -- Up-to-date symlink: /opt/erc_ws/install/pal_urdf_utils/share/pal_urdf_utils/urdf/ft_sensors/ftsensor.ros2_control.xacro
[0.773s] -- Up-to-date symlink: /opt/erc_ws/install/pal_urdf_utils/share/pal_urdf_utils/urdf/ft_sensors/rokubi.urdf.xacro
[0.773s] -- Up-to-date symlink: /opt/erc_ws/install/pal_urdf_utils/share/pal_urdf_utils/urdf/ft_sensors/schunk.gazebo.xacro
[0.773s] -- Up-to-date symlink: /opt/erc_ws/install/pal_urdf_utils/share/pal_urdf_utils/urdf/ft_sensors/schunk.urdf.xacro
[0.774s] -- Up-to-date symlink: /opt/erc_ws/install/pal_urdf_utils/share/pal_urdf_utils/urdf/interaction_sensors/imu.gazebo.xacro
[0.775s] -- Up-to-date symlink: /opt/erc_ws/install/pal_urdf_utils/share/pal_urdf_utils/urdf/interaction_sensors/imu.urdf.xacro
[0.775s] -- Up-to-date symlink: /opt/erc_ws/install/pal_urdf_utils/share/pal_urdf_utils/urdf/interaction_sensors/imu_sensors.ros2_control.xacro
[0.776s] -- Up-to-date symlink: /opt/erc_ws/install/pal_urdf_utils/share/pal_urdf_utils/urdf/interaction_sensors/imu_talos.gazebo.xacro
[0.776s] -- Up-to-date symlink: /opt/erc_ws/install/pal_urdf_utils/share/pal_urdf_utils/urdf/interaction_sensors/imu_talos.urdf.xacro
[0.776s] -- Up-to-date symlink: /opt/erc_ws/install/pal_urdf_utils/share/pal_urdf_utils/urdf/interaction_sensors/microphone.urdf.xacro
[0.777s] -- Up-to-date symlink: /opt/erc_ws/install/pal_urdf_utils/share/pal_urdf_utils/urdf/laser/hokuyo_urg_04lx_ug01_laser.gazebo.xacro
[0.777s] -- Up-to-date symlink: /opt/erc_ws/install/pal_urdf_utils/share/pal_urdf_utils/urdf/laser/hokuyo_urg_04lx_ug01_laser.urdf.xacro
[0.777s] -- Up-to-date symlink: /opt/erc_ws/install/pal_urdf_utils/share/pal_urdf_utils/urdf/laser/range.gazebo.xacro
[0.789s] -- Up-to-date symlink: /opt/erc_ws/install/pal_urdf_utils/share/pal_urdf_utils/urdf/laser/range.urdf.xacro
[0.789s] -- Up-to-date symlink: /opt/erc_ws/install/pal_urdf_utils/share/pal_urdf_utils/urdf/laser/sick_nanoscan3_laser.gazebo.xacro
[0.789s] -- Up-to-date symlink: /opt/erc_ws/install/pal_urdf_utils/share/pal_urdf_utils/urdf/laser/sick_nanoscan3_laser.urdf.xacro
[0.789s] -- Up-to-date symlink: /opt/erc_ws/install/pal_urdf_utils/share/pal_urdf_utils/urdf/laser/sick_picoscan150core_laser.gazebo.xacro
[0.796s] -- Up-to-date symlink: /opt/erc_ws/install/pal_urdf_utils/share/pal_urdf_utils/urdf/laser/sick_picoscan150core_laser.urdf.xacro
[0.796s] -- Up-to-date symlink: /opt/erc_ws/install/pal_urdf_utils/share/pal_urdf_utils/urdf/laser/sick_tim551_laser.gazebo.xacro
[0.796s] -- Up-to-date symlink: /opt/erc_ws/install/pal_urdf_utils/share/pal_urdf_utils/urdf/laser/sick_tim551_laser.urdf.xacro
[0.796s] -- Up-to-date symlink: /opt/erc_ws/install/pal_urdf_utils/share/pal_urdf_utils/urdf/laser/sick_tim561_laser.gazebo.xacro
[0.796s] -- Up-to-date symlink: /opt/erc_ws/install/pal_urdf_utils/share/pal_urdf_utils/urdf/laser/sick_tim561_laser.urdf.xacro
[0.796s] -- Up-to-date symlink: /opt/erc_ws/install/pal_urdf_utils/share/pal_urdf_utils/urdf/laser/sick_tim571_laser.gazebo.xacro
[0.796s] -- Up-to-date symlink: /opt/erc_ws/install/pal_urdf_utils/share/pal_urdf_utils/urdf/laser/sick_tim571_laser.urdf.xacro
[0.796s] -- Up-to-date symlink: /opt/erc_ws/install/pal_urdf_utils/share/pal_urdf_utils/urdf/laser/ydlidar_tg15_laser.gazebo.xacro
[0.796s] -- Up-to-date symlink: /opt/erc_ws/install/pal_urdf_utils/share/pal_urdf_utils/urdf/laser/ydlidar_tg15_laser.urdf.xacro
[0.797s] -- Up-to-date symlink: /opt/erc_ws/install/pal_urdf_utils/share/pal_urdf_utils/urdf/laser/ydlidar_tg30_laser.gazebo.xacro
[0.797s] -- Up-to-date symlink: /opt/erc_ws/install/pal_urdf_utils/share/pal_urdf_utils/urdf/laser/ydlidar_tg30_laser.urdf.xacro
[0.797s] -- Up-to-date symlink: /opt/erc_ws/install/pal_urdf_utils/share/pal_urdf_utils/urdf/lidar/robosense_airy96_lidar.urdf.xacro
[0.797s] -- Up-to-date symlink: /opt/erc_ws/install/pal_urdf_utils/share/pal_urdf_utils/urdf/lidar/robosense_e1r_lidar.urdf.xacro
[0.797s] -- Up-to-date symlink: /opt/erc_ws/install/pal_urdf_utils/share/pal_urdf_utils/urdf/materials.urdf.xacro
[0.797s] -- Up-to-date symlink: /opt/erc_ws/install/pal_urdf_utils/share/pal_urdf_utils/urdf/pi.urdf.xacro
[0.797s] -- Up-to-date symlink: /opt/erc_ws/install/pal_urdf_utils/share/pal_urdf_utils/meshes/camera/elp_camera.stl
[0.797s] -- Up-to-date symlink: /opt/erc_ws/install/pal_urdf_utils/share/pal_urdf_utils/meshes/camera/head_front_camera.stl
[0.797s] -- Up-to-date symlink: /opt/erc_ws/install/pal_urdf_utils/share/pal_urdf_utils/meshes/camera/orbbec.STL
[0.798s] -- Up-to-date symlink: /opt/erc_ws/install/pal_urdf_utils/share/pal_urdf_utils/meshes/camera/os1_64.dae
[0.798s] -- Up-to-date symlink: /opt/erc_ws/install/pal_urdf_utils/share/pal_urdf_utils/meshes/camera/structure_sensor.stl
[0.798s] -- Up-to-date symlink: /opt/erc_ws/install/pal_urdf_utils/share/pal_urdf_utils/meshes/camera/t265.stl
[0.798s] -- Up-to-date symlink: /opt/erc_ws/install/pal_urdf_utils/share/pal_urdf_utils/meshes/camera/xtion_pro_live.dae
[0.798s] -- Up-to-date symlink: /opt/erc_ws/install/pal_urdf_utils/share/pal_urdf_utils/meshes/ft_sensors/ati_ft_sensor.stl
[0.798s] -- Up-to-date symlink: /opt/erc_ws/install/pal_urdf_utils/share/pal_urdf_utils/meshes/ft_sensors/rokubi_ft_sensor.stl
[0.799s] -- Up-to-date symlink: /opt/erc_ws/install/pal_urdf_utils/share/pal_urdf_utils/meshes/laser/hokuyo_urg_04lx_ug01.stl
[0.799s] -- Up-to-date symlink: /opt/erc_ws/install/pal_urdf_utils/share/pal_urdf_utils/meshes/laser/sick_picoscan150core.stl
[0.799s] -- Up-to-date symlink: /opt/erc_ws/install/pal_urdf_utils/share/pal_urdf_utils/meshes/laser/sick_tim551.stl
[0.799s] -- Up-to-date symlink: /opt/erc_ws/install/pal_urdf_utils/share/pal_urdf_utils/meshes/laser/srf05.stl
[0.800s] -- Up-to-date symlink: /opt/erc_ws/install/pal_urdf_utils/share/pal_urdf_utils/meshes/laser/ydlidar.dae
[0.800s] -- Up-to-date symlink: /opt/erc_ws/install/pal_urdf_utils/share/pal_urdf_utils/meshes/laser/ydlidar.stl
[0.800s] -- Up-to-date symlink: /opt/erc_ws/install/pal_urdf_utils/share/pal_urdf_utils/meshes/lidar/robosense_airy96.stl
[0.800s] -- Up-to-date symlink: /opt/erc_ws/install/pal_urdf_utils/share/pal_urdf_utils/meshes/lidar/robosense_e1r.stl
[0.800s] -- Up-to-date symlink: /opt/erc_ws/install/pal_urdf_utils/share/ament_index/resource_index/package_run_dependencies/pal_urdf_utils
[0.801s] -- Up-to-date symlink: /opt/erc_ws/install/pal_urdf_utils/share/ament_index/resource_index/parent_prefix_path/pal_urdf_utils
[0.801s] -- Up-to-date symlink: /opt/erc_ws/install/pal_urdf_utils/share/pal_urdf_utils/environment/ament_prefix_path.sh
[0.801s] -- Up-to-date symlink: /opt/erc_ws/install/pal_urdf_utils/share/pal_urdf_utils/environment/ament_prefix_path.dsv
[0.801s] -- Up-to-date symlink: /opt/erc_ws/install/pal_urdf_utils/share/pal_urdf_utils/environment/path.sh
[0.810s] -- Up-to-date symlink: /opt/erc_ws/install/pal_urdf_utils/share/pal_urdf_utils/environment/path.dsv
[0.811s] -- Up-to-date symlink: /opt/erc_ws/install/pal_urdf_utils/share/pal_urdf_utils/local_setup.bash
[0.815s] -- Up-to-date symlink: /opt/erc_ws/install/pal_urdf_utils/share/pal_urdf_utils/local_setup.sh
[0.815s] -- Up-to-date symlink: /opt/erc_ws/install/pal_urdf_utils/share/pal_urdf_utils/local_setup.zsh
[0.815s] -- Up-to-date symlink: /opt/erc_ws/install/pal_urdf_utils/share/pal_urdf_utils/local_setup.dsv
[0.816s] -- Symlinking: /opt/erc_ws/install/pal_urdf_utils/share/pal_urdf_utils/package.dsv
[0.822s] -- Up-to-date symlink: /opt/erc_ws/install/pal_urdf_utils/share/ament_index/resource_index/packages/pal_urdf_utils
[0.822s] -- Up-to-date symlink: /opt/erc_ws/install/pal_urdf_utils/share/pal_urdf_utils/cmake/pal_urdf_utilsConfig.cmake
[0.823s] -- Up-to-date symlink: /opt/erc_ws/install/pal_urdf_utils/share/pal_urdf_utils/cmake/pal_urdf_utilsConfig-version.cmake
[0.823s] -- Up-to-date symlink: /opt/erc_ws/install/pal_urdf_utils/share/pal_urdf_utils/package.xml
[0.902s] Invoked command in '/opt/erc_ws/build/pal_urdf_utils' returned '0': CMAKE_PREFIX_PATH=${CMAKE_PREFIX_PATH}:/opt/erc_ws/install/sensors:/opt/erc_ws/install/pal_pro_gripper_wrapper:/opt/erc_ws/install/launch_pal:/opt/erc_ws/install/erc_solution:/opt/ros/humble /usr/bin/cmake --install /opt/erc_ws/build/pal_urdf_utils
