[1.119s] Invoking command in '/opt/erc_ws/src/launch_pal': PYTHONPATH=/opt/erc_ws/build/launch_pal/prefix_override:/usr/lib/python3/dist-packages/colcon_core/task/python/colcon_distutils_commands:/opt/erc_ws/install/launch_pal/lib/python3.10/site-packages:${PYTHONPATH} /usr/bin/python3 -W ignore:setup.py install is deprecated -W ignore:easy_install command is deprecated setup.py egg_info --egg-base ../../build/launch_pal build --build-base /opt/erc_ws/build/launch_pal/build install --record /opt/erc_ws/build/launch_pal/install.log --install-scripts $base/lib/launch_pal --single-version-externally-managed install_data
[1.289s] running egg_info
[1.290s] creating ../../build/launch_pal/launch_pal.egg-info
[1.290s] writing ../../build/launch_pal/launch_pal.egg-info/PKG-INFO
[1.290s] writing dependency_links to ../../build/launch_pal/launch_pal.egg-info/dependency_links.txt
[1.291s] writing entry points to ../../build/launch_pal/launch_pal.egg-info/entry_points.txt
[1.291s] writing requirements to ../../build/launch_pal/launch_pal.egg-info/requires.txt
[1.291s] writing top-level names to ../../build/launch_pal/launch_pal.egg-info/top_level.txt
[1.291s] writing manifest file '../../build/launch_pal/launch_pal.egg-info/SOURCES.txt'
[1.294s] reading manifest file '../../build/launch_pal/launch_pal.egg-info/SOURCES.txt'
[1.294s] adding license file 'LICENSE'
[1.295s] writing manifest file '../../build/launch_pal/launch_pal.egg-info/SOURCES.txt'
[1.295s] running build
[1.295s] running build_py
[1.295s] creating /opt/erc_ws/build/launch_pal/build
[1.296s] creating /opt/erc_ws/build/launch_pal/build/lib
[1.296s] creating /opt/erc_ws/build/launch_pal/build/lib/launch_pal
[1.296s] copying launch_pal/composition_utils.py -> /opt/erc_ws/build/launch_pal/build/lib/launch_pal
[1.297s] copying launch_pal/logging_utils.py -> /opt/erc_ws/build/launch_pal/build/lib/launch_pal
[1.297s] copying launch_pal/param_utils.py -> /opt/erc_ws/build/launch_pal/build/lib/launch_pal
[1.297s] copying launch_pal/__init__.py -> /opt/erc_ws/build/launch_pal/build/lib/launch_pal
[1.297s] copying launch_pal/pal_parameters.py -> /opt/erc_ws/build/launch_pal/build/lib/launch_pal
[1.298s] copying launch_pal/calibration_utils.py -> /opt/erc_ws/build/launch_pal/build/lib/launch_pal
[1.299s] copying launch_pal/include_utils.py -> /opt/erc_ws/build/launch_pal/build/lib/launch_pal
[1.300s] copying launch_pal/robot_utils.py -> /opt/erc_ws/build/launch_pal/build/lib/launch_pal
[1.301s] copying launch_pal/arg_utils.py -> /opt/erc_ws/build/launch_pal/build/lib/launch_pal
[1.301s] creating /opt/erc_ws/build/launch_pal/build/lib/launch_pal/robot_arguments
[1.302s] copying launch_pal/robot_arguments/__init__.py -> /opt/erc_ws/build/launch_pal/build/lib/launch_pal/robot_arguments
[1.302s] copying launch_pal/robot_arguments/robot.py -> /opt/erc_ws/build/launch_pal/build/lib/launch_pal/robot_arguments
[1.302s] copying launch_pal/robot_arguments/common.py -> /opt/erc_ws/build/launch_pal/build/lib/launch_pal/robot_arguments
[1.303s] creating /opt/erc_ws/build/launch_pal/build/lib/launch_pal/actions
[1.303s] copying launch_pal/actions/validate_xacro_args.py -> /opt/erc_ws/build/launch_pal/build/lib/launch_pal/actions
[1.304s] copying launch_pal/actions/__init__.py -> /opt/erc_ws/build/launch_pal/build/lib/launch_pal/actions
[1.304s] copying launch_pal/actions/validate_launch_args.py -> /opt/erc_ws/build/launch_pal/build/lib/launch_pal/actions
[1.305s] copying launch_pal/actions/check_public_sim.py -> /opt/erc_ws/build/launch_pal/build/lib/launch_pal/actions
[1.305s] creating /opt/erc_ws/build/launch_pal/build/lib/launch_pal/conditions
[1.306s] copying launch_pal/conditions/if_node_running.py -> /opt/erc_ws/build/launch_pal/build/lib/launch_pal/conditions
[1.306s] copying launch_pal/conditions/__init__.py -> /opt/erc_ws/build/launch_pal/build/lib/launch_pal/conditions
[1.307s] copying launch_pal/conditions/unless_node_running.py -> /opt/erc_ws/build/launch_pal/build/lib/launch_pal/conditions
[1.307s] creating /opt/erc_ws/build/launch_pal/build/lib/launch_pal/substitutions
[1.307s] copying launch_pal/substitutions/robot_info_file.py -> /opt/erc_ws/build/launch_pal/build/lib/launch_pal/substitutions
[1.307s] copying launch_pal/substitutions/concat_substitution.py -> /opt/erc_ws/build/launch_pal/build/lib/launch_pal/substitutions
[1.307s] copying launch_pal/substitutions/__init__.py -> /opt/erc_ws/build/launch_pal/build/lib/launch_pal/substitutions
[1.307s] copying launch_pal/substitutions/load_file.py -> /opt/erc_ws/build/launch_pal/build/lib/launch_pal/substitutions
[1.307s] running install
[1.308s] running install_lib
[1.308s] creating /opt/erc_ws/install/launch_pal/lib/python3.10/site-packages/launch_pal
[1.308s] copying /opt/erc_ws/build/launch_pal/build/lib/launch_pal/pal_parameters.py -> /opt/erc_ws/install/launch_pal/lib/python3.10/site-packages/launch_pal
[1.308s] creating /opt/erc_ws/install/launch_pal/lib/python3.10/site-packages/launch_pal/robot_arguments
[1.309s] copying /opt/erc_ws/build/launch_pal/build/lib/launch_pal/robot_arguments/robot.py -> /opt/erc_ws/install/launch_pal/lib/python3.10/site-packages/launch_pal/robot_arguments
[1.309s] copying /opt/erc_ws/build/launch_pal/build/lib/launch_pal/robot_arguments/__init__.py -> /opt/erc_ws/install/launch_pal/lib/python3.10/site-packages/launch_pal/robot_arguments
[1.309s] copying /opt/erc_ws/build/launch_pal/build/lib/launch_pal/robot_arguments/common.py -> /opt/erc_ws/install/launch_pal/lib/python3.10/site-packages/launch_pal/robot_arguments
[1.309s] copying /opt/erc_ws/build/launch_pal/build/lib/launch_pal/logging_utils.py -> /opt/erc_ws/install/launch_pal/lib/python3.10/site-packages/launch_pal
[1.309s] copying /opt/erc_ws/build/launch_pal/build/lib/launch_pal/__init__.py -> /opt/erc_ws/install/launch_pal/lib/python3.10/site-packages/launch_pal
[1.309s] copying /opt/erc_ws/build/launch_pal/build/lib/launch_pal/arg_utils.py -> /opt/erc_ws/install/launch_pal/lib/python3.10/site-packages/launch_pal
[1.309s] creating /opt/erc_ws/install/launch_pal/lib/python3.10/site-packages/launch_pal/conditions
[1.310s] copying /opt/erc_ws/build/launch_pal/build/lib/launch_pal/conditions/unless_node_running.py -> /opt/erc_ws/install/launch_pal/lib/python3.10/site-packages/launch_pal/conditions
[1.311s] copying /opt/erc_ws/build/launch_pal/build/lib/launch_pal/conditions/__init__.py -> /opt/erc_ws/install/launch_pal/lib/python3.10/site-packages/launch_pal/conditions
[1.311s] copying /opt/erc_ws/build/launch_pal/build/lib/launch_pal/conditions/if_node_running.py -> /opt/erc_ws/install/launch_pal/lib/python3.10/site-packages/launch_pal/conditions
[1.311s] copying /opt/erc_ws/build/launch_pal/build/lib/launch_pal/calibration_utils.py -> /opt/erc_ws/install/launch_pal/lib/python3.10/site-packages/launch_pal
[1.311s] copying /opt/erc_ws/build/launch_pal/build/lib/launch_pal/composition_utils.py -> /opt/erc_ws/install/launch_pal/lib/python3.10/site-packages/launch_pal
[1.312s] copying /opt/erc_ws/build/launch_pal/build/lib/launch_pal/param_utils.py -> /opt/erc_ws/install/launch_pal/lib/python3.10/site-packages/launch_pal
[1.312s] copying /opt/erc_ws/build/launch_pal/build/lib/launch_pal/robot_utils.py -> /opt/erc_ws/install/launch_pal/lib/python3.10/site-packages/launch_pal
[1.312s] creating /opt/erc_ws/install/launch_pal/lib/python3.10/site-packages/launch_pal/substitutions
[1.312s] copying /opt/erc_ws/build/launch_pal/build/lib/launch_pal/substitutions/robot_info_file.py -> /opt/erc_ws/install/launch_pal/lib/python3.10/site-packages/launch_pal/substitutions
[1.312s] copying /opt/erc_ws/build/launch_pal/build/lib/launch_pal/substitutions/__init__.py -> /opt/erc_ws/install/launch_pal/lib/python3.10/site-packages/launch_pal/substitutions
[1.313s] copying /opt/erc_ws/build/launch_pal/build/lib/launch_pal/substitutions/concat_substitution.py -> /opt/erc_ws/install/launch_pal/lib/python3.10/site-packages/launch_pal/substitutions
[1.314s] copying /opt/erc_ws/build/launch_pal/build/lib/launch_pal/substitutions/load_file.py -> /opt/erc_ws/install/launch_pal/lib/python3.10/site-packages/launch_pal/substitutions
[1.314s] copying /opt/erc_ws/build/launch_pal/build/lib/launch_pal/include_utils.py -> /opt/erc_ws/install/launch_pal/lib/python3.10/site-packages/launch_pal
[1.314s] creating /opt/erc_ws/install/launch_pal/lib/python3.10/site-packages/launch_pal/actions
[1.315s] copying /opt/erc_ws/build/launch_pal/build/lib/launch_pal/actions/check_public_sim.py -> /opt/erc_ws/install/launch_pal/lib/python3.10/site-packages/launch_pal/actions
[1.315s] copying /opt/erc_ws/build/launch_pal/build/lib/launch_pal/actions/__init__.py -> /opt/erc_ws/install/launch_pal/lib/python3.10/site-packages/launch_pal/actions
[1.315s] copying /opt/erc_ws/build/launch_pal/build/lib/launch_pal/actions/validate_launch_args.py -> /opt/erc_ws/install/launch_pal/lib/python3.10/site-packages/launch_pal/actions
[1.315s] copying /opt/erc_ws/build/launch_pal/build/lib/launch_pal/actions/validate_xacro_args.py -> /opt/erc_ws/install/launch_pal/lib/python3.10/site-packages/launch_pal/actions
[1.315s] byte-compiling /opt/erc_ws/install/launch_pal/lib/python3.10/site-packages/launch_pal/pal_parameters.py to pal_parameters.cpython-310.pyc
[1.317s] byte-compiling /opt/erc_ws/install/launch_pal/lib/python3.10/site-packages/launch_pal/robot_arguments/robot.py to robot.cpython-310.pyc
[1.319s] byte-compiling /opt/erc_ws/install/launch_pal/lib/python3.10/site-packages/launch_pal/robot_arguments/__init__.py to __init__.cpython-310.pyc
[1.319s] byte-compiling /opt/erc_ws/install/launch_pal/lib/python3.10/site-packages/launch_pal/robot_arguments/common.py to common.cpython-310.pyc
[1.320s] byte-compiling /opt/erc_ws/install/launch_pal/lib/python3.10/site-packages/launch_pal/logging_utils.py to logging_utils.cpython-310.pyc
[1.321s] byte-compiling /opt/erc_ws/install/launch_pal/lib/python3.10/site-packages/launch_pal/__init__.py to __init__.cpython-310.pyc
[1.322s] byte-compiling /opt/erc_ws/install/launch_pal/lib/python3.10/site-packages/launch_pal/arg_utils.py to arg_utils.cpython-310.pyc
[1.323s] byte-compiling /opt/erc_ws/install/launch_pal/lib/python3.10/site-packages/launch_pal/conditions/unless_node_running.py to unless_node_running.cpython-310.pyc
[1.324s] byte-compiling /opt/erc_ws/install/launch_pal/lib/python3.10/site-packages/launch_pal/conditions/__init__.py to __init__.cpython-310.pyc
[1.324s] byte-compiling /opt/erc_ws/install/launch_pal/lib/python3.10/site-packages/launch_pal/conditions/if_node_running.py to if_node_running.cpython-310.pyc
[1.325s] byte-compiling /opt/erc_ws/install/launch_pal/lib/python3.10/site-packages/launch_pal/calibration_utils.py to calibration_utils.cpython-310.pyc
[1.326s] byte-compiling /opt/erc_ws/install/launch_pal/lib/python3.10/site-packages/launch_pal/composition_utils.py to composition_utils.cpython-310.pyc
[1.326s] byte-compiling /opt/erc_ws/install/launch_pal/lib/python3.10/site-packages/launch_pal/param_utils.py to param_utils.cpython-310.pyc
[1.327s] byte-compiling /opt/erc_ws/install/launch_pal/lib/python3.10/site-packages/launch_pal/robot_utils.py to robot_utils.cpython-310.pyc
[1.328s] byte-compiling /opt/erc_ws/install/launch_pal/lib/python3.10/site-packages/launch_pal/substitutions/robot_info_file.py to robot_info_file.cpython-310.pyc
[1.329s] byte-compiling /opt/erc_ws/install/launch_pal/lib/python3.10/site-packages/launch_pal/substitutions/__init__.py to __init__.cpython-310.pyc
[1.330s] byte-compiling /opt/erc_ws/install/launch_pal/lib/python3.10/site-packages/launch_pal/substitutions/concat_substitution.py to concat_substitution.cpython-310.pyc
[1.331s] byte-compiling /opt/erc_ws/install/launch_pal/lib/python3.10/site-packages/launch_pal/substitutions/load_file.py to load_file.cpython-310.pyc
[1.332s] byte-compiling /opt/erc_ws/install/launch_pal/lib/python3.10/site-packages/launch_pal/include_utils.py to include_utils.cpython-310.pyc
[1.333s] byte-compiling /opt/erc_ws/install/launch_pal/lib/python3.10/site-packages/launch_pal/actions/check_public_sim.py to check_public_sim.cpython-310.pyc
[1.333s] byte-compiling /opt/erc_ws/install/launch_pal/lib/python3.10/site-packages/launch_pal/actions/__init__.py to __init__.cpython-310.pyc
[1.333s] byte-compiling /opt/erc_ws/install/launch_pal/lib/python3.10/site-packages/launch_pal/actions/validate_launch_args.py to validate_launch_args.cpython-310.pyc
[1.334s] byte-compiling /opt/erc_ws/install/launch_pal/lib/python3.10/site-packages/launch_pal/actions/validate_xacro_args.py to validate_xacro_args.cpython-310.pyc
[1.335s] running install_data
[1.336s] creating /opt/erc_ws/install/launch_pal/share/ament_index
[1.336s] creating /opt/erc_ws/install/launch_pal/share/ament_index/resource_index
[1.336s] creating /opt/erc_ws/install/launch_pal/share/ament_index/resource_index/packages
[1.337s] copying resource/launch_pal -> /opt/erc_ws/install/launch_pal/share/ament_index/resource_index/packages
[1.337s] copying package.xml -> /opt/erc_ws/install/launch_pal/share/launch_pal
[1.337s] creating /opt/erc_ws/install/launch_pal/share/launch_pal/config
[1.338s] copying config/robot_configuration.yaml -> /opt/erc_ws/install/launch_pal/share/launch_pal/config
[1.338s] running install_egg_info
[1.340s] Copying ../../build/launch_pal/launch_pal.egg-info to /opt/erc_ws/install/launch_pal/lib/python3.10/site-packages/launch_pal-0.22.0-py3.10.egg-info
[1.341s] running install_scripts
[1.362s] writing list of installed files to '/opt/erc_ws/build/launch_pal/install.log'
[1.418s] Invoked command in '/opt/erc_ws/src/launch_pal' returned '0': PYTHONPATH=/opt/erc_ws/build/launch_pal/prefix_override:/usr/lib/python3/dist-packages/colcon_core/task/python/colcon_distutils_commands:/opt/erc_ws/install/launch_pal/lib/python3.10/site-packages:${PYTHONPATH} /usr/bin/python3 -W ignore:setup.py install is deprecated -W ignore:easy_install command is deprecated setup.py egg_info --egg-base ../../build/launch_pal build --build-base /opt/erc_ws/build/launch_pal/build install --record /opt/erc_ws/build/launch_pal/install.log --install-scripts $base/lib/launch_pal --single-version-externally-managed install_data
