[0.531s] Invoking command in '/opt/erc_ws/build/gz_ros2_control': CMAKE_PREFIX_PATH=${CMAKE_PREFIX_PATH}:/opt/erc_ws/install/sensors:/opt/erc_ws/install/pal_pro_gripper_wrapper:/opt/erc_ws/install/launch_pal:/opt/erc_ws/install/erc_solution:/opt/ros/humble /usr/bin/cmake /opt/erc_ws/src/gz_ros2_control/gz_ros2_control -DAMENT_CMAKE_SYMLINK_INSTALL=1 -DCMAKE_INSTALL_PREFIX=/opt/erc_ws/install/gz_ros2_control
[0.567s] -- The C compiler identification is GNU 11.4.0
[0.617s] -- The CXX compiler identification is GNU 11.4.0
[0.625s] -- Detecting C compiler ABI info
[0.697s] -- Detecting C compiler ABI info - done
[0.702s] -- Check for working C compiler: /usr/bin/cc - skipped
[0.702s] -- Detecting C compile features
[0.702s] -- Detecting C compile features - done
[0.705s] -- Detecting CXX compiler ABI info
[0.783s] -- Detecting CXX compiler ABI info - done
[0.792s] -- Check for working CXX compiler: /usr/bin/c++ - skipped
[0.792s] -- Detecting CXX compile features
[0.793s] -- Detecting CXX compile features - done
[0.798s] -- Found ament_cmake: 1.3.14 (/opt/ros/humble/share/ament_cmake/cmake)
[0.975s] -- Found Python3: /usr/bin/python3 (found version "3.10.12") found components: Interpreter 
[1.042s] -- Override CMake install command with custom implementation using symlinks instead of copying resources
[1.091s] -- Found ament_index_cpp: 1.4.1 (/opt/ros/humble/share/ament_index_cpp/cmake)
[1.094s] -- Found controller_manager: 2.54.0 (/opt/ros/humble/share/controller_manager/cmake)
[1.155s] -- Found rosidl_generator_c: 3.1.9 (/opt/ros/humble/share/rosidl_generator_c/cmake)
[1.162s] -- Found rosidl_adapter: 3.1.9 (/opt/ros/humble/share/rosidl_adapter/cmake)
[1.171s] -- Found rosidl_generator_cpp: 3.1.9 (/opt/ros/humble/share/rosidl_generator_cpp/cmake)
[1.187s] -- Using all available rosidl_typesupport_c: rosidl_typesupport_fastrtps_c;rosidl_typesupport_introspection_c
[1.207s] -- Using all available rosidl_typesupport_cpp: rosidl_typesupport_fastrtps_cpp;rosidl_typesupport_introspection_cpp
[1.449s] -- Found rmw_implementation_cmake: 6.1.3 (/opt/ros/humble/share/rmw_implementation_cmake/cmake)
[1.453s] -- Found rmw_cyclonedds_cpp: 1.3.4 (/opt/ros/humble/share/rmw_cyclonedds_cpp/cmake)
[1.473s] -- Using RMW implementation 'rmw_cyclonedds_cpp' as default
[1.483s] -- Looking for pthread.h
[1.540s] -- Looking for pthread.h - found
[1.540s] -- Performing Test CMAKE_HAVE_LIBC_PTHREAD
[1.596s] -- Performing Test CMAKE_HAVE_LIBC_PTHREAD - Success
[1.596s] -- Found Threads: TRUE  
[1.671s] -- Found yaml_cpp_vendor: 8.0.2 (/opt/ros/humble/share/yaml_cpp_vendor/cmake)
[1.677s] -- Looking for gz-sim8 -- found version 8.15.0
[1.683s] -- Searching for dependencies of gz-sim8
[1.687s] -- Looking for sdformat14 -- found version 14.9.0
[1.689s] -- Searching for dependencies of sdformat14
[1.693s] -- Checking for module 'tinyxml2'
[1.709s] --   Found tinyxml2, version 9.0.0
[1.743s] -- Looking for gz-math7 -- found version 7.7.0
[1.744s] -- Searching for dependencies of gz-math7
[1.747s] -- Looking for gz-utils2 -- found version 2.2.1
[1.747s] -- Searching for dependencies of gz-utils2
[1.748s] -- Looking for gz-utils2 -- found version 2.2.1
[1.749s] -- Searching for dependencies of gz-utils2
[1.749s] -- Searching for <gz-utils2> component [cli]
[1.751s] -- Looking for gz-utils2-cli -- found version 2.2.1
[1.751s] -- Searching for dependencies of gz-utils2-cli
[1.755s] -- Looking for gz-plugin2 -- found version 2.0.4
[1.758s] -- Searching for dependencies of gz-plugin2
[1.758s] -- Looking for gz-utils2 -- found version 2.2.1
[1.758s] -- Searching for <gz-plugin2> component [loader]
[1.763s] -- Looking for gz-plugin2-loader -- found version 2.0.4
[1.763s] -- Searching for dependencies of gz-plugin2-loader
[1.764s] -- Searching for <gz-plugin2> component [register]
[1.766s] -- Looking for gz-plugin2-register -- found version 2.0.4
[1.766s] -- Searching for dependencies of gz-plugin2-register
[1.770s] -- Looking for gz-transport13 -- found version 13.6.0
[1.771s] -- Searching for dependencies of gz-transport13
[1.796s] -- Found Protobuf: /usr/lib/x86_64-linux-gnu/libprotobuf.so (found version "3.12.4") 
[1.809s] -- Config-file not installed for ZeroMQ -- checking for pkg-config
[1.813s] -- Checking for module 'libzmq >= 4'
[1.826s] --   Found libzmq , version 4.3.4
[1.856s] -- Found ZeroMQ: TRUE (Required is at least version "4") 
[1.861s] -- Checking for module 'uuid'
[1.872s] --   Found uuid, version 2.37.2
[1.904s] -- Found UUID: TRUE  
[1.905s] -- Looking for gz-utils2 -- found version 2.2.1
[1.908s] -- Looking for gz-msgs10 -- found version 10.4.0
[1.909s] -- Searching for dependencies of gz-msgs10
[1.929s] -- Looking for gz-utils2 -- found version 2.2.1
[1.929s] -- Looking for gz-math7 -- found version 7.7.0
[1.937s] -- Searching for <gz-transport13> component [log]
[1.940s] -- Looking for gz-transport13-log -- found version 13.6.0
[1.940s] -- Searching for dependencies of gz-transport13-log
[1.940s] -- Searching for <gz-transport13> component [parameters]
[1.944s] -- Looking for gz-transport13-parameters -- found version 13.6.0
[1.944s] -- Searching for dependencies of gz-transport13-parameters
[1.945s] -- Looking for gz-msgs10 -- found version 10.4.0
[1.948s] -- Looking for gz-common5 -- found version 5.9.0
[1.949s] -- Searching for dependencies of gz-common5
[1.949s] -- Looking for gz-utils2 -- found version 2.2.1
[1.950s] -- Looking for dlfcn.h - found
[1.950s] -- Looking for libdl - found
[1.952s] -- Found DL: TRUE  
[1.959s] -- Searching for <gz-common5> component [av]
[1.963s] -- Looking for gz-common5-av -- found version 5.9.0
[1.964s] -- Searching for dependencies of gz-common5-av
[1.969s] -- Checking for module 'libswscale'
[1.986s] --   Found libswscale, version 5.9.100
[2.018s] -- Found SWSCALE: TRUE  
[2.023s] -- Checking for module 'libavdevice >= 56.4.100'
[2.034s] --   Found libavdevice , version 58.13.100
[2.062s] -- Found AVDEVICE: TRUE (Required is at least version "56.4.100") 
[2.066s] -- Checking for module 'libavformat'
[2.078s] --   Found libavformat, version 58.76.100
[2.109s] -- Found AVFORMAT: TRUE  
[2.114s] -- Checking for module 'libavcodec'
[2.127s] --   Found libavcodec, version 58.134.100
[2.157s] -- Found AVCODEC: TRUE  
[2.161s] -- Checking for module 'libavutil'
[2.172s] --   Found libavutil, version 56.70.100
[2.205s] -- Found AVUTIL: TRUE  
[2.206s] -- Searching for <gz-common5> component [events]
[2.207s] -- Looking for gz-common5-events -- found version 5.9.0
[2.207s] -- Searching for dependencies of gz-common5-events
[2.207s] -- Looking for gz-math7 -- found version 7.7.0
[2.207s] -- Searching for <gz-common5> component [graphics]
[2.211s] -- Looking for gz-common5-graphics -- found version 5.9.0
[2.211s] -- Searching for dependencies of gz-common5-graphics
[2.212s] -- Looking for gz-math7 -- found version 7.7.0
[2.219s] -- Found GzAssimp: TRUE (found version "5.2.0") 
[2.219s] -- Searching for <gz-common5> component [io]
[2.222s] -- Looking for gz-common5-io -- found version 5.9.0
[2.223s] -- Searching for dependencies of gz-common5-io
[2.223s] -- Searching for <gz-common5> component [profiler]
[2.227s] -- Looking for gz-common5-profiler -- found version 5.9.0
[2.227s] -- Searching for dependencies of gz-common5-profiler
[2.232s] -- Looking for gz-fuel_tools9 -- found version 9.1.1
[2.233s] -- Searching for dependencies of gz-fuel_tools9
[2.305s] -- Found CURL: /usr/lib/x86_64-linux-gnu/libcurl.so (found version "7.81.0")  
[2.316s] -- Checking for module 'jsoncpp'
[2.327s] --   Found jsoncpp, version 1.9.5
[2.353s] -- Found JSONCPP: TRUE  
[2.358s] -- Checking for module 'libzip'
[2.373s] --   Found libzip, version 1.7.3
[2.403s] -- Found ZIP: TRUE  
[2.404s] -- Looking for gz-utils2 -- found version 2.2.1
[2.404s] -- Looking for gz-common5 -- found version 5.9.0
[2.405s] -- Searching for dependencies of gz-common5
[2.405s] -- Looking for gz-utils2 -- found version 2.2.1
[2.405s] -- Looking for dlfcn.h - found
[2.405s] -- Looking for libdl - found
[2.414s] -- Searching for <gz-common5> component [testing]
[2.417s] -- Looking for gz-common5-testing -- found version 5.9.0
[2.418s] -- Searching for dependencies of gz-common5-testing
[2.419s] -- Looking for gz-math7 -- found version 7.7.0
[2.419s] -- Looking for gz-msgs10 -- found version 10.4.0
[2.422s] -- Looking for gz-gui8 -- found version 8.4.0
[2.423s] -- Searching for dependencies of gz-gui8
[2.446s] -- Looking for gz-utils2 -- found version 2.2.1
[2.448s] -- Looking for gz-math7 -- found version 7.7.0
[2.448s] -- Looking for gz-common5 -- found version 5.9.0
[2.448s] -- Looking for gz-plugin2 -- found version 2.0.4
[2.448s] -- Looking for gz-transport13 -- found version 13.6.0
[2.450s] -- Looking for gz-rendering8 -- found version 8.2.3
[2.451s] -- Searching for dependencies of gz-rendering8
[2.451s] -- Looking for gz-math7 -- found version 7.7.0
[2.451s] -- Searching for dependencies of gz-math7
[2.451s] -- Looking for gz-utils2 -- found version 2.2.1
[2.452s] -- Searching for <gz-math7> component [eigen3]
[2.455s] -- Looking for gz-math7-eigen3 -- found version 7.7.0
[2.456s] -- Searching for dependencies of gz-math7-eigen3
[2.464s] -- Looking for gz-common5 -- found version 5.9.0
[2.465s] -- Searching for dependencies of gz-common5
[2.466s] -- Looking for gz-utils2 -- found version 2.2.1
[2.466s] -- Looking for dlfcn.h - found
[2.466s] -- Looking for libdl - found
[2.474s] -- Searching for <gz-common5> component [graphics]
[2.474s] -- Searching for <gz-common5> component [events]
[2.474s] -- Searching for <gz-common5> component [geospatial]
[2.480s] -- Looking for gz-common5-geospatial -- found version 5.9.0
[2.480s] -- Searching for dependencies of gz-common5-geospatial
[2.480s] -- Looking for gz-math7 -- found version 7.7.0
[2.480s] -- Looking for gz-common5 -- found version 5.9.0
[2.481s] -- Looking for gz-plugin2 -- found version 2.0.4
[2.482s] -- Searching for dependencies of gz-plugin2
[2.482s] -- Looking for gz-utils2 -- found version 2.2.1
[2.482s] -- Searching for <gz-plugin2> component [all]
[2.485s] -- Looking for all libraries of gz-plugin2 -- found version 2.0.4
[2.486s] -- Looking for gz-plugin2 -- found version 2.0.4
[2.490s] -- Looking for gz-utils2 -- found version 2.2.1
[2.495s] -- Found OpenGL: /usr/lib/x86_64-linux-gnu/libOpenGL.so  found components: OpenGL 
[2.495s] -- Looking for gz-msgs10 -- found version 10.4.0
[2.522s] -- Looking for gz-physics7 -- found version 7.8.0
[2.523s] -- Searching for dependencies of gz-physics7
[2.524s] -- Looking for gz-common5 -- found version 5.9.0
[2.524s] -- Looking for gz-math7 -- found version 7.7.0
[2.524s] -- Looking for gz-plugin2 -- found version 2.0.4
[2.524s] -- Looking for gz-utils2 -- found version 2.2.1
[2.525s] -- Searching for <gz-physics7> component [heightmap]
[2.528s] -- Looking for gz-physics7-heightmap -- found version 7.8.0
[2.530s] -- Searching for dependencies of gz-physics7-heightmap
[2.530s] -- Looking for gz-common5 -- found version 5.9.0
[2.531s] -- Searching for <gz-physics7> component [mesh]
[2.532s] -- Looking for gz-physics7-mesh -- found version 7.8.0
[2.533s] -- Searching for dependencies of gz-physics7-mesh
[2.534s] -- Looking for gz-common5 -- found version 5.9.0
[2.535s] -- Searching for <gz-physics7> component [sdf]
[2.537s] -- Looking for gz-physics7-sdf -- found version 7.8.0
[2.538s] -- Searching for dependencies of gz-physics7-sdf
[2.538s] -- Looking for sdformat14 -- found version 14.9.0
[2.542s] -- Looking for gz-sensors8 -- found version 8.2.2
[2.542s] -- Searching for dependencies of gz-sensors8
[2.563s] -- Looking for gz-math7 -- found version 7.7.0
[2.563s] -- Looking for gz-common5 -- found version 5.9.0
[2.563s] -- Looking for gz-transport13 -- found version 13.6.0
[2.563s] -- Looking for gz-rendering8 -- found version 8.2.3
[2.564s] -- Looking for gz-msgs10 -- found version 10.4.0
[2.564s] -- Looking for sdformat14 -- found version 14.9.0
[2.564s] -- Searching for <gz-sensors8> component [air_pressure]
[2.566s] -- Looking for gz-sensors8-air_pressure -- found version 8.2.2
[2.567s] -- Searching for dependencies of gz-sensors8-air_pressure
[2.567s] -- Searching for <gz-sensors8> component [air_speed]
[2.570s] -- Looking for gz-sensors8-air_speed -- found version 8.2.2
[2.571s] -- Searching for dependencies of gz-sensors8-air_speed
[2.572s] -- Searching for <gz-sensors8> component [altimeter]
[2.574s] -- Looking for gz-sensors8-altimeter -- found version 8.2.2
[2.574s] -- Searching for dependencies of gz-sensors8-altimeter
[2.575s] -- Searching for <gz-sensors8> component [imu]
[2.578s] -- Looking for gz-sensors8-imu -- found version 8.2.2
[2.578s] -- Searching for dependencies of gz-sensors8-imu
[2.579s] -- Searching for <gz-sensors8> component [force_torque]
[2.583s] -- Looking for gz-sensors8-force_torque -- found version 8.2.2
[2.584s] -- Searching for dependencies of gz-sensors8-force_torque
[2.584s] -- Searching for <gz-sensors8> component [logical_camera]
[2.586s] -- Looking for gz-sensors8-logical_camera -- found version 8.2.2
[2.586s] -- Searching for dependencies of gz-sensors8-logical_camera
[2.587s] -- Searching for <gz-sensors8> component [magnetometer]
[2.591s] -- Looking for gz-sensors8-magnetometer -- found version 8.2.2
[2.591s] -- Searching for dependencies of gz-sensors8-magnetometer
[2.592s] -- Searching for <gz-sensors8> component [navsat]
[2.595s] -- Looking for gz-sensors8-navsat -- found version 8.2.2
[2.595s] -- Searching for dependencies of gz-sensors8-navsat
[2.595s] -- Searching for <gz-sensors8> component [dvl]
[2.599s] -- Looking for gz-sensors8-dvl -- found version 8.2.2
[2.600s] -- Searching for dependencies of gz-sensors8-dvl
[2.601s] -- Looking for gz-sensors8 -- found version 8.2.2
[2.601s] -- Searching for dependencies of gz-sensors8
[2.623s] -- Looking for gz-math7 -- found version 7.7.0
[2.623s] -- Looking for gz-common5 -- found version 5.9.0
[2.623s] -- Looking for gz-transport13 -- found version 13.6.0
[2.624s] -- Looking for gz-rendering8 -- found version 8.2.3
[2.624s] -- Looking for gz-msgs10 -- found version 10.4.0
[2.624s] -- Looking for sdformat14 -- found version 14.9.0
[2.625s] -- Searching for <gz-sensors8> component [rendering]
[2.628s] -- Looking for gz-sensors8-rendering -- found version 8.2.2
[2.628s] -- Searching for dependencies of gz-sensors8-rendering
[2.630s] -- Searching for <gz-sensors8> component [rendering]
[2.630s] -- Searching for <gz-sensors8> component [lidar]
[2.635s] -- Looking for gz-sensors8-lidar -- found version 8.2.2
[2.635s] -- Searching for dependencies of gz-sensors8-lidar
[2.636s] -- Looking for gz-sensors8 -- found version 8.2.2
[2.636s] -- Searching for <gz-sensors8> component [gpu_lidar]
[2.642s] -- Looking for gz-sensors8-gpu_lidar -- found version 8.2.2
[2.642s] -- Searching for dependencies of gz-sensors8-gpu_lidar
[2.642s] -- Looking for gz-sensors8 -- found version 8.2.2
[2.643s] -- Searching for <gz-sensors8> component [camera]
[2.646s] -- Looking for gz-sensors8-camera -- found version 8.2.2
[2.647s] -- Searching for dependencies of gz-sensors8-camera
[2.647s] -- Looking for gz-sensors8 -- found version 8.2.2
[2.648s] -- Searching for <gz-sensors8> component [boundingbox_camera]
[2.652s] -- Looking for gz-sensors8-boundingbox_camera -- found version 8.2.2
[2.653s] -- Searching for dependencies of gz-sensors8-boundingbox_camera
[2.653s] -- Searching for <gz-sensors8> component [segmentation_camera]
[2.658s] -- Looking for gz-sensors8-segmentation_camera -- found version 8.2.2
[2.659s] -- Searching for dependencies of gz-sensors8-segmentation_camera
[2.659s] -- Searching for <gz-sensors8> component [depth_camera]
[2.662s] -- Looking for gz-sensors8-depth_camera -- found version 8.2.2
[2.662s] -- Searching for dependencies of gz-sensors8-depth_camera
[2.662s] -- Looking for gz-sensors8 -- found version 8.2.2
[2.663s] -- Searching for <gz-sensors8> component [rgbd_camera]
[2.666s] -- Looking for gz-sensors8-rgbd_camera -- found version 8.2.2
[2.666s] -- Searching for dependencies of gz-sensors8-rgbd_camera
[2.667s] -- Looking for gz-sensors8 -- found version 8.2.2
[2.667s] -- Searching for <gz-sensors8> component [thermal_camera]
[2.671s] -- Looking for gz-sensors8-thermal_camera -- found version 8.2.2
[2.672s] -- Searching for dependencies of gz-sensors8-thermal_camera
[2.672s] -- Looking for gz-sensors8 -- found version 8.2.2
[2.673s] -- Searching for <gz-sensors8> component [wide_angle_camera]
[2.679s] -- Looking for gz-sensors8-wide_angle_camera -- found version 8.2.2
[2.679s] -- Searching for dependencies of gz-sensors8-wide_angle_camera
[2.680s] -- Looking for gz-rendering8 -- found version 8.2.3
[2.681s] -- Looking for gz-math7 -- found version 7.7.0
[2.681s] -- Looking for gz-utils2 -- found version 2.2.1
[2.703s] -- Compiling against Gazebo harmonic
[2.703s] -- Looking for gz-plugin2 -- found version 2.0.4
[2.721s] -- Found ament_lint_auto: 0.12.15 (/opt/ros/humble/share/ament_lint_auto/cmake)
[2.816s] -- Added test 'copyright' to check source files copyright and LICENSE
[2.817s] -- Added test 'cppcheck' to perform static code analysis on C / C++ code
[2.817s] -- Configured cppcheck include dirs: /opt/erc_ws/src/gz_ros2_control/gz_ros2_control/include
[2.818s] -- Configured cppcheck exclude dirs and/or files: 
[2.819s] -- Added test 'cpplint' to check C / C++ code against the Google style
[2.819s] -- Configured cpplint exclude dirs and/or files: 
[2.821s] -- Added test 'lint_cmake' to check CMake code style
[2.823s] -- Added test 'uncrustify' to check C / C++ code style
[2.823s] -- Configured uncrustify additional arguments: 
[2.825s] -- Added test 'xmllint' to check XML markup files
[2.829s] -- Configuring done
[2.871s] -- Generating done
[2.888s] -- Build files have been written to: /opt/erc_ws/build/gz_ros2_control
[2.903s] Invoked command in '/opt/erc_ws/build/gz_ros2_control' returned '0': CMAKE_PREFIX_PATH=${CMAKE_PREFIX_PATH}:/opt/erc_ws/install/sensors:/opt/erc_ws/install/pal_pro_gripper_wrapper:/opt/erc_ws/install/launch_pal:/opt/erc_ws/install/erc_solution:/opt/ros/humble /usr/bin/cmake /opt/erc_ws/src/gz_ros2_control/gz_ros2_control -DAMENT_CMAKE_SYMLINK_INSTALL=1 -DCMAKE_INSTALL_PREFIX=/opt/erc_ws/install/gz_ros2_control
[2.906s] Invoking command in '/opt/erc_ws/build/gz_ros2_control': CMAKE_PREFIX_PATH=${CMAKE_PREFIX_PATH}:/opt/erc_ws/install/sensors:/opt/erc_ws/install/pal_pro_gripper_wrapper:/opt/erc_ws/install/launch_pal:/opt/erc_ws/install/erc_solution:/opt/ros/humble /usr/bin/cmake --build /opt/erc_ws/build/gz_ros2_control -- -j16 -l16
[2.962s] [ 33%] [32mBuilding CXX object CMakeFiles/gz_hardware_plugins.dir/src/gz_system.cpp.o[0m
[2.962s] [ 33%] [32mBuilding CXX object CMakeFiles/gz_ros2_control-system.dir/src/gz_ros2_control_plugin.cpp.o[0m
[2.963s] [ 50%] [32mBuilding CXX object CMakeFiles/ign_ros2_control-system.dir/src/gz_ros2_control_plugin.cpp.o[0m
[14.406s] [ 66%] [32m[1mLinking CXX shared library libgz_hardware_plugins.so[0m
[14.889s] [ 66%] Built target gz_hardware_plugins
[15.109s] [ 83%] [32m[1mLinking CXX shared library libign_ros2_control-system.so[0m
[15.121s] [100%] [32m[1mLinking CXX shared library libgz_ros2_control-system.so[0m
[15.573s] [100%] Built target gz_ros2_control-system
[15.573s] [100%] Built target ign_ros2_control-system
[15.581s] Invoked command in '/opt/erc_ws/build/gz_ros2_control' returned '0': CMAKE_PREFIX_PATH=${CMAKE_PREFIX_PATH}:/opt/erc_ws/install/sensors:/opt/erc_ws/install/pal_pro_gripper_wrapper:/opt/erc_ws/install/launch_pal:/opt/erc_ws/install/erc_solution:/opt/ros/humble /usr/bin/cmake --build /opt/erc_ws/build/gz_ros2_control -- -j16 -l16
[15.583s] Invoking command in '/opt/erc_ws/build/gz_ros2_control': CMAKE_PREFIX_PATH=${CMAKE_PREFIX_PATH}:/opt/erc_ws/install/sensors:/opt/erc_ws/install/pal_pro_gripper_wrapper:/opt/erc_ws/install/launch_pal:/opt/erc_ws/install/erc_solution:/opt/ros/humble /usr/bin/cmake --install /opt/erc_ws/build/gz_ros2_control
[15.588s] -- Install configuration: ""
[15.588s] -- Execute custom install script
[15.588s] -- Symlinking: /opt/erc_ws/install/gz_ros2_control/lib/libgz_hardware_plugins.so
[15.596s] -- Symlinking: /opt/erc_ws/install/gz_ros2_control/include/gz_ros2_control/gz_ros2_control_plugin.hpp
[15.602s] -- Symlinking: /opt/erc_ws/install/gz_ros2_control/include/gz_ros2_control/gz_system.hpp
[15.608s] -- Symlinking: /opt/erc_ws/install/gz_ros2_control/include/gz_ros2_control/gz_system_interface.hpp
[15.614s] -- Symlinking: /opt/erc_ws/install/gz_ros2_control/share/gz_ros2_control/environment/library_path.sh
[15.620s] -- Symlinking: /opt/erc_ws/install/gz_ros2_control/share/gz_ros2_control/environment/library_path.dsv
[15.625s] -- Symlinking: /opt/erc_ws/install/gz_ros2_control/lib/libgz_ros2_control-system.so
[15.631s] -- Symlinking: /opt/erc_ws/install/gz_ros2_control/lib/libign_ros2_control-system.so
[15.637s] -- Symlinking: /opt/erc_ws/install/gz_ros2_control/share/gz_ros2_control//gz_hardware_plugins.xml
[15.642s] -- Symlinking: /opt/erc_ws/install/gz_ros2_control/share/gz_ros2_control/environment/gz_ros2_control.dsv
[15.648s] -- Symlinking: /opt/erc_ws/install/gz_ros2_control/share/ament_index/resource_index/package_run_dependencies/gz_ros2_control
[15.654s] -- Symlinking: /opt/erc_ws/install/gz_ros2_control/share/ament_index/resource_index/parent_prefix_path/gz_ros2_control
[15.660s] -- Symlinking: /opt/erc_ws/install/gz_ros2_control/share/gz_ros2_control/environment/ament_prefix_path.sh
[15.665s] -- Symlinking: /opt/erc_ws/install/gz_ros2_control/share/gz_ros2_control/environment/ament_prefix_path.dsv
[15.671s] -- Symlinking: /opt/erc_ws/install/gz_ros2_control/share/gz_ros2_control/environment/path.sh
[15.678s] -- Symlinking: /opt/erc_ws/install/gz_ros2_control/share/gz_ros2_control/environment/path.dsv
[15.684s] -- Symlinking: /opt/erc_ws/install/gz_ros2_control/share/gz_ros2_control/local_setup.bash
[15.690s] -- Symlinking: /opt/erc_ws/install/gz_ros2_control/share/gz_ros2_control/local_setup.sh
[15.695s] -- Symlinking: /opt/erc_ws/install/gz_ros2_control/share/gz_ros2_control/local_setup.zsh
[15.701s] -- Symlinking: /opt/erc_ws/install/gz_ros2_control/share/gz_ros2_control/local_setup.dsv
[15.708s] -- Symlinking: /opt/erc_ws/install/gz_ros2_control/share/gz_ros2_control/package.dsv
[15.718s] -- Symlinking: /opt/erc_ws/install/gz_ros2_control/share/ament_index/resource_index/packages/gz_ros2_control
[15.726s] -- Symlinking: /opt/erc_ws/install/gz_ros2_control/share/ament_index/resource_index/gz_ros2_control__pluginlib__plugin/gz_ros2_control
[15.733s] -- Symlinking: /opt/erc_ws/install/gz_ros2_control/share/gz_ros2_control/cmake/ament_cmake_export_include_directories-extras.cmake
[15.739s] -- Symlinking: /opt/erc_ws/install/gz_ros2_control/share/gz_ros2_control/cmake/ament_cmake_export_libraries-extras.cmake
[15.746s] -- Symlinking: /opt/erc_ws/install/gz_ros2_control/share/gz_ros2_control/cmake/gz_ros2_controlConfig.cmake
[15.752s] -- Symlinking: /opt/erc_ws/install/gz_ros2_control/share/gz_ros2_control/cmake/gz_ros2_controlConfig-version.cmake
[15.758s] -- Symlinking: /opt/erc_ws/install/gz_ros2_control/share/gz_ros2_control/package.xml
[15.766s] Invoked command in '/opt/erc_ws/build/gz_ros2_control' returned '0': CMAKE_PREFIX_PATH=${CMAKE_PREFIX_PATH}:/opt/erc_ws/install/sensors:/opt/erc_ws/install/pal_pro_gripper_wrapper:/opt/erc_ws/install/launch_pal:/opt/erc_ws/install/erc_solution:/opt/ros/humble /usr/bin/cmake --install /opt/erc_ws/build/gz_ros2_control
