-- The C compiler identification is GNU 11.4.0
-- The CXX compiler identification is GNU 11.4.0
-- Detecting C compiler ABI info
-- Detecting C compiler ABI info - done
-- Check for working C compiler: /usr/bin/cc - skipped
-- Detecting C compile features
-- Detecting C compile features - done
-- Detecting CXX compiler ABI info
-- Detecting CXX compiler ABI info - done
-- Check for working CXX compiler: /usr/bin/c++ - skipped
-- Detecting CXX compile features
-- Detecting CXX compile features - done
-- Found ament_cmake: 1.3.14 (/opt/ros/humble/share/ament_cmake/cmake)
-- Found Python3: /usr/bin/python3 (found version "3.10.12") found components: Interpreter 
-- Configuring done
-- Generating done
-- Build files have been written to: /opt/erc_ws/build/tiago_pro_robot
-- Install configuration: ""
-- Installing: /opt/erc_ws/install/tiago_pro_robot/share/ament_index/resource_index/package_run_dependencies/tiago_pro_robot
-- Installing: /opt/erc_ws/install/tiago_pro_robot/share/ament_index/resource_index/parent_prefix_path/tiago_pro_robot
-- Installing: /opt/erc_ws/install/tiago_pro_robot/share/tiago_pro_robot/environment/ament_prefix_path.sh
-- Installing: /opt/erc_ws/install/tiago_pro_robot/share/tiago_pro_robot/environment/ament_prefix_path.dsv
-- Installing: /opt/erc_ws/install/tiago_pro_robot/share/tiago_pro_robot/environment/path.sh
-- Installing: /opt/erc_ws/install/tiago_pro_robot/share/tiago_pro_robot/environment/path.dsv
-- Installing: /opt/erc_ws/install/tiago_pro_robot/share/tiago_pro_robot/local_setup.bash
-- Installing: /opt/erc_ws/install/tiago_pro_robot/share/tiago_pro_robot/local_setup.sh
-- Installing: /opt/erc_ws/install/tiago_pro_robot/share/tiago_pro_robot/local_setup.zsh
-- Installing: /opt/erc_ws/install/tiago_pro_robot/share/tiago_pro_robot/local_setup.dsv
-- Installing: /opt/erc_ws/install/tiago_pro_robot/share/tiago_pro_robot/package.dsv
-- Installing: /opt/erc_ws/install/tiago_pro_robot/share/ament_index/resource_index/packages/tiago_pro_robot
-- Installing: /opt/erc_ws/install/tiago_pro_robot/share/tiago_pro_robot/cmake/tiago_pro_robotConfig.cmake
-- Installing: /opt/erc_ws/install/tiago_pro_robot/share/tiago_pro_robot/cmake/tiago_pro_robotConfig-version.cmake
-- Installing: /opt/erc_ws/install/tiago_pro_robot/share/tiago_pro_robot/package.xml
