[0.021s] Invoking command in '/opt/erc_ws/build/pal_sea_arm_bringup': AMENT_PREFIX_PATH=/opt/erc_ws/install/pal_sea_arm_description:/opt/erc_ws/install/pal_sea_arm_controller_configuration:/opt/erc_ws/install/pal_pro_gripper_description:/opt/erc_ws/install/pal_pro_gripper_controller_configuration:/opt/erc_ws/install/pal_urdf_utils:/opt/erc_ws/install/pal_pro_gripper_wrapper:/opt/erc_ws/install/launch_pal:${AMENT_PREFIX_PATH} CMAKE_PREFIX_PATH=/opt/erc_ws/install/pal_sea_arm_description:/opt/erc_ws/install/pal_sea_arm_controller_configuration:/opt/erc_ws/install/pal_pro_gripper_description:/opt/erc_ws/install/pal_pro_gripper_controller_configuration:/opt/erc_ws/install/pal_urdf_utils:/opt/erc_ws/install/erc_solution:/opt/ros/humble PYTHONPATH=/opt/erc_ws/install/pal_sea_arm_description/local/lib/python3.10/dist-packages:/opt/erc_ws/install/pal_pro_gripper_description/local/lib/python3.10/dist-packages:/opt/erc_ws/install/pal_pro_gripper_wrapper/lib/python3.10/site-packages:/opt/erc_ws/install/launch_pal/lib/python3.10/site-packages:${PYTHONPATH} /usr/bin/cmake /opt/erc_ws/src/pal_sea_arm/pal_sea_arm_bringup -DCMAKE_INSTALL_PREFIX=/opt/erc_ws/install/pal_sea_arm_bringup
[0.073s] -- The C compiler identification is GNU 11.4.0
[0.127s] -- The CXX compiler identification is GNU 11.4.0
[0.135s] -- Detecting C compiler ABI info
[0.200s] -- Detecting C compiler ABI info - done
[0.205s] -- Check for working C compiler: /usr/bin/cc - skipped
[0.206s] -- Detecting C compile features
[0.206s] -- Detecting C compile features - done
[0.208s] -- Detecting CXX compiler ABI info
[0.274s] -- Detecting CXX compiler ABI info - done
[0.279s] -- Check for working CXX compiler: /usr/bin/c++ - skipped
[0.279s] -- Detecting CXX compile features
[0.279s] -- Detecting CXX compile features - done
[0.284s] -- Found ament_cmake_auto: 1.3.14 (/opt/ros/humble/share/ament_cmake_auto/cmake)
[0.427s] -- Found Python3: /usr/bin/python3 (found version "3.10.12") found components: Interpreter 
[0.596s] -- Found ament_lint_auto: 0.12.15 (/opt/ros/humble/share/ament_lint_auto/cmake)
[0.617s] -- Added test 'copyright' to check source files copyright and LICENSE
[0.619s] -- Added test 'flake8' to check Python code syntax and style conventions
[0.620s] -- Added test 'lint_cmake' to check CMake code style
[0.621s] -- Added test 'pep257' to check Python code against some of the docstring style conventions in PEP 257
[0.622s] -- Added test 'xmllint' to check XML markup files
[0.623s] -- Configuring done
[0.627s] -- Generating done
[0.629s] -- Build files have been written to: /opt/erc_ws/build/pal_sea_arm_bringup
[0.633s] Invoked command in '/opt/erc_ws/build/pal_sea_arm_bringup' returned '0': AMENT_PREFIX_PATH=/opt/erc_ws/install/pal_sea_arm_description:/opt/erc_ws/install/pal_sea_arm_controller_configuration:/opt/erc_ws/install/pal_pro_gripper_description:/opt/erc_ws/install/pal_pro_gripper_controller_configuration:/opt/erc_ws/install/pal_urdf_utils:/opt/erc_ws/install/pal_pro_gripper_wrapper:/opt/erc_ws/install/launch_pal:${AMENT_PREFIX_PATH} CMAKE_PREFIX_PATH=/opt/erc_ws/install/pal_sea_arm_description:/opt/erc_ws/install/pal_sea_arm_controller_configuration:/opt/erc_ws/install/pal_pro_gripper_description:/opt/erc_ws/install/pal_pro_gripper_controller_configuration:/opt/erc_ws/install/pal_urdf_utils:/opt/erc_ws/install/erc_solution:/opt/ros/humble PYTHONPATH=/opt/erc_ws/install/pal_sea_arm_description/local/lib/python3.10/dist-packages:/opt/erc_ws/install/pal_pro_gripper_description/local/lib/python3.10/dist-packages:/opt/erc_ws/install/pal_pro_gripper_wrapper/lib/python3.10/site-packages:/opt/erc_ws/install/launch_pal/lib/python3.10/site-packages:${PYTHONPATH} /usr/bin/cmake /opt/erc_ws/src/pal_sea_arm/pal_sea_arm_bringup -DCMAKE_INSTALL_PREFIX=/opt/erc_ws/install/pal_sea_arm_bringup
[0.634s] Invoking command in '/opt/erc_ws/build/pal_sea_arm_bringup': AMENT_PREFIX_PATH=/opt/erc_ws/install/pal_sea_arm_description:/opt/erc_ws/install/pal_sea_arm_controller_configuration:/opt/erc_ws/install/pal_pro_gripper_description:/opt/erc_ws/install/pal_pro_gripper_controller_configuration:/opt/erc_ws/install/pal_urdf_utils:/opt/erc_ws/install/pal_pro_gripper_wrapper:/opt/erc_ws/install/launch_pal:${AMENT_PREFIX_PATH} CMAKE_PREFIX_PATH=/opt/erc_ws/install/pal_sea_arm_description:/opt/erc_ws/install/pal_sea_arm_controller_configuration:/opt/erc_ws/install/pal_pro_gripper_description:/opt/erc_ws/install/pal_pro_gripper_controller_configuration:/opt/erc_ws/install/pal_urdf_utils:/opt/erc_ws/install/erc_solution:/opt/ros/humble PYTHONPATH=/opt/erc_ws/install/pal_sea_arm_description/local/lib/python3.10/dist-packages:/opt/erc_ws/install/pal_pro_gripper_description/local/lib/python3.10/dist-packages:/opt/erc_ws/install/pal_pro_gripper_wrapper/lib/python3.10/site-packages:/opt/erc_ws/install/launch_pal/lib/python3.10/site-packages:${PYTHONPATH} /usr/bin/cmake --build /opt/erc_ws/build/pal_sea_arm_bringup -- -j16 -l16
[0.666s] Invoked command in '/opt/erc_ws/build/pal_sea_arm_bringup' returned '0': AMENT_PREFIX_PATH=/opt/erc_ws/install/pal_sea_arm_description:/opt/erc_ws/install/pal_sea_arm_controller_configuration:/opt/erc_ws/install/pal_pro_gripper_description:/opt/erc_ws/install/pal_pro_gripper_controller_configuration:/opt/erc_ws/install/pal_urdf_utils:/opt/erc_ws/install/pal_pro_gripper_wrapper:/opt/erc_ws/install/launch_pal:${AMENT_PREFIX_PATH} CMAKE_PREFIX_PATH=/opt/erc_ws/install/pal_sea_arm_description:/opt/erc_ws/install/pal_sea_arm_controller_configuration:/opt/erc_ws/install/pal_pro_gripper_description:/opt/erc_ws/install/pal_pro_gripper_controller_configuration:/opt/erc_ws/install/pal_urdf_utils:/opt/erc_ws/install/erc_solution:/opt/ros/humble PYTHONPATH=/opt/erc_ws/install/pal_sea_arm_description/local/lib/python3.10/dist-packages:/opt/erc_ws/install/pal_pro_gripper_description/local/lib/python3.10/dist-packages:/opt/erc_ws/install/pal_pro_gripper_wrapper/lib/python3.10/site-packages:/opt/erc_ws/install/launch_pal/lib/python3.10/site-packages:${PYTHONPATH} /usr/bin/cmake --build /opt/erc_ws/build/pal_sea_arm_bringup -- -j16 -l16
[0.666s] Invoking command in '/opt/erc_ws/build/pal_sea_arm_bringup': AMENT_PREFIX_PATH=/opt/erc_ws/install/pal_sea_arm_description:/opt/erc_ws/install/pal_sea_arm_controller_configuration:/opt/erc_ws/install/pal_pro_gripper_description:/opt/erc_ws/install/pal_pro_gripper_controller_configuration:/opt/erc_ws/install/pal_urdf_utils:/opt/erc_ws/install/pal_pro_gripper_wrapper:/opt/erc_ws/install/launch_pal:${AMENT_PREFIX_PATH} CMAKE_PREFIX_PATH=/opt/erc_ws/install/pal_sea_arm_description:/opt/erc_ws/install/pal_sea_arm_controller_configuration:/opt/erc_ws/install/pal_pro_gripper_description:/opt/erc_ws/install/pal_pro_gripper_controller_configuration:/opt/erc_ws/install/pal_urdf_utils:/opt/erc_ws/install/erc_solution:/opt/ros/humble PYTHONPATH=/opt/erc_ws/install/pal_sea_arm_description/local/lib/python3.10/dist-packages:/opt/erc_ws/install/pal_pro_gripper_description/local/lib/python3.10/dist-packages:/opt/erc_ws/install/pal_pro_gripper_wrapper/lib/python3.10/site-packages:/opt/erc_ws/install/launch_pal/lib/python3.10/site-packages:${PYTHONPATH} /usr/bin/cmake --install /opt/erc_ws/build/pal_sea_arm_bringup
[0.669s] -- Install configuration: ""
[0.670s] -- Installing: /opt/erc_ws/install/pal_sea_arm_bringup/lib/pal_sea_arm_bringup/regen_em_file.py
[0.671s] -- Installing: /opt/erc_ws/install/pal_sea_arm_bringup/lib/pal_sea_arm_bringup/calibrate_ft_sensor.sh
[0.672s] -- Installing: /opt/erc_ws/install/pal_sea_arm_bringup/share/pal_sea_arm_bringup/config
[0.672s] -- Installing: /opt/erc_ws/install/pal_sea_arm_bringup/share/pal_sea_arm_bringup/config/motions
[0.672s] -- Installing: /opt/erc_ws/install/pal_sea_arm_bringup/share/pal_sea_arm_bringup/config/motions/arm_standalone_motions.yaml
[0.673s] -- Installing: /opt/erc_ws/install/pal_sea_arm_bringup/share/pal_sea_arm_bringup/config/motion_planner
[0.673s] -- Installing: /opt/erc_ws/install/pal_sea_arm_bringup/share/pal_sea_arm_bringup/config/motion_planner/motion_planner.yaml
[0.674s] -- Installing: /opt/erc_ws/install/pal_sea_arm_bringup/share/pal_sea_arm_bringup/launch
[0.674s] -- Installing: /opt/erc_ws/install/pal_sea_arm_bringup/share/pal_sea_arm_bringup/launch/pal_sea_arm_bringup.launch.py
[0.674s] -- Installing: /opt/erc_ws/install/pal_sea_arm_bringup/share/pal_sea_arm_bringup/launch/arm_standalone_play_motion2.launch.py
[0.675s] -- Installing: /opt/erc_ws/install/pal_sea_arm_bringup/share/ament_index/resource_index/package_run_dependencies/pal_sea_arm_bringup
[0.675s] -- Installing: /opt/erc_ws/install/pal_sea_arm_bringup/share/ament_index/resource_index/parent_prefix_path/pal_sea_arm_bringup
[0.675s] -- Installing: /opt/erc_ws/install/pal_sea_arm_bringup/share/pal_sea_arm_bringup/environment/ament_prefix_path.sh
[0.676s] -- Installing: /opt/erc_ws/install/pal_sea_arm_bringup/share/pal_sea_arm_bringup/environment/ament_prefix_path.dsv
[0.676s] -- Installing: /opt/erc_ws/install/pal_sea_arm_bringup/share/pal_sea_arm_bringup/environment/path.sh
[0.676s] -- Installing: /opt/erc_ws/install/pal_sea_arm_bringup/share/pal_sea_arm_bringup/environment/path.dsv
[0.676s] -- Installing: /opt/erc_ws/install/pal_sea_arm_bringup/share/pal_sea_arm_bringup/local_setup.bash
[0.676s] -- Installing: /opt/erc_ws/install/pal_sea_arm_bringup/share/pal_sea_arm_bringup/local_setup.sh
[0.676s] -- Installing: /opt/erc_ws/install/pal_sea_arm_bringup/share/pal_sea_arm_bringup/local_setup.zsh
[0.677s] -- Installing: /opt/erc_ws/install/pal_sea_arm_bringup/share/pal_sea_arm_bringup/local_setup.dsv
[0.677s] -- Installing: /opt/erc_ws/install/pal_sea_arm_bringup/share/pal_sea_arm_bringup/package.dsv
[0.678s] -- Installing: /opt/erc_ws/install/pal_sea_arm_bringup/share/ament_index/resource_index/packages/pal_sea_arm_bringup
[0.678s] -- Installing: /opt/erc_ws/install/pal_sea_arm_bringup/share/pal_sea_arm_bringup/cmake/pal_sea_arm_bringupConfig.cmake
[0.678s] -- Installing: /opt/erc_ws/install/pal_sea_arm_bringup/share/pal_sea_arm_bringup/cmake/pal_sea_arm_bringupConfig-version.cmake
[0.678s] -- Installing: /opt/erc_ws/install/pal_sea_arm_bringup/share/pal_sea_arm_bringup/package.xml
[0.680s] Invoked command in '/opt/erc_ws/build/pal_sea_arm_bringup' returned '0': AMENT_PREFIX_PATH=/opt/erc_ws/install/pal_sea_arm_description:/opt/erc_ws/install/pal_sea_arm_controller_configuration:/opt/erc_ws/install/pal_pro_gripper_description:/opt/erc_ws/install/pal_pro_gripper_controller_configuration:/opt/erc_ws/install/pal_urdf_utils:/opt/erc_ws/install/pal_pro_gripper_wrapper:/opt/erc_ws/install/launch_pal:${AMENT_PREFIX_PATH} CMAKE_PREFIX_PATH=/opt/erc_ws/install/pal_sea_arm_description:/opt/erc_ws/install/pal_sea_arm_controller_configuration:/opt/erc_ws/install/pal_pro_gripper_description:/opt/erc_ws/install/pal_pro_gripper_controller_configuration:/opt/erc_ws/install/pal_urdf_utils:/opt/erc_ws/install/erc_solution:/opt/ros/humble PYTHONPATH=/opt/erc_ws/install/pal_sea_arm_description/local/lib/python3.10/dist-packages:/opt/erc_ws/install/pal_pro_gripper_description/local/lib/python3.10/dist-packages:/opt/erc_ws/install/pal_pro_gripper_wrapper/lib/python3.10/site-packages:/opt/erc_ws/install/launch_pal/lib/python3.10/site-packages:${PYTHONPATH} /usr/bin/cmake --install /opt/erc_ws/build/pal_sea_arm_bringup
