[1.373s] Invoking command in '/opt/erc_ws/build/pal_pro_gripper_wrapper': PYTHONPATH=/opt/erc_ws/build/pal_pro_gripper_wrapper/prefix_override:/usr/lib/python3/dist-packages/colcon_core/task/python/colcon_distutils_commands:/opt/erc_ws/install/pal_pro_gripper_wrapper/lib/python3.10/site-packages:${PYTHONPATH} /usr/bin/python3 -W ignore:setup.py install is deprecated -W ignore:easy_install command is deprecated setup.py develop --editable --build-directory /opt/erc_ws/build/pal_pro_gripper_wrapper/build --no-deps symlink_data
[1.577s] running develop
[1.690s] running egg_info
[1.691s] creating pal_pro_gripper_wrapper.egg-info
[1.691s] writing pal_pro_gripper_wrapper.egg-info/PKG-INFO
[1.691s] writing dependency_links to pal_pro_gripper_wrapper.egg-info/dependency_links.txt
[1.691s] writing entry points to pal_pro_gripper_wrapper.egg-info/entry_points.txt
[1.691s] writing requirements to pal_pro_gripper_wrapper.egg-info/requires.txt
[1.692s] writing top-level names to pal_pro_gripper_wrapper.egg-info/top_level.txt
[1.692s] writing manifest file 'pal_pro_gripper_wrapper.egg-info/SOURCES.txt'
[1.694s] reading manifest file 'pal_pro_gripper_wrapper.egg-info/SOURCES.txt'
[1.694s] writing manifest file 'pal_pro_gripper_wrapper.egg-info/SOURCES.txt'
[1.695s] running build_ext
[1.696s] Creating /opt/erc_ws/install/pal_pro_gripper_wrapper/lib/python3.10/site-packages/pal-pro-gripper-wrapper.egg-link (link to .)
[1.697s] Installing gripper_grasper_srv script to /opt/erc_ws/install/pal_pro_gripper_wrapper/lib/pal_pro_gripper_wrapper
[1.697s] 
[1.697s] Installed /opt/erc_ws/build/pal_pro_gripper_wrapper
[1.698s] running symlink_data
[1.698s] creating /opt/erc_ws/install/pal_pro_gripper_wrapper/share/ament_index
[1.698s] creating /opt/erc_ws/install/pal_pro_gripper_wrapper/share/ament_index/resource_index
[1.698s] creating /opt/erc_ws/install/pal_pro_gripper_wrapper/share/ament_index/resource_index/packages
[1.698s] symbolically linking /opt/erc_ws/build/pal_pro_gripper_wrapper/resource/pal_pro_gripper_wrapper -> /opt/erc_ws/install/pal_pro_gripper_wrapper/share/ament_index/resource_index/packages
[1.699s] symbolically linking /opt/erc_ws/build/pal_pro_gripper_wrapper/package.xml -> /opt/erc_ws/install/pal_pro_gripper_wrapper/share/pal_pro_gripper_wrapper
[1.699s] creating /opt/erc_ws/install/pal_pro_gripper_wrapper/share/pal_pro_gripper_wrapper/config
[1.699s] symbolically linking /opt/erc_ws/build/pal_pro_gripper_wrapper/config/gripper.yaml -> /opt/erc_ws/install/pal_pro_gripper_wrapper/share/pal_pro_gripper_wrapper/config
[1.699s] creating /opt/erc_ws/install/pal_pro_gripper_wrapper/share/pal_pro_gripper_wrapper/launch
[1.700s] symbolically linking /opt/erc_ws/build/pal_pro_gripper_wrapper/launch/pal_pro_gripper_wrapper.launch.py -> /opt/erc_ws/install/pal_pro_gripper_wrapper/share/pal_pro_gripper_wrapper/launch
[1.784s] Invoked command in '/opt/erc_ws/build/pal_pro_gripper_wrapper' returned '0': PYTHONPATH=/opt/erc_ws/build/pal_pro_gripper_wrapper/prefix_override:/usr/lib/python3/dist-packages/colcon_core/task/python/colcon_distutils_commands:/opt/erc_ws/install/pal_pro_gripper_wrapper/lib/python3.10/site-packages:${PYTHONPATH} /usr/bin/python3 -W ignore:setup.py install is deprecated -W ignore:easy_install command is deprecated setup.py develop --editable --build-directory /opt/erc_ws/build/pal_pro_gripper_wrapper/build --no-deps symlink_data
