[0.024s] Invoking command in '/opt/erc_ws/build/pal_pro_gripper_description': CMAKE_PREFIX_PATH=/opt/erc_ws/install/pal_urdf_utils:/opt/erc_ws/install/tiago_pro_robot:/opt/erc_ws/install/tiago_pro_head_robot:/opt/erc_ws/install/tiago_pro_bringup:/opt/erc_ws/install/tiago_pro_head_bringup:/opt/erc_ws/install/erc_bringup:/opt/erc_ws/install/tiago_pro_description:/opt/erc_ws/install/tiago_pro_head_description:/opt/erc_ws/install/tiago_pro_controller_configuration:/opt/erc_ws/install/tiago_pro_head_controller_configuration:/opt/erc_ws/install/pal_sea_arm:/opt/erc_ws/install/pal_sea_arm_bringup:/opt/erc_ws/install/pal_sea_arm_description:/opt/erc_ws/install/pal_pro_gripper_simulation:/opt/erc_ws/install/pal_pro_gripper_bringup:/opt/erc_ws/install/pal_pro_gripper:/opt/erc_ws/install/pal_pro_gripper_description:/opt/erc_ws/install/pal_gripper_simulation:/opt/erc_ws/install/pal_gripper:/opt/erc_ws/install/pal_gripper_description:/opt/erc_ws/install/omni_base_robot:/opt/erc_ws/install/omni_base_bringup:/opt/erc_ws/install/omni_base_description:/opt/erc_ws/install/pal_sea_arm_controller_configuration:/opt/erc_ws/install/pal_pro_gripper_controller_configuration:/opt/erc_ws/install/pal_gripper_controller_configuration:/opt/erc_ws/install/omni_base_controller_configuration:/opt/erc_ws/install/gz_ros2_control:/opt/erc_ws/install/erc_description:/opt/erc_ws/install/sensors:/opt/erc_ws/install/pal_pro_gripper_wrapper:/opt/erc_ws/install/launch_pal:/opt/erc_ws/install/erc_solution:/opt/ros/humble /usr/bin/cmake --build /opt/erc_ws/build/pal_pro_gripper_description -- -j16 -l16
[0.156s] Built target ament_cmake_python_symlink_pal_pro_gripper_description
[0.535s] running egg_info
[0.536s] writing pal_pro_gripper_description.egg-info/PKG-INFO
[0.537s] writing dependency_links to pal_pro_gripper_description.egg-info/dependency_links.txt
[0.538s] writing top-level names to pal_pro_gripper_description.egg-info/top_level.txt
[0.540s] reading manifest file 'pal_pro_gripper_description.egg-info/SOURCES.txt'
[0.541s] writing manifest file 'pal_pro_gripper_description.egg-info/SOURCES.txt'
[0.578s] Built target ament_cmake_python_build_pal_pro_gripper_description_egg
[0.621s] Invoked command in '/opt/erc_ws/build/pal_pro_gripper_description' returned '0': CMAKE_PREFIX_PATH=/opt/erc_ws/install/pal_urdf_utils:/opt/erc_ws/install/tiago_pro_robot:/opt/erc_ws/install/tiago_pro_head_robot:/opt/erc_ws/install/tiago_pro_bringup:/opt/erc_ws/install/tiago_pro_head_bringup:/opt/erc_ws/install/erc_bringup:/opt/erc_ws/install/tiago_pro_description:/opt/erc_ws/install/tiago_pro_head_description:/opt/erc_ws/install/tiago_pro_controller_configuration:/opt/erc_ws/install/tiago_pro_head_controller_configuration:/opt/erc_ws/install/pal_sea_arm:/opt/erc_ws/install/pal_sea_arm_bringup:/opt/erc_ws/install/pal_sea_arm_description:/opt/erc_ws/install/pal_pro_gripper_simulation:/opt/erc_ws/install/pal_pro_gripper_bringup:/opt/erc_ws/install/pal_pro_gripper:/opt/erc_ws/install/pal_pro_gripper_description:/opt/erc_ws/install/pal_gripper_simulation:/opt/erc_ws/install/pal_gripper:/opt/erc_ws/install/pal_gripper_description:/opt/erc_ws/install/omni_base_robot:/opt/erc_ws/install/omni_base_bringup:/opt/erc_ws/install/omni_base_description:/opt/erc_ws/install/pal_sea_arm_controller_configuration:/opt/erc_ws/install/pal_pro_gripper_controller_configuration:/opt/erc_ws/install/pal_gripper_controller_configuration:/opt/erc_ws/install/omni_base_controller_configuration:/opt/erc_ws/install/gz_ros2_control:/opt/erc_ws/install/erc_description:/opt/erc_ws/install/sensors:/opt/erc_ws/install/pal_pro_gripper_wrapper:/opt/erc_ws/install/launch_pal:/opt/erc_ws/install/erc_solution:/opt/ros/humble /usr/bin/cmake --build /opt/erc_ws/build/pal_pro_gripper_description -- -j16 -l16
[0.625s] Invoking command in '/opt/erc_ws/build/pal_pro_gripper_description': CMAKE_PREFIX_PATH=/opt/erc_ws/install/pal_urdf_utils:/opt/erc_ws/install/tiago_pro_robot:/opt/erc_ws/install/tiago_pro_head_robot:/opt/erc_ws/install/tiago_pro_bringup:/opt/erc_ws/install/tiago_pro_head_bringup:/opt/erc_ws/install/erc_bringup:/opt/erc_ws/install/tiago_pro_description:/opt/erc_ws/install/tiago_pro_head_description:/opt/erc_ws/install/tiago_pro_controller_configuration:/opt/erc_ws/install/tiago_pro_head_controller_configuration:/opt/erc_ws/install/pal_sea_arm:/opt/erc_ws/install/pal_sea_arm_bringup:/opt/erc_ws/install/pal_sea_arm_description:/opt/erc_ws/install/pal_pro_gripper_simulation:/opt/erc_ws/install/pal_pro_gripper_bringup:/opt/erc_ws/install/pal_pro_gripper:/opt/erc_ws/install/pal_pro_gripper_description:/opt/erc_ws/install/pal_gripper_simulation:/opt/erc_ws/install/pal_gripper:/opt/erc_ws/install/pal_gripper_description:/opt/erc_ws/install/omni_base_robot:/opt/erc_ws/install/omni_base_bringup:/opt/erc_ws/install/omni_base_description:/opt/erc_ws/install/pal_sea_arm_controller_configuration:/opt/erc_ws/install/pal_pro_gripper_controller_configuration:/opt/erc_ws/install/pal_gripper_controller_configuration:/opt/erc_ws/install/omni_base_controller_configuration:/opt/erc_ws/install/gz_ros2_control:/opt/erc_ws/install/erc_description:/opt/erc_ws/install/sensors:/opt/erc_ws/install/pal_pro_gripper_wrapper:/opt/erc_ws/install/launch_pal:/opt/erc_ws/install/erc_solution:/opt/ros/humble /usr/bin/cmake --install /opt/erc_ws/build/pal_pro_gripper_description
[0.636s] -- Install configuration: ""
[0.637s] -- Execute custom install script
[0.639s] -- Up-to-date symlink: /opt/erc_ws/install/pal_pro_gripper_description/share/pal_pro_gripper_description/environment/pythonpath.sh
[0.639s] -- Up-to-date symlink: /opt/erc_ws/install/pal_pro_gripper_description/share/pal_pro_gripper_description/environment/pythonpath.dsv
[0.639s] -- Up-to-date symlink: /opt/erc_ws/install/pal_pro_gripper_description/local/lib/python3.10/dist-packages/pal_pro_gripper_description-1.12.5-py3.10.egg-info/PKG-INFO
[0.640s] -- Up-to-date symlink: /opt/erc_ws/install/pal_pro_gripper_description/local/lib/python3.10/dist-packages/pal_pro_gripper_description-1.12.5-py3.10.egg-info/SOURCES.txt
[0.643s] -- Up-to-date symlink: /opt/erc_ws/install/pal_pro_gripper_description/local/lib/python3.10/dist-packages/pal_pro_gripper_description-1.12.5-py3.10.egg-info/dependency_links.txt
[0.643s] -- Up-to-date symlink: /opt/erc_ws/install/pal_pro_gripper_description/local/lib/python3.10/dist-packages/pal_pro_gripper_description-1.12.5-py3.10.egg-info/top_level.txt
[0.643s] -- Up-to-date symlink: /opt/erc_ws/install/pal_pro_gripper_description/local/lib/python3.10/dist-packages/pal_pro_gripper_description/__init__.py
[0.643s] -- Up-to-date symlink: /opt/erc_ws/install/pal_pro_gripper_description/local/lib/python3.10/dist-packages/pal_pro_gripper_description/launch_arguments.py
[0.643s] -- Up-to-date symlink: /opt/erc_ws/install/pal_pro_gripper_description/share/pal_pro_gripper_description/config/pal_pro_gripper_configuration.yaml
[0.643s] -- Up-to-date symlink: /opt/erc_ws/install/pal_pro_gripper_description/share/pal_pro_gripper_description/config/show.rviz
[0.643s] -- Up-to-date symlink: /opt/erc_ws/install/pal_pro_gripper_description/share/pal_pro_gripper_description/robots/pal_pro_gripper.urdf.xacro
[0.643s] -- Up-to-date symlink: /opt/erc_ws/install/pal_pro_gripper_description/share/pal_pro_gripper_description/launch/robot_state_publisher.launch.py
[0.645s] -- Up-to-date symlink: /opt/erc_ws/install/pal_pro_gripper_description/share/pal_pro_gripper_description/launch/show.launch.py
[0.646s] -- Up-to-date symlink: /opt/erc_ws/install/pal_pro_gripper_description/share/pal_pro_gripper_description/mujoco/mj_tags.xacro
[0.646s] -- Up-to-date symlink: /opt/erc_ws/install/pal_pro_gripper_description/share/pal_pro_gripper_description/meshes/base_link_ntc.stl
[0.646s] -- Up-to-date symlink: /opt/erc_ws/install/pal_pro_gripper_description/share/pal_pro_gripper_description/meshes/base_link_tc.stl
[0.646s] -- Up-to-date symlink: /opt/erc_ws/install/pal_pro_gripper_description/share/pal_pro_gripper_description/meshes/fingertip.stl
[0.646s] -- Up-to-date symlink: /opt/erc_ws/install/pal_pro_gripper_description/share/pal_pro_gripper_description/meshes/inner_finger.stl
[0.646s] -- Up-to-date symlink: /opt/erc_ws/install/pal_pro_gripper_description/share/pal_pro_gripper_description/meshes/outer_finger.stl
[0.646s] -- Up-to-date symlink: /opt/erc_ws/install/pal_pro_gripper_description/share/pal_pro_gripper_description/meshes/screw.stl
[0.646s] -- Up-to-date symlink: /opt/erc_ws/install/pal_pro_gripper_description/share/pal_pro_gripper_description/urdf/gripper.properties.xacro
[0.647s] -- Up-to-date symlink: /opt/erc_ws/install/pal_pro_gripper_description/share/pal_pro_gripper_description/urdf/gripper.ros2_control.xacro
[0.647s] -- Up-to-date symlink: /opt/erc_ws/install/pal_pro_gripper_description/share/pal_pro_gripper_description/urdf/gripper.transmission.xacro
[0.647s] -- Up-to-date symlink: /opt/erc_ws/install/pal_pro_gripper_description/share/pal_pro_gripper_description/urdf/gripper.urdf.xacro
[0.648s] -- Up-to-date symlink: /opt/erc_ws/install/pal_pro_gripper_description/share/pal_pro_gripper_description/ros2_control/gazebo_controller_manager_cfg.yaml
[0.648s] -- Up-to-date symlink: /opt/erc_ws/install/pal_pro_gripper_description/share/pal_pro_gripper_description/ros2_control/ros2_control.urdf.xacro
[0.650s] -- Up-to-date symlink: /opt/erc_ws/install/pal_pro_gripper_description/share/ament_index/resource_index/package_run_dependencies/pal_pro_gripper_description
[0.651s] -- Up-to-date symlink: /opt/erc_ws/install/pal_pro_gripper_description/share/ament_index/resource_index/parent_prefix_path/pal_pro_gripper_description
[0.651s] -- Up-to-date symlink: /opt/erc_ws/install/pal_pro_gripper_description/share/pal_pro_gripper_description/environment/ament_prefix_path.sh
[0.651s] -- Up-to-date symlink: /opt/erc_ws/install/pal_pro_gripper_description/share/pal_pro_gripper_description/environment/ament_prefix_path.dsv
[0.651s] -- Up-to-date symlink: /opt/erc_ws/install/pal_pro_gripper_description/share/pal_pro_gripper_description/environment/path.sh
[0.651s] -- Up-to-date symlink: /opt/erc_ws/install/pal_pro_gripper_description/share/pal_pro_gripper_description/environment/path.dsv
[0.651s] -- Up-to-date symlink: /opt/erc_ws/install/pal_pro_gripper_description/share/pal_pro_gripper_description/local_setup.bash
[0.651s] -- Up-to-date symlink: /opt/erc_ws/install/pal_pro_gripper_description/share/pal_pro_gripper_description/local_setup.sh
[0.651s] -- Up-to-date symlink: /opt/erc_ws/install/pal_pro_gripper_description/share/pal_pro_gripper_description/local_setup.zsh
[0.653s] -- Up-to-date symlink: /opt/erc_ws/install/pal_pro_gripper_description/share/pal_pro_gripper_description/local_setup.dsv
[0.653s] -- Symlinking: /opt/erc_ws/install/pal_pro_gripper_description/share/pal_pro_gripper_description/package.dsv
[0.670s] -- Up-to-date symlink: /opt/erc_ws/install/pal_pro_gripper_description/share/ament_index/resource_index/packages/pal_pro_gripper_description
[0.671s] -- Up-to-date symlink: /opt/erc_ws/install/pal_pro_gripper_description/share/pal_pro_gripper_description/cmake/ament_cmake_export_dependencies-extras.cmake
[0.671s] -- Up-to-date symlink: /opt/erc_ws/install/pal_pro_gripper_description/share/pal_pro_gripper_description/cmake/pal_pro_gripper_descriptionConfig.cmake
[0.671s] -- Up-to-date symlink: /opt/erc_ws/install/pal_pro_gripper_description/share/pal_pro_gripper_description/cmake/pal_pro_gripper_descriptionConfig-version.cmake
[0.676s] -- Up-to-date symlink: /opt/erc_ws/install/pal_pro_gripper_description/share/pal_pro_gripper_description/package.xml
[0.719s] Listing '/opt/erc_ws/install/pal_pro_gripper_description/local/lib/python3.10/dist-packages/pal_pro_gripper_description'...
[0.727s] Invoked command in '/opt/erc_ws/build/pal_pro_gripper_description' returned '0': CMAKE_PREFIX_PATH=/opt/erc_ws/install/pal_urdf_utils:/opt/erc_ws/install/tiago_pro_robot:/opt/erc_ws/install/tiago_pro_head_robot:/opt/erc_ws/install/tiago_pro_bringup:/opt/erc_ws/install/tiago_pro_head_bringup:/opt/erc_ws/install/erc_bringup:/opt/erc_ws/install/tiago_pro_description:/opt/erc_ws/install/tiago_pro_head_description:/opt/erc_ws/install/tiago_pro_controller_configuration:/opt/erc_ws/install/tiago_pro_head_controller_configuration:/opt/erc_ws/install/pal_sea_arm:/opt/erc_ws/install/pal_sea_arm_bringup:/opt/erc_ws/install/pal_sea_arm_description:/opt/erc_ws/install/pal_pro_gripper_simulation:/opt/erc_ws/install/pal_pro_gripper_bringup:/opt/erc_ws/install/pal_pro_gripper:/opt/erc_ws/install/pal_pro_gripper_description:/opt/erc_ws/install/pal_gripper_simulation:/opt/erc_ws/install/pal_gripper:/opt/erc_ws/install/pal_gripper_description:/opt/erc_ws/install/omni_base_robot:/opt/erc_ws/install/omni_base_bringup:/opt/erc_ws/install/omni_base_description:/opt/erc_ws/install/pal_sea_arm_controller_configuration:/opt/erc_ws/install/pal_pro_gripper_controller_configuration:/opt/erc_ws/install/pal_gripper_controller_configuration:/opt/erc_ws/install/omni_base_controller_configuration:/opt/erc_ws/install/gz_ros2_control:/opt/erc_ws/install/erc_description:/opt/erc_ws/install/sensors:/opt/erc_ws/install/pal_pro_gripper_wrapper:/opt/erc_ws/install/launch_pal:/opt/erc_ws/install/erc_solution:/opt/ros/humble /usr/bin/cmake --install /opt/erc_ws/build/pal_pro_gripper_description
