-- The C compiler identification is GNU 11.4.0
-- The CXX compiler identification is GNU 11.4.0
-- Detecting C compiler ABI info
-- Detecting C compiler ABI info - done
-- Check for working C compiler: /usr/bin/cc - skipped
-- Detecting C compile features
-- Detecting C compile features - done
-- Detecting CXX compiler ABI info
-- Detecting CXX compiler ABI info - done
-- Check for working CXX compiler: /usr/bin/c++ - skipped
-- Detecting CXX compile features
-- Detecting CXX compile features - done
-- Found ament_cmake: 1.3.14 (/opt/ros/humble/share/ament_cmake/cmake)
-- Found Python3: /usr/bin/python3 (found version "3.10.12") found components: Interpreter 
-- Override CMake install command with custom implementation using symlinks instead of copying resources
-- Configuring done
-- Generating done
-- Build files have been written to: /opt/erc_ws/build/pal_pro_gripper
-- Install configuration: ""
-- Execute custom install script
-- Symlinking: /opt/erc_ws/install/pal_pro_gripper/share/ament_index/resource_index/package_run_dependencies/pal_pro_gripper
-- Symlinking: /opt/erc_ws/install/pal_pro_gripper/share/ament_index/resource_index/parent_prefix_path/pal_pro_gripper
-- Symlinking: /opt/erc_ws/install/pal_pro_gripper/share/pal_pro_gripper/environment/ament_prefix_path.sh
-- Symlinking: /opt/erc_ws/install/pal_pro_gripper/share/pal_pro_gripper/environment/ament_prefix_path.dsv
-- Symlinking: /opt/erc_ws/install/pal_pro_gripper/share/pal_pro_gripper/environment/path.sh
-- Symlinking: /opt/erc_ws/install/pal_pro_gripper/share/pal_pro_gripper/environment/path.dsv
-- Symlinking: /opt/erc_ws/install/pal_pro_gripper/share/pal_pro_gripper/local_setup.bash
-- Symlinking: /opt/erc_ws/install/pal_pro_gripper/share/pal_pro_gripper/local_setup.sh
-- Symlinking: /opt/erc_ws/install/pal_pro_gripper/share/pal_pro_gripper/local_setup.zsh
-- Symlinking: /opt/erc_ws/install/pal_pro_gripper/share/pal_pro_gripper/local_setup.dsv
-- Symlinking: /opt/erc_ws/install/pal_pro_gripper/share/pal_pro_gripper/package.dsv
-- Symlinking: /opt/erc_ws/install/pal_pro_gripper/share/ament_index/resource_index/packages/pal_pro_gripper
-- Symlinking: /opt/erc_ws/install/pal_pro_gripper/share/pal_pro_gripper/cmake/pal_pro_gripperConfig.cmake
-- Symlinking: /opt/erc_ws/install/pal_pro_gripper/share/pal_pro_gripper/cmake/pal_pro_gripperConfig-version.cmake
-- Symlinking: /opt/erc_ws/install/pal_pro_gripper/share/pal_pro_gripper/package.xml
